******************************************************************************
                  TI ARM Linker Unix v5.1.10                   
******************************************************************************
>> Linked Sun Apr 12 17:58:02 2015

OUTPUT FILE NAME:   <ti_cortex_m4_arm_fft_bin_example.out>
ENTRY POINT SYMBOL: "_c_int00"  address: 00014d59


MEMORY CONFIGURATION

         name            origin    length      used     unused   attr    fill
----------------------  --------  ---------  --------  --------  ----  --------
  FLASH                 00000000   00100000  00015024  000eafdc  R  X
  SRAM                  20000000   00040000  000007d8  0003f828  RW X


SEGMENT ALLOCATION MAP

run origin  load origin   length   init length attrs members
----------  ----------- ---------- ----------- ----- -------
00000000    00000000    00015028   00015028    r-x
  00000000    00000000    00000208   00000208    r-- .intvecs
  00000208    00000208    00013458   00013458    r-- .const
  00013660    00013660    00001954   00001954    r-x .text
  00014fb8    00014fb8    00000070   00000070    r-- .cinit
20000000    20000000    000007dc   00000000    rw-
  20000000    20000000    00000400   00000000    rw- .stack
  20000400    20000400    0000028c   00000000    rw- .bss
  20000690    20000690    0000014c   00000000    rw- .data


SECTION ALLOCATION MAP

 output                                  attributes/
section   page    origin      length       input sections
--------  ----  ----------  ----------   ----------------
.init_array 
*          0    00000000    00000000     UNINITIALIZED

.intvecs   0    00000000    00000208     
                  00000000    00000208     tm4c1294ncpdt_startup_ccs.obj (.intvecs)

.const     0    00000208    00013458     
                  00000208    00004000     dsplib-cm4f.lib : arm_common_tables.obj (.const:twiddleCoef_2048)
                  00004208    00004000                     : arm_common_tables.obj (.const:twiddleCoef_rfft_4096)
                  00008208    00002000                     : arm_common_tables.obj (.const:twiddleCoef_1024)
                  0000a208    00002000                     : arm_common_tables.obj (.const:twiddleCoef_rfft_2048)
                  0000c208    00001dc0                     : arm_common_tables.obj (.const:armBitRevIndexTable2048)
                  0000dfc8    00001000                     : arm_common_tables.obj (.const:twiddleCoef_512)
                  0000efc8    00001000                     : arm_common_tables.obj (.const:twiddleCoef_rfft_1024)
                  0000ffc8    00000e10                     : arm_common_tables.obj (.const:armBitRevIndexTable1024)
                  00010dd8    00000800                     : arm_common_tables.obj (.const:twiddleCoef_256)
                  000115d8    00000800                     : arm_common_tables.obj (.const:twiddleCoef_rfft_512)
                  00011dd8    00000400                     : arm_common_tables.obj (.const:twiddleCoef_128)
                  000121d8    00000400                     : arm_common_tables.obj (.const:twiddleCoef_rfft_256)
                  000125d8    00000380                     : arm_common_tables.obj (.const:armBitRevIndexTable512)
                  00012958    00000370                     : arm_common_tables.obj (.const:armBitRevIndexTable256)
                  00012cc8    00000200                     : arm_common_tables.obj (.const:twiddleCoef_64)
                  00012ec8    00000200                     : arm_common_tables.obj (.const:twiddleCoef_rfft_128)
                  000130c8    000001a0                     : arm_common_tables.obj (.const:armBitRevIndexTable128)
                  00013268    00000100                     : arm_common_tables.obj (.const:twiddleCoef_32)
                  00013368    00000100                     : arm_common_tables.obj (.const:twiddleCoef_rfft_64)
                  00013468    00000080                     : arm_common_tables.obj (.const:twiddleCoef_16)
                  000134e8    00000080                     : arm_common_tables.obj (.const:twiddleCoef_rfft_32)
                  00013568    00000070                     : arm_common_tables.obj (.const:armBitRevIndexTable64)
                  000135d8    00000060                     : arm_common_tables.obj (.const:armBitRevIndexTable32)
                  00013638    00000028                     : arm_common_tables.obj (.const:armBitRevIndexTable16)

.text      0    00013660    00001954     
                  00013660    00000704     dsplib-cm4f.lib : arm_cfft_radix8_f32.obj (.text:arm_radix8_butterfly_f32)
                  00013d64    0000045c                     : arm_cfft_f32.obj (.text:arm_cfft_radix8by4_f32)
                  000141c0    00000186                     : arm_cfft_f32.obj (.text:arm_cfft_radix8by2_f32)
                  00014346    00000002     tm4c1294ncpdt_startup_ccs.obj (.text:FaultISR)
                  00014348    00000138     dsplib-cm4f.lib : arm_cmplx_mag_f32.obj (.text:arm_cmplx_mag_f32)
                  00014480    00000138     arm_fft_bin_example_f32.obj (.text:configureADC)
                  000145b8    000000fc     dsplib-cm4f.lib : arm_rfft_fast_init_f32.obj (.text:arm_rfft_fast_init_f32)
                  000146b4    000000d6                     : arm_cfft_f32.obj (.text:arm_cfft_f32)
                  0001478a    00000002     tm4c1294ncpdt_startup_ccs.obj (.text:IntDefaultHandler)
                  0001478c    000000c0     arm_fft_bin_example_f32.obj (.text:ADC0_SampleHandler)
                  0001484c    000000c0     dsplib-cm4f.lib : arm_bitreversal2.obj (.text)
                  0001490c    000000ae                     : arm_max_f32.obj (.text:arm_max_f32)
                  000149ba    000000a4                     : arm_rfft_fast_f32.obj (.text:stage_rfft_f32)
                  00014a5e    0000009c     rtsv7M4_T_le_v4SPD16_eabi.lib : memcpy_t2.obj (.text)
                  00014afa    0000009a     dsplib-cm4f.lib : arm_rfft_fast_f32.obj (.text:merge_rfft_f32)
                  00014b94    00000094     rtsv7M4_T_le_v4SPD16_eabi.lib : auto_init.obj (.text)
                  00014c28    00000088     arm_fft_bin_example_f32.obj (.text:runFFT)
                  00014cb0    0000005e     rtsv7M4_T_le_v4SPD16_eabi.lib : copy_decompress_rle.obj (.text)
                  00014d0e    00000002     tm4c1294ncpdt_startup_ccs.obj (.text:NmiSR)
                  00014d10    00000048     arm_fft_bin_example_f32.obj (.text:main)
                  00014d58    00000048     rtsv7M4_T_le_v4SPD16_eabi.lib : boot.obj (.text)
                  00014da0    00000044                                   : cpy_tbl.obj (.text)
                  00014de4    00000044                                   : exit.obj (.text)
                  00014e28    00000040                                   : signal.obj (.text)
                  00014e68    0000003c     dsplib-cm4f.lib : arm_rfft_fast_f32.obj (.text:arm_rfft_fast_f32)
                  00014ea4    00000034     rtsv7M4_T_le_v4SPD16_eabi.lib : feraiseexcept.obj (.text)
                  00014ed8    00000030                                   : xferaise.obj (.text)
                  00014f08    0000002e                                   : raise.obj (.text)
                  00014f36    00000002     --HOLE-- [fill = 0]
                  00014f38    00000024                                   : sqrtf.obj (.text)
                  00014f5c    00000018                                   : args_main.obj (.text)
                  00014f74    00000014                                   : _lock.obj (.text)
                  00014f88    00000012                                   : copy_zero_init.obj (.text:decompress:ZI)
                  00014f9a    0000000e                                   : copy_decompress_none.obj (.text:decompress:none)
                  00014fa8    00000006     tm4c1294ncpdt_startup_ccs.obj (.text:ResetISR)
                  00014fae    00000006     rtsv7M4_T_le_v4SPD16_eabi.lib : copy_decompress_rle.obj (.text:decompress:rle24)

.cinit     0    00014fb8    00000070     
                  00014fb8    00000045     (.cinit..data.load) [load image, compression = rle]
                  00014ffd    00000003     --HOLE-- [fill = 0]
                  00015000    0000000c     (__TI_handler_table)
                  0001500c    00000004     --HOLE-- [fill = 0]
                  00015010    00000008     (.cinit..bss.load) [load image, compression = zero_init]
                  00015018    00000010     (__TI_cinit_table)

.stack     0    20000000    00000400     UNINITIALIZED
                  20000000    00000400     --HOLE--

.bss       0    20000400    0000028c     UNINITIALIZED
                  20000400    00000100     arm_fft_bin_example_f32.obj (.bss:inputData)
                  20000500    00000100     arm_fft_bin_example_f32.obj (.bss:rfftOutput)
                  20000600    00000080     arm_fft_bin_example_f32.obj (.bss:testOutput_44khz)
                  20000680    00000004     (.common:adc_value)
                  20000684    00000004     (.common:g_ui32SysClock)
                  20000688    00000004     (.common:inputIndex)

.data      0    20000690    0000014c     UNINITIALIZED
                  20000690    000000b0     rtsv7M4_T_le_v4SPD16_eabi.lib : signal.obj (.data:sigtable)
                  20000740    00000068                                   : xfvalues.obj (.data)
                  200007a8    00000014     arm_fft_bin_example_f32.obj (.data)
                  200007bc    00000008     rtsv7M4_T_le_v4SPD16_eabi.lib : _lock.obj (.data)
                  200007c4    00000008                                   : exit.obj (.data)
                  200007cc    00000008                                   : feraiseexcept.obj (.data)
                  200007d4    00000004                                   : errno.obj (.data)
                  200007d8    00000004                                   : stkdepth_vars.obj (.data)


LINKER GENERATED COPY TABLES

__TI_cinit_table @ 00015018 records: 2, size/record: 8, table size: 16
	.data: load addr=00014fb8, load size=00000045 bytes, run addr=20000690, run size=0000014c bytes, compression=rle
	.bss: load addr=00015010, load size=00000008 bytes, run addr=20000400, run size=0000028c bytes, compression=zero_init


LINKER GENERATED HANDLER TABLE

__TI_handler_table @ 00015000 records: 3, size/record: 4, table size: 12
	index: 0, handler: __TI_decompress_rle24
	index: 1, handler: __TI_decompress_none
	index: 2, handler: __TI_zero_init


GLOBAL SYMBOLS: SORTED ALPHABETICALLY BY Name 

address    name
--------   ----
0001478d   ADC0_SampleHandler
00014de5   C$$EXIT
00014fa9   ResetISR
UNDEFED    SHT$$INIT_ARRAY$$Base
UNDEFED    SHT$$INIT_ARRAY$$Limit
200007d4   _Errno
20000740   _FDenorm
20000750   _FEps
20000760   _FInf
20000770   _FNan
20000790   _FRteps
20000780   _FSnan
200007a0   _FXbig
200007a4   _FZero
200007cc   _Fenv
00014ed9   _Feraise
200007d0   _Tls_setup__Fenv
20000400   __STACK_END
00000400   __STACK_SIZE
20000200   __STACK_TOP
00015018   __TI_CINIT_Base
00015028   __TI_CINIT_Limit
00015000   __TI_Handler_Table_Base
0001500c   __TI_Handler_Table_Limit
00000001   __TI_args_main
00014b95   __TI_auto_init
200007c4   __TI_cleanup_ptr
00014f9b   __TI_decompress_none
00014faf   __TI_decompress_rle24
200007c8   __TI_dtors_ptr
00000000   __TI_static_base__
00014f89   __TI_zero_init
00014a5f   __aeabi_memcpy
00014a5f   __aeabi_memcpy4
00014a5f   __aeabi_memcpy8
ffffffff   __binit__
ffffffff   __c_args__
20000000   __stack
00014f5d   _args_main
00014d59   _c_int00
200007bc   _lock
00014f83   _nop
00014f7b   _register_lock
00014f75   _register_unlock
200007c0   _unlock
00014de9   abort
20000680   adc_value
0000ffc8   armBitRevIndexTable1024
000130c8   armBitRevIndexTable128
00013638   armBitRevIndexTable16
0000c208   armBitRevIndexTable2048
00012958   armBitRevIndexTable256
000135d8   armBitRevIndexTable32
000125d8   armBitRevIndexTable512
00013568   armBitRevIndexTable64
000148b7   arm_bitreversal_16
0001484d   arm_bitreversal_32
000146b5   arm_cfft_f32
000141c1   arm_cfft_radix8by2_f32
00013d65   arm_cfft_radix8by4_f32
00014349   arm_cmplx_mag_f32
0001490d   arm_max_f32
00013661   arm_radix8_butterfly_f32
00014e69   arm_rfft_fast_f32
000145b9   arm_rfft_fast_init_f32
ffffffff   binit
00014481   configureADC
00014da1   copy_in
200007b0   doBitReverse
00014df1   exit
00014ea5   feraiseexcept
200007a8   fftSize
00000000   g_pfnVectors
20000684   g_ui32SysClock
200007ac   ifftFlag
20000400   inputData
20000688   inputIndex
00014d11   main
200007d8   main_func_sp
00014a5f   memcpy
00014afb   merge_rfft_f32
00014f09   raise
200007b4   refIndex
00014c29   runFFT
00014e29   signal
00014f39   sqrtf
000149bb   stage_rfft_f32
200007b8   testIndex
00008208   twiddleCoef_1024
00011dd8   twiddleCoef_128
00013468   twiddleCoef_16
00000208   twiddleCoef_2048
00010dd8   twiddleCoef_256
00013268   twiddleCoef_32
0000dfc8   twiddleCoef_512
00012cc8   twiddleCoef_64
0000efc8   twiddleCoef_rfft_1024
00012ec8   twiddleCoef_rfft_128
0000a208   twiddleCoef_rfft_2048
000121d8   twiddleCoef_rfft_256
000134e8   twiddleCoef_rfft_32
00004208   twiddleCoef_rfft_4096
000115d8   twiddleCoef_rfft_512
00013368   twiddleCoef_rfft_64


GLOBAL SYMBOLS: SORTED BY Symbol Address 

address    name
--------   ----
00000000   __TI_static_base__
00000000   g_pfnVectors
00000001   __TI_args_main
00000208   twiddleCoef_2048
00000400   __STACK_SIZE
00004208   twiddleCoef_rfft_4096
00008208   twiddleCoef_1024
0000a208   twiddleCoef_rfft_2048
0000c208   armBitRevIndexTable2048
0000dfc8   twiddleCoef_512
0000efc8   twiddleCoef_rfft_1024
0000ffc8   armBitRevIndexTable1024
00010dd8   twiddleCoef_256
000115d8   twiddleCoef_rfft_512
00011dd8   twiddleCoef_128
000121d8   twiddleCoef_rfft_256
000125d8   armBitRevIndexTable512
00012958   armBitRevIndexTable256
00012cc8   twiddleCoef_64
00012ec8   twiddleCoef_rfft_128
000130c8   armBitRevIndexTable128
00013268   twiddleCoef_32
00013368   twiddleCoef_rfft_64
00013468   twiddleCoef_16
000134e8   twiddleCoef_rfft_32
00013568   armBitRevIndexTable64
000135d8   armBitRevIndexTable32
00013638   armBitRevIndexTable16
00013661   arm_radix8_butterfly_f32
00013d65   arm_cfft_radix8by4_f32
000141c1   arm_cfft_radix8by2_f32
00014349   arm_cmplx_mag_f32
00014481   configureADC
000145b9   arm_rfft_fast_init_f32
000146b5   arm_cfft_f32
0001478d   ADC0_SampleHandler
0001484d   arm_bitreversal_32
000148b7   arm_bitreversal_16
0001490d   arm_max_f32
000149bb   stage_rfft_f32
00014a5f   __aeabi_memcpy
00014a5f   __aeabi_memcpy4
00014a5f   __aeabi_memcpy8
00014a5f   memcpy
00014afb   merge_rfft_f32
00014b95   __TI_auto_init
00014c29   runFFT
00014d11   main
00014d59   _c_int00
00014da1   copy_in
00014de5   C$$EXIT
00014de9   abort
00014df1   exit
00014e29   signal
00014e69   arm_rfft_fast_f32
00014ea5   feraiseexcept
00014ed9   _Feraise
00014f09   raise
00014f39   sqrtf
00014f5d   _args_main
00014f75   _register_unlock
00014f7b   _register_lock
00014f83   _nop
00014f89   __TI_zero_init
00014f9b   __TI_decompress_none
00014fa9   ResetISR
00014faf   __TI_decompress_rle24
00015000   __TI_Handler_Table_Base
0001500c   __TI_Handler_Table_Limit
00015018   __TI_CINIT_Base
00015028   __TI_CINIT_Limit
20000000   __stack
20000200   __STACK_TOP
20000400   __STACK_END
20000400   inputData
20000680   adc_value
20000684   g_ui32SysClock
20000688   inputIndex
20000740   _FDenorm
20000750   _FEps
20000760   _FInf
20000770   _FNan
20000780   _FSnan
20000790   _FRteps
200007a0   _FXbig
200007a4   _FZero
200007a8   fftSize
200007ac   ifftFlag
200007b0   doBitReverse
200007b4   refIndex
200007b8   testIndex
200007bc   _lock
200007c0   _unlock
200007c4   __TI_cleanup_ptr
200007c8   __TI_dtors_ptr
200007cc   _Fenv
200007d0   _Tls_setup__Fenv
200007d4   _Errno
200007d8   main_func_sp
ffffffff   __binit__
ffffffff   __c_args__
ffffffff   binit
UNDEFED    SHT$$INIT_ARRAY$$Base
UNDEFED    SHT$$INIT_ARRAY$$Limit

[104 symbols]
