******************************************************************************
                  TI ARM Linker Unix v5.1.10                   
******************************************************************************
>> Linked Wed Apr 15 15:36:52 2015

OUTPUT FILE NAME:   <ti_cortex_m4_arm_fft_bin_example.out>
ENTRY POINT SYMBOL: "_c_int00"  address: 0001523d


MEMORY CONFIGURATION

         name            origin    length      used     unused   attr    fill
----------------------  --------  ---------  --------  --------  ----  --------
  FLASH                 00000000   00100000  00015576  000eaa8a  R  X
  SRAM                  20000000   00040000  00000a68  0003f598  RW X


SEGMENT ALLOCATION MAP

run origin  load origin   length   init length attrs members
----------  ----------- ---------- ----------- ----- -------
00000000    00000000    00015578   00015578    r-x
  00000000    00000000    00000208   00000208    r-- .intvecs
  00000208    00000208    00013486   00013486    r-- .const
  00013690    00013690    00001e70   00001e70    r-x .text
  00015500    00015500    00000078   00000078    r-- .cinit
20000000    20000000    00000a6c   00000000    rw-
  20000000    20000000    0000050c   00000000    rw- .bss
  2000050c    2000050c    00000400   00000000    rw- .stack
  20000910    20000910    0000015c   00000000    rw- .data


SECTION ALLOCATION MAP

 output                                  attributes/
section   page    origin      length       input sections
--------  ----  ----------  ----------   ----------------
.init_array 
*          0    00000000    00000000     UNINITIALIZED

.intvecs   0    00000000    00000208     
                  00000000    00000208     tm4c1294ncpdt_startup_ccs.obj (.intvecs)

.const     0    00000208    00013486     
                  00000208    00004000     dsplib-cm4f.lib : arm_common_tables.obj (.const:twiddleCoef_2048)
                  00004208    00004000                     : arm_common_tables.obj (.const:twiddleCoef_rfft_4096)
                  00008208    00002000                     : arm_common_tables.obj (.const:twiddleCoef_1024)
                  0000a208    00002000                     : arm_common_tables.obj (.const:twiddleCoef_rfft_2048)
                  0000c208    00001dc0                     : arm_common_tables.obj (.const:armBitRevIndexTable2048)
                  0000dfc8    00001000                     : arm_common_tables.obj (.const:twiddleCoef_512)
                  0000efc8    00001000                     : arm_common_tables.obj (.const:twiddleCoef_rfft_1024)
                  0000ffc8    00000e10                     : arm_common_tables.obj (.const:armBitRevIndexTable1024)
                  00010dd8    00000800                     : arm_common_tables.obj (.const:twiddleCoef_256)
                  000115d8    00000800                     : arm_common_tables.obj (.const:twiddleCoef_rfft_512)
                  00011dd8    00000400                     : arm_common_tables.obj (.const:twiddleCoef_128)
                  000121d8    00000400                     : arm_common_tables.obj (.const:twiddleCoef_rfft_256)
                  000125d8    00000380                     : arm_common_tables.obj (.const:armBitRevIndexTable512)
                  00012958    00000370                     : arm_common_tables.obj (.const:armBitRevIndexTable256)
                  00012cc8    00000200                     : arm_common_tables.obj (.const:twiddleCoef_64)
                  00012ec8    00000200                     : arm_common_tables.obj (.const:twiddleCoef_rfft_128)
                  000130c8    000001a0                     : arm_common_tables.obj (.const:armBitRevIndexTable128)
                  00013268    00000100                     : arm_common_tables.obj (.const:twiddleCoef_32)
                  00013368    00000100                     : arm_common_tables.obj (.const:twiddleCoef_rfft_64)
                  00013468    00000080                     : arm_common_tables.obj (.const:twiddleCoef_16)
                  000134e8    00000080                     : arm_common_tables.obj (.const:twiddleCoef_rfft_32)
                  00013568    00000070                     : arm_common_tables.obj (.const:armBitRevIndexTable64)
                  000135d8    00000060                     : arm_common_tables.obj (.const:armBitRevIndexTable32)
                  00013638    00000028                     : arm_common_tables.obj (.const:armBitRevIndexTable16)
                  00013660    0000001c     uartstdio.obj (.const)
                  0001367c    00000012     uartstdio.obj (.const:.string)

.text      0    00013690    00001e70     
                  00013690    00000704     dsplib-cm4f.lib : arm_cfft_radix8_f32.obj (.text:arm_radix8_butterfly_f32)
                  00013d94    0000045c                     : arm_cfft_f32.obj (.text:arm_cfft_radix8by4_f32)
                  000141f0    0000030c     uartstdio.obj (.text:UARTvprintf)
                  000144fc    00000186     dsplib-cm4f.lib : arm_cfft_f32.obj (.text:arm_cfft_radix8by2_f32)
                  00014682    00000002     tm4c1294ncpdt_startup_ccs.obj (.text:FaultISR)
                  00014684    00000154     arm_fft_bin_example_f32.obj (.text:configureADC)
                  000147d8    00000138     dsplib-cm4f.lib : arm_cmplx_mag_f32.obj (.text:arm_cmplx_mag_f32)
                  00014910    000000fc                     : arm_rfft_fast_init_f32.obj (.text:arm_rfft_fast_init_f32)
                  00014a0c    000000f8     arm_fft_bin_example_f32.obj (.text:ADC0_SampleHandler)
                  00014b04    000000d6     dsplib-cm4f.lib : arm_cfft_f32.obj (.text:arm_cfft_f32)
                  00014bda    000000c0                     : arm_bitreversal2.obj (.text)
                  00014c9a    000000ae                     : arm_max_f32.obj (.text:arm_max_f32)
                  00014d48    000000a4                     : arm_rfft_fast_f32.obj (.text:stage_rfft_f32)
                  00014dec    0000009c     rtsv7M4_T_le_v4SPD16_eabi.lib : memcpy_t2.obj (.text)
                  00014e88    0000009a     dsplib-cm4f.lib : arm_rfft_fast_f32.obj (.text:merge_rfft_f32)
                  00014f22    00000002     tm4c1294ncpdt_startup_ccs.obj (.text:IntDefaultHandler)
                  00014f24    00000094     rtsv7M4_T_le_v4SPD16_eabi.lib : auto_init.obj (.text)
                  00014fb8    00000088     arm_fft_bin_example_f32.obj (.text:runFFT)
                  00015040    00000074     uartstdio.obj (.text:UARTStdioConfig)
                  000150b4    00000068     arm_fft_bin_example_f32.obj (.text:ConfigureUART)
                  0001511c    00000064     arm_fft_bin_example_f32.obj (.text:main)
                  00015180    0000005e     rtsv7M4_T_le_v4SPD16_eabi.lib : copy_decompress_rle.obj (.text)
                  000151de    00000002     tm4c1294ncpdt_startup_ccs.obj (.text:NmiSR)
                  000151e0    0000005c     uartstdio.obj (.text:UARTwrite)
                  0001523c    00000048     rtsv7M4_T_le_v4SPD16_eabi.lib : boot.obj (.text)
                  00015284    00000044                                   : cpy_tbl.obj (.text)
                  000152c8    00000044                                   : exit.obj (.text)
                  0001530c    00000042                                   : u_divt2.obj (.text)
                  0001534e    00000002     --HOLE-- [fill = 0]
                  00015350    00000040                                   : signal.obj (.text)
                  00015390    0000003c     dsplib-cm4f.lib : arm_rfft_fast_f32.obj (.text:arm_rfft_fast_f32)
                  000153cc    00000034     rtsv7M4_T_le_v4SPD16_eabi.lib : feraiseexcept.obj (.text)
                  00015400    00000030                                   : xferaise.obj (.text)
                  00015430    0000002e                                   : raise.obj (.text)
                  0001545e    00000024     uartstdio.obj (.text:UARTprintf)
                  00015482    00000002     --HOLE-- [fill = 0]
                  00015484    00000024     rtsv7M4_T_le_v4SPD16_eabi.lib : sqrtf.obj (.text)
                  000154a8    00000018                                   : args_main.obj (.text)
                  000154c0    00000014                                   : _lock.obj (.text)
                  000154d4    00000012                                   : copy_zero_init.obj (.text:decompress:ZI)
                  000154e6    0000000e                                   : copy_decompress_none.obj (.text:decompress:none)
                  000154f4    00000006     tm4c1294ncpdt_startup_ccs.obj (.text:ResetISR)
                  000154fa    00000006     rtsv7M4_T_le_v4SPD16_eabi.lib : copy_decompress_rle.obj (.text:decompress:rle24)

.cinit     0    00015500    00000078     
                  00015500    0000004e     (.cinit..data.load) [load image, compression = rle]
                  0001554e    00000002     --HOLE-- [fill = 0]
                  00015550    0000000c     (__TI_handler_table)
                  0001555c    00000004     --HOLE-- [fill = 0]
                  00015560    00000008     (.cinit..bss.load) [load image, compression = zero_init]
                  00015568    00000010     (__TI_cinit_table)

.bss       0    20000000    0000050c     UNINITIALIZED
                  20000000    00000200     arm_fft_bin_example_f32.obj (.bss:inputData)
                  20000200    00000200     arm_fft_bin_example_f32.obj (.bss:rfftOutput)
                  20000400    00000100     arm_fft_bin_example_f32.obj (.bss:magOutput)
                  20000500    00000004     (.common:adc_value)
                  20000504    00000004     (.common:g_ui32SysClock)
                  20000508    00000004     (.common:inputIndex)

.stack     0    2000050c    00000400     UNINITIALIZED
                  2000050c    00000400     --HOLE--

.data      0    20000910    0000015c     UNINITIALIZED
                  20000910    000000b0     rtsv7M4_T_le_v4SPD16_eabi.lib : signal.obj (.data:sigtable)
                  200009c0    00000068                                   : xfvalues.obj (.data)
                  20000a28    0000001c     arm_fft_bin_example_f32.obj (.data)
                  20000a44    00000008     rtsv7M4_T_le_v4SPD16_eabi.lib : _lock.obj (.data)
                  20000a4c    00000008                                   : exit.obj (.data)
                  20000a54    00000008                                   : feraiseexcept.obj (.data)
                  20000a5c    00000005     uartstdio.obj (.data)
                  20000a61    00000003     --HOLE--
                  20000a64    00000004     rtsv7M4_T_le_v4SPD16_eabi.lib : errno.obj (.data)
                  20000a68    00000004                                   : stkdepth_vars.obj (.data)


LINKER GENERATED COPY TABLES

__TI_cinit_table @ 00015568 records: 2, size/record: 8, table size: 16
	.data: load addr=00015500, load size=0000004e bytes, run addr=20000910, run size=0000015c bytes, compression=rle
	.bss: load addr=00015560, load size=00000008 bytes, run addr=20000000, run size=0000050c bytes, compression=zero_init


LINKER GENERATED HANDLER TABLE

__TI_handler_table @ 00015550 records: 3, size/record: 4, table size: 12
	index: 0, handler: __TI_decompress_rle24
	index: 1, handler: __TI_decompress_none
	index: 2, handler: __TI_zero_init


GLOBAL SYMBOLS: SORTED ALPHABETICALLY BY Name 

address    name
--------   ----
00014a0d   ADC0_SampleHandler
000152c9   C$$EXIT
000150b5   ConfigureUART
000154f5   ResetISR
UNDEFED    SHT$$INIT_ARRAY$$Base
UNDEFED    SHT$$INIT_ARRAY$$Limit
00015041   UARTStdioConfig
0001545f   UARTprintf
000141f1   UARTvprintf
000151e1   UARTwrite
20000a64   _Errno
200009c0   _FDenorm
200009d0   _FEps
200009e0   _FInf
200009f0   _FNan
20000a10   _FRteps
20000a00   _FSnan
20000a20   _FXbig
20000a24   _FZero
20000a54   _Fenv
00015401   _Feraise
20000a58   _Tls_setup__Fenv
2000090c   __STACK_END
00000400   __STACK_SIZE
2000070c   __STACK_TOP
00015568   __TI_CINIT_Base
00015578   __TI_CINIT_Limit
00015550   __TI_Handler_Table_Base
0001555c   __TI_Handler_Table_Limit
00000001   __TI_args_main
00014f25   __TI_auto_init
20000a4c   __TI_cleanup_ptr
000154e7   __TI_decompress_none
000154fb   __TI_decompress_rle24
20000a50   __TI_dtors_ptr
00000000   __TI_static_base__
000154d5   __TI_zero_init
00014ded   __aeabi_memcpy
00014ded   __aeabi_memcpy4
00014ded   __aeabi_memcpy8
0001530d   __aeabi_uidiv
0001530d   __aeabi_uidivmod
ffffffff   __binit__
ffffffff   __c_args__
2000050c   __stack
000154a9   _args_main
0001523d   _c_int00
20000a44   _lock
000154cf   _nop
000154c7   _register_lock
000154c1   _register_unlock
20000a48   _unlock
000152cd   abort
20000500   adc_value
0000ffc8   armBitRevIndexTable1024
000130c8   armBitRevIndexTable128
00013638   armBitRevIndexTable16
0000c208   armBitRevIndexTable2048
00012958   armBitRevIndexTable256
000135d8   armBitRevIndexTable32
000125d8   armBitRevIndexTable512
00013568   armBitRevIndexTable64
00014c45   arm_bitreversal_16
00014bdb   arm_bitreversal_32
00014b05   arm_cfft_f32
000144fd   arm_cfft_radix8by2_f32
00013d95   arm_cfft_radix8by4_f32
000147d9   arm_cmplx_mag_f32
00014c9b   arm_max_f32
00013691   arm_radix8_butterfly_f32
00015391   arm_rfft_fast_f32
00014911   arm_rfft_fast_init_f32
ffffffff   binit
00014685   configureADC
00015285   copy_in
20000a3c   doBitReverse
000152d5   exit
000153cd   feraiseexcept
20000a28   freqs
00000000   g_pfnVectors
20000504   g_ui32SysClock
20000a38   ifftFlag
20000000   inputData
20000508   inputIndex
0001511d   main
20000a68   main_func_sp
00014ded   memcpy
00014e89   merge_rfft_f32
20000a40   peakBucket
00015431   raise
00014fb9   runFFT
00015351   signal
00015485   sqrtf
00014d49   stage_rfft_f32
00008208   twiddleCoef_1024
00011dd8   twiddleCoef_128
00013468   twiddleCoef_16
00000208   twiddleCoef_2048
00010dd8   twiddleCoef_256
00013268   twiddleCoef_32
0000dfc8   twiddleCoef_512
00012cc8   twiddleCoef_64
0000efc8   twiddleCoef_rfft_1024
00012ec8   twiddleCoef_rfft_128
0000a208   twiddleCoef_rfft_2048
000121d8   twiddleCoef_rfft_256
000134e8   twiddleCoef_rfft_32
00004208   twiddleCoef_rfft_4096
000115d8   twiddleCoef_rfft_512
00013368   twiddleCoef_rfft_64


GLOBAL SYMBOLS: SORTED BY Symbol Address 

address    name
--------   ----
00000000   __TI_static_base__
00000000   g_pfnVectors
00000001   __TI_args_main
00000208   twiddleCoef_2048
00000400   __STACK_SIZE
00004208   twiddleCoef_rfft_4096
00008208   twiddleCoef_1024
0000a208   twiddleCoef_rfft_2048
0000c208   armBitRevIndexTable2048
0000dfc8   twiddleCoef_512
0000efc8   twiddleCoef_rfft_1024
0000ffc8   armBitRevIndexTable1024
00010dd8   twiddleCoef_256
000115d8   twiddleCoef_rfft_512
00011dd8   twiddleCoef_128
000121d8   twiddleCoef_rfft_256
000125d8   armBitRevIndexTable512
00012958   armBitRevIndexTable256
00012cc8   twiddleCoef_64
00012ec8   twiddleCoef_rfft_128
000130c8   armBitRevIndexTable128
00013268   twiddleCoef_32
00013368   twiddleCoef_rfft_64
00013468   twiddleCoef_16
000134e8   twiddleCoef_rfft_32
00013568   armBitRevIndexTable64
000135d8   armBitRevIndexTable32
00013638   armBitRevIndexTable16
00013691   arm_radix8_butterfly_f32
00013d95   arm_cfft_radix8by4_f32
000141f1   UARTvprintf
000144fd   arm_cfft_radix8by2_f32
00014685   configureADC
000147d9   arm_cmplx_mag_f32
00014911   arm_rfft_fast_init_f32
00014a0d   ADC0_SampleHandler
00014b05   arm_cfft_f32
00014bdb   arm_bitreversal_32
00014c45   arm_bitreversal_16
00014c9b   arm_max_f32
00014d49   stage_rfft_f32
00014ded   __aeabi_memcpy
00014ded   __aeabi_memcpy4
00014ded   __aeabi_memcpy8
00014ded   memcpy
00014e89   merge_rfft_f32
00014f25   __TI_auto_init
00014fb9   runFFT
00015041   UARTStdioConfig
000150b5   ConfigureUART
0001511d   main
000151e1   UARTwrite
0001523d   _c_int00
00015285   copy_in
000152c9   C$$EXIT
000152cd   abort
000152d5   exit
0001530d   __aeabi_uidiv
0001530d   __aeabi_uidivmod
00015351   signal
00015391   arm_rfft_fast_f32
000153cd   feraiseexcept
00015401   _Feraise
00015431   raise
0001545f   UARTprintf
00015485   sqrtf
000154a9   _args_main
000154c1   _register_unlock
000154c7   _register_lock
000154cf   _nop
000154d5   __TI_zero_init
000154e7   __TI_decompress_none
000154f5   ResetISR
000154fb   __TI_decompress_rle24
00015550   __TI_Handler_Table_Base
0001555c   __TI_Handler_Table_Limit
00015568   __TI_CINIT_Base
00015578   __TI_CINIT_Limit
20000000   inputData
20000500   adc_value
20000504   g_ui32SysClock
20000508   inputIndex
2000050c   __stack
2000070c   __STACK_TOP
2000090c   __STACK_END
200009c0   _FDenorm
200009d0   _FEps
200009e0   _FInf
200009f0   _FNan
20000a00   _FSnan
20000a10   _FRteps
20000a20   _FXbig
20000a24   _FZero
20000a28   freqs
20000a38   ifftFlag
20000a3c   doBitReverse
20000a40   peakBucket
20000a44   _lock
20000a48   _unlock
20000a4c   __TI_cleanup_ptr
20000a50   __TI_dtors_ptr
20000a54   _Fenv
20000a58   _Tls_setup__Fenv
20000a64   _Errno
20000a68   main_func_sp
ffffffff   __binit__
ffffffff   __c_args__
ffffffff   binit
UNDEFED    SHT$$INIT_ARRAY$$Base
UNDEFED    SHT$$INIT_ARRAY$$Limit

[110 symbols]
