<?xml version="1.0"?>
<link_info>
   <banner>TI ARM Linker Unix v5.1.10</banner>
   <copyright>Copyright (c) 1996-2015 Texas Instruments Incorporated</copyright>
   <link_time>0x552ecee8</link_time>
   <link_errors>0x0</link_errors>
   <output_file>ti_cortex_m4_arm_fft_bin_example.out</output_file>
   <entry_point>
      <name>_c_int00</name>
      <address>0x14d45</address>
   </entry_point>
   <input_file_list>
      <input_file id="fl-2">
         <path>./</path>
         <kind>object</kind>
         <file>arm_fft_bin_data.obj</file>
         <name>arm_fft_bin_data.obj</name>
      </input_file>
      <input_file id="fl-3">
         <path>./</path>
         <kind>object</kind>
         <file>arm_fft_bin_example_f32.obj</file>
         <name>arm_fft_bin_example_f32.obj</name>
      </input_file>
      <input_file id="fl-4">
         <path>./</path>
         <kind>object</kind>
         <file>tm4c1294ncpdt_startup_ccs.obj</file>
         <name>tm4c1294ncpdt_startup_ccs.obj</name>
      </input_file>
      <input_file id="fl-132">
         <path>/home/keith/ti/ccsv6/tools/compiler/arm_5.1.10/lib/</path>
         <kind>archive</kind>
         <file>rtsv7M4_T_le_v4SPD16_eabi.lib</file>
         <name>boot.obj</name>
      </input_file>
      <input_file id="fl-133">
         <path>/home/keith/ti/ccsv6/tools/compiler/arm_5.1.10/lib/</path>
         <kind>archive</kind>
         <file>rtsv7M4_T_le_v4SPD16_eabi.lib</file>
         <name>copy_decompress_none.obj</name>
      </input_file>
      <input_file id="fl-134">
         <path>/home/keith/ti/ccsv6/tools/compiler/arm_5.1.10/lib/</path>
         <kind>archive</kind>
         <file>rtsv7M4_T_le_v4SPD16_eabi.lib</file>
         <name>copy_decompress_rle.obj</name>
      </input_file>
      <input_file id="fl-135">
         <path>/home/keith/ti/ccsv6/tools/compiler/arm_5.1.10/lib/</path>
         <kind>archive</kind>
         <file>rtsv7M4_T_le_v4SPD16_eabi.lib</file>
         <name>copy_zero_init.obj</name>
      </input_file>
      <input_file id="fl-136">
         <path>/home/keith/ti/ccsv6/tools/compiler/arm_5.1.10/lib/</path>
         <kind>archive</kind>
         <file>rtsv7M4_T_le_v4SPD16_eabi.lib</file>
         <name>exit.obj</name>
      </input_file>
      <input_file id="fl-137">
         <path>/home/keith/ti/ccsv6/tools/compiler/arm_5.1.10/lib/</path>
         <kind>archive</kind>
         <file>rtsv7M4_T_le_v4SPD16_eabi.lib</file>
         <name>memcpy_t2.obj</name>
      </input_file>
      <input_file id="fl-138">
         <path>/home/keith/ti/ccsv6/tools/compiler/arm_5.1.10/lib/</path>
         <kind>archive</kind>
         <file>rtsv7M4_T_le_v4SPD16_eabi.lib</file>
         <name>stkdepth_vars.obj</name>
      </input_file>
      <input_file id="fl-139">
         <path>/home/keith/ti/ccsv6/tools/compiler/arm_5.1.10/lib/</path>
         <kind>archive</kind>
         <file>rtsv7M4_T_le_v4SPD16_eabi.lib</file>
         <name>_lock.obj</name>
      </input_file>
      <input_file id="fl-13a">
         <path>/home/keith/ti/ccsv6/tools/compiler/arm_5.1.10/lib/</path>
         <kind>archive</kind>
         <file>rtsv7M4_T_le_v4SPD16_eabi.lib</file>
         <name>args_main.obj</name>
      </input_file>
      <input_file id="fl-13b">
         <path>/home/keith/ti/ccsv6/tools/compiler/arm_5.1.10/lib/</path>
         <kind>archive</kind>
         <file>rtsv7M4_T_le_v4SPD16_eabi.lib</file>
         <name>auto_init.obj</name>
      </input_file>
      <input_file id="fl-13c">
         <path>/home/keith/ti/ccsv6/tools/compiler/arm_5.1.10/lib/</path>
         <kind>archive</kind>
         <file>rtsv7M4_T_le_v4SPD16_eabi.lib</file>
         <name>cpy_tbl.obj</name>
      </input_file>
      <input_file id="fl-13d">
         <path>/home/keith/arm/CMSIS/Lib/CCS/M4/</path>
         <kind>archive</kind>
         <file>dsplib-cm4f.lib</file>
         <name>arm_rfft_fast_f32.obj</name>
      </input_file>
      <input_file id="fl-13e">
         <path>/home/keith/arm/CMSIS/Lib/CCS/M4/</path>
         <kind>archive</kind>
         <file>dsplib-cm4f.lib</file>
         <name>arm_rfft_fast_init_f32.obj</name>
      </input_file>
      <input_file id="fl-13f">
         <path>/home/keith/arm/CMSIS/Lib/CCS/M4/</path>
         <kind>archive</kind>
         <file>dsplib-cm4f.lib</file>
         <name>arm_max_f32.obj</name>
      </input_file>
      <input_file id="fl-140">
         <path>/home/keith/arm/CMSIS/Lib/CCS/M4/</path>
         <kind>archive</kind>
         <file>dsplib-cm4f.lib</file>
         <name>arm_cmplx_mag_f32.obj</name>
      </input_file>
      <input_file id="fl-141">
         <path>/home/keith/arm/CMSIS/Lib/CCS/M4/</path>
         <kind>archive</kind>
         <file>dsplib-cm4f.lib</file>
         <name>arm_common_tables.obj</name>
      </input_file>
      <input_file id="fl-142">
         <path>/home/keith/arm/CMSIS/Lib/CCS/M4/</path>
         <kind>archive</kind>
         <file>dsplib-cm4f.lib</file>
         <name>arm_cfft_f32.obj</name>
      </input_file>
      <input_file id="fl-143">
         <path>/home/keith/arm/CMSIS/Lib/CCS/M4/</path>
         <kind>archive</kind>
         <file>dsplib-cm4f.lib</file>
         <name>arm_cfft_radix8_f32.obj</name>
      </input_file>
      <input_file id="fl-144">
         <path>/home/keith/arm/CMSIS/Lib/CCS/M4/</path>
         <kind>archive</kind>
         <file>dsplib-cm4f.lib</file>
         <name>arm_bitreversal2.obj</name>
      </input_file>
      <input_file id="fl-145">
         <path>/home/keith/ti/ccsv6/tools/compiler/arm_5.1.10/lib/</path>
         <kind>archive</kind>
         <file>rtsv7M4_T_le_v4SPD16_eabi.lib</file>
         <name>sqrtf.obj</name>
      </input_file>
      <input_file id="fl-146">
         <path>/home/keith/ti/ccsv6/tools/compiler/arm_5.1.10/lib/</path>
         <kind>archive</kind>
         <file>rtsv7M4_T_le_v4SPD16_eabi.lib</file>
         <name>xferaise.obj</name>
      </input_file>
      <input_file id="fl-147">
         <path>/home/keith/ti/ccsv6/tools/compiler/arm_5.1.10/lib/</path>
         <kind>archive</kind>
         <file>rtsv7M4_T_le_v4SPD16_eabi.lib</file>
         <name>xfvalues.obj</name>
      </input_file>
      <input_file id="fl-148">
         <path>/home/keith/ti/ccsv6/tools/compiler/arm_5.1.10/lib/</path>
         <kind>archive</kind>
         <file>rtsv7M4_T_le_v4SPD16_eabi.lib</file>
         <name>errno.obj</name>
      </input_file>
      <input_file id="fl-149">
         <path>/home/keith/ti/ccsv6/tools/compiler/arm_5.1.10/lib/</path>
         <kind>archive</kind>
         <file>rtsv7M4_T_le_v4SPD16_eabi.lib</file>
         <name>feraiseexcept.obj</name>
      </input_file>
      <input_file id="fl-14a">
         <path>/home/keith/ti/ccsv6/tools/compiler/arm_5.1.10/lib/</path>
         <kind>archive</kind>
         <file>rtsv7M4_T_le_v4SPD16_eabi.lib</file>
         <name>raise.obj</name>
      </input_file>
      <input_file id="fl-14b">
         <path>/home/keith/ti/ccsv6/tools/compiler/arm_5.1.10/lib/</path>
         <kind>archive</kind>
         <file>rtsv7M4_T_le_v4SPD16_eabi.lib</file>
         <name>signal.obj</name>
      </input_file>
   </input_file_list>
   <object_component_list>
      <object_component id="oc-e">
         <name>.intvecs</name>
         <load_address>0x0</load_address>
         <run_address>0x0</run_address>
         <size>0x208</size>
         <input_file_ref idref="fl-4"/>
      </object_component>
      <object_component id="oc-1c8">
         <name>.text:arm_radix8_butterfly_f32</name>
         <load_address>0x13660</load_address>
         <run_address>0x13660</run_address>
         <size>0x704</size>
         <input_file_ref idref="fl-143"/>
      </object_component>
      <object_component id="oc-1ce">
         <name>.text:arm_cfft_radix8by4_f32</name>
         <load_address>0x13d64</load_address>
         <run_address>0x13d64</run_address>
         <size>0x45c</size>
         <input_file_ref idref="fl-142"/>
      </object_component>
      <object_component id="oc-1d4">
         <name>.text:arm_cfft_radix8by2_f32</name>
         <load_address>0x141c0</load_address>
         <run_address>0x141c0</run_address>
         <size>0x186</size>
         <input_file_ref idref="fl-142"/>
      </object_component>
      <object_component id="oc-35">
         <name>.text:FaultISR</name>
         <load_address>0x14346</load_address>
         <run_address>0x14346</run_address>
         <size>0x2</size>
         <input_file_ref idref="fl-4"/>
      </object_component>
      <object_component id="oc-d4">
         <name>.text:arm_cmplx_mag_f32</name>
         <load_address>0x14348</load_address>
         <run_address>0x14348</run_address>
         <size>0x138</size>
         <input_file_ref idref="fl-140"/>
      </object_component>
      <object_component id="oc-fa">
         <name>.text:configureADC</name>
         <load_address>0x14480</load_address>
         <run_address>0x14480</run_address>
         <size>0x138</size>
         <input_file_ref idref="fl-3"/>
      </object_component>
      <object_component id="oc-c8">
         <name>.text:arm_rfft_fast_init_f32</name>
         <load_address>0x145b8</load_address>
         <run_address>0x145b8</run_address>
         <size>0xfc</size>
         <input_file_ref idref="fl-13e"/>
      </object_component>
      <object_component id="oc-162">
         <name>.text:arm_cfft_f32</name>
         <load_address>0x146b4</load_address>
         <run_address>0x146b4</run_address>
         <size>0xd6</size>
         <input_file_ref idref="fl-142"/>
      </object_component>
      <object_component id="oc-3b">
         <name>.text:IntDefaultHandler</name>
         <load_address>0x1478a</load_address>
         <run_address>0x1478a</run_address>
         <size>0x2</size>
         <input_file_ref idref="fl-4"/>
      </object_component>
      <object_component id="oc-41">
         <name>.text:ADC0_SampleHandler</name>
         <load_address>0x1478c</load_address>
         <run_address>0x1478c</run_address>
         <size>0xc0</size>
         <input_file_ref idref="fl-3"/>
      </object_component>
      <object_component id="oc-1da">
         <name>.text</name>
         <load_address>0x1484c</load_address>
         <run_address>0x1484c</run_address>
         <size>0xc0</size>
         <input_file_ref idref="fl-144"/>
      </object_component>
      <object_component id="oc-da">
         <name>.text:arm_max_f32</name>
         <load_address>0x1490c</load_address>
         <run_address>0x1490c</run_address>
         <size>0xae</size>
         <input_file_ref idref="fl-13f"/>
      </object_component>
      <object_component id="oc-168">
         <name>.text:stage_rfft_f32</name>
         <load_address>0x149ba</load_address>
         <run_address>0x149ba</run_address>
         <size>0xa4</size>
         <input_file_ref idref="fl-13d"/>
      </object_component>
      <object_component id="oc-5f">
         <name>.text</name>
         <load_address>0x14a5e</load_address>
         <run_address>0x14a5e</run_address>
         <size>0x9c</size>
         <input_file_ref idref="fl-137"/>
      </object_component>
      <object_component id="oc-16e">
         <name>.text:merge_rfft_f32</name>
         <load_address>0x14afa</load_address>
         <run_address>0x14afa</run_address>
         <size>0x9a</size>
         <input_file_ref idref="fl-13d"/>
      </object_component>
      <object_component id="oc-4a">
         <name>.text</name>
         <load_address>0x14b94</load_address>
         <run_address>0x14b94</run_address>
         <size>0x94</size>
         <input_file_ref idref="fl-13b"/>
      </object_component>
      <object_component id="oc-83">
         <name>.text:runFFT</name>
         <load_address>0x14c28</load_address>
         <run_address>0x14c28</run_address>
         <size>0x74</size>
         <input_file_ref idref="fl-3"/>
      </object_component>
      <object_component id="oc-72">
         <name>.text</name>
         <load_address>0x14c9c</load_address>
         <run_address>0x14c9c</run_address>
         <size>0x5e</size>
         <input_file_ref idref="fl-134"/>
      </object_component>
      <object_component id="oc-2f">
         <name>.text:NmiSR</name>
         <load_address>0x14cfa</load_address>
         <run_address>0x14cfa</run_address>
         <size>0x2</size>
         <input_file_ref idref="fl-4"/>
      </object_component>
      <object_component id="oc-a5">
         <name>.text:main</name>
         <load_address>0x14cfc</load_address>
         <run_address>0x14cfc</run_address>
         <size>0x48</size>
         <input_file_ref idref="fl-3"/>
      </object_component>
      <object_component id="oc-11">
         <name>.text</name>
         <load_address>0x14d44</load_address>
         <run_address>0x14d44</run_address>
         <size>0x48</size>
         <input_file_ref idref="fl-132"/>
      </object_component>
      <object_component id="oc-9e">
         <name>.text</name>
         <load_address>0x14d8c</load_address>
         <run_address>0x14d8c</run_address>
         <size>0x44</size>
         <input_file_ref idref="fl-13c"/>
      </object_component>
      <object_component id="oc-55">
         <name>.text</name>
         <load_address>0x14dd0</load_address>
         <run_address>0x14dd0</run_address>
         <size>0x44</size>
         <input_file_ref idref="fl-136"/>
      </object_component>
      <object_component id="oc-220">
         <name>.text</name>
         <load_address>0x14e14</load_address>
         <run_address>0x14e14</run_address>
         <size>0x40</size>
         <input_file_ref idref="fl-14b"/>
      </object_component>
      <object_component id="oc-ce">
         <name>.text:arm_rfft_fast_f32</name>
         <load_address>0x14e54</load_address>
         <run_address>0x14e54</run_address>
         <size>0x3c</size>
         <input_file_ref idref="fl-13d"/>
      </object_component>
      <object_component id="oc-1ff">
         <name>.text</name>
         <load_address>0x14e90</load_address>
         <run_address>0x14e90</run_address>
         <size>0x34</size>
         <input_file_ref idref="fl-149"/>
      </object_component>
      <object_component id="oc-1e5">
         <name>.text</name>
         <load_address>0x14ec4</load_address>
         <run_address>0x14ec4</run_address>
         <size>0x30</size>
         <input_file_ref idref="fl-146"/>
      </object_component>
      <object_component id="oc-214">
         <name>.text</name>
         <load_address>0x14ef4</load_address>
         <run_address>0x14ef4</run_address>
         <size>0x2e</size>
         <input_file_ref idref="fl-14a"/>
      </object_component>
      <object_component id="oc-176">
         <name>.text</name>
         <load_address>0x14f24</load_address>
         <run_address>0x14f24</run_address>
         <size>0x24</size>
         <input_file_ref idref="fl-145"/>
      </object_component>
      <object_component id="oc-4f">
         <name>.text</name>
         <load_address>0x14f48</load_address>
         <run_address>0x14f48</run_address>
         <size>0x18</size>
         <input_file_ref idref="fl-13a"/>
      </object_component>
      <object_component id="oc-10a">
         <name>.text</name>
         <load_address>0x14f60</load_address>
         <run_address>0x14f60</run_address>
         <size>0x14</size>
         <input_file_ref idref="fl-139"/>
      </object_component>
      <object_component id="oc-1c">
         <name>.text:decompress:ZI</name>
         <load_address>0x14f74</load_address>
         <run_address>0x14f74</run_address>
         <size>0x12</size>
         <input_file_ref idref="fl-135"/>
      </object_component>
      <object_component id="oc-16">
         <name>.text:decompress:none</name>
         <load_address>0x14f86</load_address>
         <run_address>0x14f86</run_address>
         <size>0xe</size>
         <input_file_ref idref="fl-133"/>
      </object_component>
      <object_component id="oc-29">
         <name>.text:ResetISR</name>
         <load_address>0x14f94</load_address>
         <run_address>0x14f94</run_address>
         <size>0x6</size>
         <input_file_ref idref="fl-4"/>
      </object_component>
      <object_component id="oc-22">
         <name>.text:decompress:rle24</name>
         <load_address>0x14f9a</load_address>
         <run_address>0x14f9a</run_address>
         <size>0x6</size>
         <input_file_ref idref="fl-134"/>
      </object_component>
      <object_component id="oc-11b">
         <name>.const:twiddleCoef_2048</name>
         <load_address>0x208</load_address>
         <run_address>0x208</run_address>
         <size>0x4000</size>
         <input_file_ref idref="fl-141"/>
      </object_component>
      <object_component id="oc-11e">
         <name>.const:twiddleCoef_rfft_4096</name>
         <load_address>0x4208</load_address>
         <run_address>0x4208</run_address>
         <size>0x4000</size>
         <input_file_ref idref="fl-141"/>
      </object_component>
      <object_component id="oc-124">
         <name>.const:twiddleCoef_1024</name>
         <load_address>0x8208</load_address>
         <run_address>0x8208</run_address>
         <size>0x2000</size>
         <input_file_ref idref="fl-141"/>
      </object_component>
      <object_component id="oc-127">
         <name>.const:twiddleCoef_rfft_2048</name>
         <load_address>0xa208</load_address>
         <run_address>0xa208</run_address>
         <size>0x2000</size>
         <input_file_ref idref="fl-141"/>
      </object_component>
      <object_component id="oc-118">
         <name>.const:armBitRevIndexTable2048</name>
         <load_address>0xc208</load_address>
         <run_address>0xc208</run_address>
         <size>0x1dc0</size>
         <input_file_ref idref="fl-141"/>
      </object_component>
      <object_component id="oc-12d">
         <name>.const:twiddleCoef_512</name>
         <load_address>0xdfc8</load_address>
         <run_address>0xdfc8</run_address>
         <size>0x1000</size>
         <input_file_ref idref="fl-141"/>
      </object_component>
      <object_component id="oc-130">
         <name>.const:twiddleCoef_rfft_1024</name>
         <load_address>0xefc8</load_address>
         <run_address>0xefc8</run_address>
         <size>0x1000</size>
         <input_file_ref idref="fl-141"/>
      </object_component>
      <object_component id="oc-121">
         <name>.const:armBitRevIndexTable1024</name>
         <load_address>0xffc8</load_address>
         <run_address>0xffc8</run_address>
         <size>0xe10</size>
         <input_file_ref idref="fl-141"/>
      </object_component>
      <object_component id="oc-136">
         <name>.const:twiddleCoef_256</name>
         <load_address>0x10dd8</load_address>
         <run_address>0x10dd8</run_address>
         <size>0x800</size>
         <input_file_ref idref="fl-141"/>
      </object_component>
      <object_component id="oc-139">
         <name>.const:twiddleCoef_rfft_512</name>
         <load_address>0x115d8</load_address>
         <run_address>0x115d8</run_address>
         <size>0x800</size>
         <input_file_ref idref="fl-141"/>
      </object_component>
      <object_component id="oc-13f">
         <name>.const:twiddleCoef_128</name>
         <load_address>0x11dd8</load_address>
         <run_address>0x11dd8</run_address>
         <size>0x400</size>
         <input_file_ref idref="fl-141"/>
      </object_component>
      <object_component id="oc-142">
         <name>.const:twiddleCoef_rfft_256</name>
         <load_address>0x121d8</load_address>
         <run_address>0x121d8</run_address>
         <size>0x400</size>
         <input_file_ref idref="fl-141"/>
      </object_component>
      <object_component id="oc-12a">
         <name>.const:armBitRevIndexTable512</name>
         <load_address>0x125d8</load_address>
         <run_address>0x125d8</run_address>
         <size>0x380</size>
         <input_file_ref idref="fl-141"/>
      </object_component>
      <object_component id="oc-133">
         <name>.const:armBitRevIndexTable256</name>
         <load_address>0x12958</load_address>
         <run_address>0x12958</run_address>
         <size>0x370</size>
         <input_file_ref idref="fl-141"/>
      </object_component>
      <object_component id="oc-148">
         <name>.const:twiddleCoef_64</name>
         <load_address>0x12cc8</load_address>
         <run_address>0x12cc8</run_address>
         <size>0x200</size>
         <input_file_ref idref="fl-141"/>
      </object_component>
      <object_component id="oc-14b">
         <name>.const:twiddleCoef_rfft_128</name>
         <load_address>0x12ec8</load_address>
         <run_address>0x12ec8</run_address>
         <size>0x200</size>
         <input_file_ref idref="fl-141"/>
      </object_component>
      <object_component id="oc-13c">
         <name>.const:armBitRevIndexTable128</name>
         <load_address>0x130c8</load_address>
         <run_address>0x130c8</run_address>
         <size>0x1a0</size>
         <input_file_ref idref="fl-141"/>
      </object_component>
      <object_component id="oc-151">
         <name>.const:twiddleCoef_32</name>
         <load_address>0x13268</load_address>
         <run_address>0x13268</run_address>
         <size>0x100</size>
         <input_file_ref idref="fl-141"/>
      </object_component>
      <object_component id="oc-154">
         <name>.const:twiddleCoef_rfft_64</name>
         <load_address>0x13368</load_address>
         <run_address>0x13368</run_address>
         <size>0x100</size>
         <input_file_ref idref="fl-141"/>
      </object_component>
      <object_component id="oc-15a">
         <name>.const:twiddleCoef_16</name>
         <load_address>0x13468</load_address>
         <run_address>0x13468</run_address>
         <size>0x80</size>
         <input_file_ref idref="fl-141"/>
      </object_component>
      <object_component id="oc-15d">
         <name>.const:twiddleCoef_rfft_32</name>
         <load_address>0x134e8</load_address>
         <run_address>0x134e8</run_address>
         <size>0x80</size>
         <input_file_ref idref="fl-141"/>
      </object_component>
      <object_component id="oc-145">
         <name>.const:armBitRevIndexTable64</name>
         <load_address>0x13568</load_address>
         <run_address>0x13568</run_address>
         <size>0x70</size>
         <input_file_ref idref="fl-141"/>
      </object_component>
      <object_component id="oc-14e">
         <name>.const:armBitRevIndexTable32</name>
         <load_address>0x135d8</load_address>
         <run_address>0x135d8</run_address>
         <size>0x60</size>
         <input_file_ref idref="fl-141"/>
      </object_component>
      <object_component id="oc-157">
         <name>.const:armBitRevIndexTable16</name>
         <load_address>0x13638</load_address>
         <run_address>0x13638</run_address>
         <size>0x28</size>
         <input_file_ref idref="fl-141"/>
      </object_component>
      <object_component id="oc-261">
         <name>.cinit..data.load</name>
         <load_address>0x14fa0</load_address>
         <run_address>0x14fa0</run_address>
         <size>0x3d</size>
      </object_component>
      <object_component id="oc-25f">
         <name>__TI_handler_table</name>
         <load_address>0x14fe0</load_address>
         <run_address>0x14fe0</run_address>
         <size>0xc</size>
      </object_component>
      <object_component id="oc-262">
         <name>.cinit..bss.load</name>
         <load_address>0x14ff0</load_address>
         <run_address>0x14ff0</run_address>
         <size>0x8</size>
      </object_component>
      <object_component id="oc-260">
         <name>__TI_cinit_table</name>
         <load_address>0x14ff8</load_address>
         <run_address>0x14ff8</run_address>
         <size>0x10</size>
      </object_component>
      <object_component id="oc-5b">
         <name>.data</name>
         <load_address>0x20000a50</load_address>
         <run_address>0x20000a50</run_address>
         <size>0x4</size>
         <input_file_ref idref="fl-138"/>
      </object_component>
      <object_component id="oc-ad">
         <name>.data</name>
         <load_address>0x20000a34</load_address>
         <run_address>0x20000a34</run_address>
         <size>0x8</size>
         <input_file_ref idref="fl-139"/>
      </object_component>
      <object_component id="oc-b0">
         <name>.data</name>
         <load_address>0x20000a3c</load_address>
         <run_address>0x20000a3c</run_address>
         <size>0x8</size>
         <input_file_ref idref="fl-136"/>
      </object_component>
      <object_component id="oc-e0">
         <name>.data</name>
         <load_address>0x20000a28</load_address>
         <run_address>0x20000a28</run_address>
         <size>0xc</size>
         <input_file_ref idref="fl-3"/>
      </object_component>
      <object_component id="oc-1eb">
         <name>.data</name>
         <load_address>0x200009c0</load_address>
         <run_address>0x200009c0</run_address>
         <size>0x68</size>
         <input_file_ref idref="fl-147"/>
      </object_component>
      <object_component id="oc-205">
         <name>.data</name>
         <load_address>0x20000a4c</load_address>
         <run_address>0x20000a4c</run_address>
         <size>0x4</size>
         <input_file_ref idref="fl-148"/>
      </object_component>
      <object_component id="oc-21a">
         <name>.data</name>
         <load_address>0x20000a44</load_address>
         <run_address>0x20000a44</run_address>
         <size>0x8</size>
         <input_file_ref idref="fl-149"/>
      </object_component>
      <object_component id="oc-231">
         <name>.data:sigtable</name>
         <load_address>0x20000910</load_address>
         <run_address>0x20000910</run_address>
         <size>0xb0</size>
         <input_file_ref idref="fl-14b"/>
      </object_component>
      <object_component id="oc-8c">
         <name>.bss:inputData</name>
         <uninitialized>true</uninitialized>
         <run_address>0x20000000</run_address>
         <size>0x200</size>
         <input_file_ref idref="fl-3"/>
      </object_component>
      <object_component id="oc-e3">
         <name>.bss:rfftOutput</name>
         <uninitialized>true</uninitialized>
         <run_address>0x20000200</run_address>
         <size>0x200</size>
         <input_file_ref idref="fl-3"/>
      </object_component>
      <object_component id="oc-e6">
         <name>.bss:magOutput</name>
         <uninitialized>true</uninitialized>
         <run_address>0x20000400</run_address>
         <size>0x100</size>
         <input_file_ref idref="fl-3"/>
      </object_component>
      <object_component id="oc-101">
         <name>.common:inputIndex</name>
         <uninitialized>true</uninitialized>
         <run_address>0x20000508</run_address>
         <size>0x4</size>
      </object_component>
      <object_component id="oc-89">
         <name>.common:adc_value</name>
         <uninitialized>true</uninitialized>
         <run_address>0x20000500</run_address>
         <size>0x4</size>
      </object_component>
      <object_component id="oc-18e">
         <name>.common:g_ui32SysClock</name>
         <uninitialized>true</uninitialized>
         <run_address>0x20000504</run_address>
         <size>0x4</size>
      </object_component>
      <object_component id="oc-28">
         <name>.stack</name>
         <uninitialized>true</uninitialized>
         <run_address>0x2000050c</run_address>
         <size>0x0</size>
         <input_file_ref idref="fl-132"/>
      </object_component>
      <object_component id="oc-263">
         <name>.stack</name>
         <uninitialized>true</uninitialized>
         <run_address>0x2000050c</run_address>
         <size>0x0</size>
      </object_component>
      <object_component id="oc-f">
         <name>.debug_info</name>
         <load_address>0x0</load_address>
         <run_address>0x0</run_address>
         <size>0x100</size>
         <input_file_ref idref="fl-4"/>
      </object_component>
      <object_component id="oc-13">
         <name>.debug_info</name>
         <load_address>0x100</load_address>
         <run_address>0x100</run_address>
         <size>0xf2</size>
         <input_file_ref idref="fl-132"/>
      </object_component>
      <object_component id="oc-17">
         <name>.debug_info</name>
         <load_address>0x1f2</load_address>
         <run_address>0x1f2</run_address>
         <size>0x180</size>
         <input_file_ref idref="fl-133"/>
      </object_component>
      <object_component id="oc-1d">
         <name>.debug_info</name>
         <load_address>0x372</load_address>
         <run_address>0x372</run_address>
         <size>0x16b</size>
         <input_file_ref idref="fl-135"/>
      </object_component>
      <object_component id="oc-23">
         <name>.debug_info</name>
         <load_address>0x4dd</load_address>
         <run_address>0x4dd</run_address>
         <size>0x167</size>
         <input_file_ref idref="fl-134"/>
      </object_component>
      <object_component id="oc-2a">
         <name>.debug_info</name>
         <load_address>0x644</load_address>
         <run_address>0x644</run_address>
         <size>0x14c</size>
         <input_file_ref idref="fl-4"/>
      </object_component>
      <object_component id="oc-30">
         <name>.debug_info</name>
         <load_address>0x790</load_address>
         <run_address>0x790</run_address>
         <size>0x13a</size>
         <input_file_ref idref="fl-4"/>
      </object_component>
      <object_component id="oc-36">
         <name>.debug_info</name>
         <load_address>0x8ca</load_address>
         <run_address>0x8ca</run_address>
         <size>0x143</size>
         <input_file_ref idref="fl-4"/>
      </object_component>
      <object_component id="oc-3c">
         <name>.debug_info</name>
         <load_address>0xa0d</load_address>
         <run_address>0xa0d</run_address>
         <size>0x155</size>
         <input_file_ref idref="fl-4"/>
      </object_component>
      <object_component id="oc-42">
         <name>.debug_info</name>
         <load_address>0xb62</load_address>
         <run_address>0xb62</run_address>
         <size>0x198</size>
         <input_file_ref idref="fl-3"/>
      </object_component>
      <object_component id="oc-49">
         <name>.debug_info</name>
         <load_address>0xcfa</load_address>
         <run_address>0xcfa</run_address>
         <size>0x147</size>
         <input_file_ref idref="fl-4"/>
      </object_component>
      <object_component id="oc-4b">
         <name>.debug_info</name>
         <load_address>0xe41</load_address>
         <run_address>0xe41</run_address>
         <size>0x13a</size>
         <input_file_ref idref="fl-13b"/>
      </object_component>
      <object_component id="oc-50">
         <name>.debug_info</name>
         <load_address>0xf7b</load_address>
         <run_address>0xf7b</run_address>
         <size>0x11d</size>
         <input_file_ref idref="fl-13a"/>
      </object_component>
      <object_component id="oc-56">
         <name>.debug_info</name>
         <load_address>0x1098</load_address>
         <run_address>0x1098</run_address>
         <size>0x1ae</size>
         <input_file_ref idref="fl-136"/>
      </object_component>
      <object_component id="oc-5c">
         <name>.debug_info</name>
         <load_address>0x1246</load_address>
         <run_address>0x1246</run_address>
         <size>0xbf</size>
         <input_file_ref idref="fl-138"/>
      </object_component>
      <object_component id="oc-60">
         <name>.debug_info</name>
         <load_address>0x1305</load_address>
         <run_address>0x1305</run_address>
         <size>0xcb</size>
         <input_file_ref idref="fl-137"/>
      </object_component>
      <object_component id="oc-65">
         <name>.debug_info</name>
         <load_address>0x13d0</load_address>
         <run_address>0x13d0</run_address>
         <size>0x46</size>
         <input_file_ref idref="fl-133"/>
      </object_component>
      <object_component id="oc-6a">
         <name>.debug_info</name>
         <load_address>0x1416</load_address>
         <run_address>0x1416</run_address>
         <size>0xee</size>
         <input_file_ref idref="fl-133"/>
      </object_component>
      <object_component id="oc-6c">
         <name>.debug_info</name>
         <load_address>0x1504</load_address>
         <run_address>0x1504</run_address>
         <size>0x46</size>
         <input_file_ref idref="fl-135"/>
      </object_component>
      <object_component id="oc-71">
         <name>.debug_info</name>
         <load_address>0x154a</load_address>
         <run_address>0x154a</run_address>
         <size>0xae</size>
         <input_file_ref idref="fl-135"/>
      </object_component>
      <object_component id="oc-73">
         <name>.debug_info</name>
         <load_address>0x15f8</load_address>
         <run_address>0x15f8</run_address>
         <size>0x1f0</size>
         <input_file_ref idref="fl-134"/>
      </object_component>
      <object_component id="oc-79">
         <name>.debug_info</name>
         <load_address>0x17e8</load_address>
         <run_address>0x17e8</run_address>
         <size>0xb8</size>
         <input_file_ref idref="fl-134"/>
      </object_component>
      <object_component id="oc-7a">
         <name>.debug_info</name>
         <load_address>0x18a0</load_address>
         <run_address>0x18a0</run_address>
         <size>0x39</size>
         <input_file_ref idref="fl-134"/>
      </object_component>
      <object_component id="oc-84">
         <name>.debug_info</name>
         <load_address>0x18d9</load_address>
         <run_address>0x18d9</run_address>
         <size>0x1f7</size>
         <input_file_ref idref="fl-3"/>
      </object_component>
      <object_component id="oc-8a">
         <name>.debug_info</name>
         <load_address>0x1ad0</load_address>
         <run_address>0x1ad0</run_address>
         <size>0x35f</size>
         <input_file_ref idref="fl-3"/>
      </object_component>
      <object_component id="oc-8d">
         <name>.debug_info</name>
         <load_address>0x1e2f</load_address>
         <run_address>0x1e2f</run_address>
         <size>0xf8</size>
         <input_file_ref idref="fl-3"/>
      </object_component>
      <object_component id="oc-94">
         <name>.debug_info</name>
         <load_address>0x1f27</load_address>
         <run_address>0x1f27</run_address>
         <size>0x84</size>
         <input_file_ref idref="fl-2"/>
      </object_component>
      <object_component id="oc-99">
         <name>.debug_info</name>
         <load_address>0x1fab</load_address>
         <run_address>0x1fab</run_address>
         <size>0x18b</size>
         <input_file_ref idref="fl-2"/>
      </object_component>
      <object_component id="oc-9f">
         <name>.debug_info</name>
         <load_address>0x2136</load_address>
         <run_address>0x2136</run_address>
         <size>0x14c</size>
         <input_file_ref idref="fl-13c"/>
      </object_component>
      <object_component id="oc-a6">
         <name>.debug_info</name>
         <load_address>0x2282</load_address>
         <run_address>0x2282</run_address>
         <size>0x164</size>
         <input_file_ref idref="fl-3"/>
      </object_component>
      <object_component id="oc-ac">
         <name>.debug_info</name>
         <load_address>0x23e6</load_address>
         <run_address>0x23e6</run_address>
         <size>0x11c</size>
         <input_file_ref idref="fl-13a"/>
      </object_component>
      <object_component id="oc-ae">
         <name>.debug_info</name>
         <load_address>0x2502</load_address>
         <run_address>0x2502</run_address>
         <size>0xc9</size>
         <input_file_ref idref="fl-139"/>
      </object_component>
      <object_component id="oc-b1">
         <name>.debug_info</name>
         <load_address>0x25cb</load_address>
         <run_address>0x25cb</run_address>
         <size>0xec</size>
         <input_file_ref idref="fl-136"/>
      </object_component>
      <object_component id="oc-b7">
         <name>.debug_info</name>
         <load_address>0x26b7</load_address>
         <run_address>0x26b7</run_address>
         <size>0x2c</size>
         <input_file_ref idref="fl-133"/>
      </object_component>
      <object_component id="oc-be">
         <name>.debug_info</name>
         <load_address>0x26e3</load_address>
         <run_address>0x26e3</run_address>
         <size>0x2c</size>
         <input_file_ref idref="fl-2"/>
      </object_component>
      <object_component id="oc-ca">
         <name>.debug_info</name>
         <load_address>0x270f</load_address>
         <run_address>0x270f</run_address>
         <size>0x251</size>
         <input_file_ref idref="fl-13e"/>
      </object_component>
      <object_component id="oc-cf">
         <name>.debug_info</name>
         <load_address>0x2960</load_address>
         <run_address>0x2960</run_address>
         <size>0x2b8</size>
         <input_file_ref idref="fl-13d"/>
      </object_component>
      <object_component id="oc-d6">
         <name>.debug_info</name>
         <load_address>0x2c18</load_address>
         <run_address>0x2c18</run_address>
         <size>0x3a7</size>
         <input_file_ref idref="fl-140"/>
      </object_component>
      <object_component id="oc-dc">
         <name>.debug_info</name>
         <load_address>0x2fbf</load_address>
         <run_address>0x2fbf</run_address>
         <size>0x329</size>
         <input_file_ref idref="fl-13f"/>
      </object_component>
      <object_component id="oc-e1">
         <name>.debug_info</name>
         <load_address>0x32e8</load_address>
         <run_address>0x32e8</run_address>
         <size>0x144</size>
         <input_file_ref idref="fl-3"/>
      </object_component>
      <object_component id="oc-e4">
         <name>.debug_info</name>
         <load_address>0x342c</load_address>
         <run_address>0x342c</run_address>
         <size>0xf9</size>
         <input_file_ref idref="fl-3"/>
      </object_component>
      <object_component id="oc-e7">
         <name>.debug_info</name>
         <load_address>0x3525</load_address>
         <run_address>0x3525</run_address>
         <size>0xf7</size>
         <input_file_ref idref="fl-3"/>
      </object_component>
      <object_component id="oc-ea">
         <name>.debug_info</name>
         <load_address>0x361c</load_address>
         <run_address>0x361c</run_address>
         <size>0x1ea6</size>
         <input_file_ref idref="fl-2"/>
      </object_component>
      <object_component id="oc-ef">
         <name>.debug_info</name>
         <load_address>0x54c2</load_address>
         <run_address>0x54c2</run_address>
         <size>0x8b</size>
         <input_file_ref idref="fl-3"/>
      </object_component>
      <object_component id="oc-f9">
         <name>.debug_info</name>
         <load_address>0x554d</load_address>
         <run_address>0x554d</run_address>
         <size>0x149</size>
         <input_file_ref idref="fl-13c"/>
      </object_component>
      <object_component id="oc-fb">
         <name>.debug_info</name>
         <load_address>0x5696</load_address>
         <run_address>0x5696</run_address>
         <size>0x1cc</size>
         <input_file_ref idref="fl-3"/>
      </object_component>
      <object_component id="oc-105">
         <name>.debug_info</name>
         <load_address>0x5862</load_address>
         <run_address>0x5862</run_address>
         <size>0x5e</size>
         <input_file_ref idref="fl-13a"/>
      </object_component>
      <object_component id="oc-10b">
         <name>.debug_info</name>
         <load_address>0x58c0</load_address>
         <run_address>0x58c0</run_address>
         <size>0x1d5</size>
         <input_file_ref idref="fl-139"/>
      </object_component>
      <object_component id="oc-112">
         <name>.debug_info</name>
         <load_address>0x5a95</load_address>
         <run_address>0x5a95</run_address>
         <size>0xda</size>
         <input_file_ref idref="fl-139"/>
      </object_component>
      <object_component id="oc-116">
         <name>.debug_info</name>
         <load_address>0x5b6f</load_address>
         <run_address>0x5b6f</run_address>
         <size>0x142</size>
         <input_file_ref idref="fl-136"/>
      </object_component>
      <object_component id="oc-119">
         <name>.debug_info</name>
         <load_address>0x5cb1</load_address>
         <run_address>0x5cb1</run_address>
         <size>0x127</size>
         <input_file_ref idref="fl-141"/>
      </object_component>
      <object_component id="oc-11c">
         <name>.debug_info</name>
         <load_address>0x5dd8</load_address>
         <run_address>0x5dd8</run_address>
         <size>0x119</size>
         <input_file_ref idref="fl-141"/>
      </object_component>
      <object_component id="oc-11f">
         <name>.debug_info</name>
         <load_address>0x5ef1</load_address>
         <run_address>0x5ef1</run_address>
         <size>0x123</size>
         <input_file_ref idref="fl-141"/>
      </object_component>
      <object_component id="oc-122">
         <name>.debug_info</name>
         <load_address>0x6014</load_address>
         <run_address>0x6014</run_address>
         <size>0x127</size>
         <input_file_ref idref="fl-141"/>
      </object_component>
      <object_component id="oc-125">
         <name>.debug_info</name>
         <load_address>0x613b</load_address>
         <run_address>0x613b</run_address>
         <size>0x119</size>
         <input_file_ref idref="fl-141"/>
      </object_component>
      <object_component id="oc-128">
         <name>.debug_info</name>
         <load_address>0x6254</load_address>
         <run_address>0x6254</run_address>
         <size>0x123</size>
         <input_file_ref idref="fl-141"/>
      </object_component>
      <object_component id="oc-12b">
         <name>.debug_info</name>
         <load_address>0x6377</load_address>
         <run_address>0x6377</run_address>
         <size>0x125</size>
         <input_file_ref idref="fl-141"/>
      </object_component>
      <object_component id="oc-12e">
         <name>.debug_info</name>
         <load_address>0x649c</load_address>
         <run_address>0x649c</run_address>
         <size>0x117</size>
         <input_file_ref idref="fl-141"/>
      </object_component>
      <object_component id="oc-131">
         <name>.debug_info</name>
         <load_address>0x65b3</load_address>
         <run_address>0x65b3</run_address>
         <size>0x123</size>
         <input_file_ref idref="fl-141"/>
      </object_component>
      <object_component id="oc-134">
         <name>.debug_info</name>
         <load_address>0x66d6</load_address>
         <run_address>0x66d6</run_address>
         <size>0x125</size>
         <input_file_ref idref="fl-141"/>
      </object_component>
      <object_component id="oc-137">
         <name>.debug_info</name>
         <load_address>0x67fb</load_address>
         <run_address>0x67fb</run_address>
         <size>0x117</size>
         <input_file_ref idref="fl-141"/>
      </object_component>
      <object_component id="oc-13a">
         <name>.debug_info</name>
         <load_address>0x6912</load_address>
         <run_address>0x6912</run_address>
         <size>0x121</size>
         <input_file_ref idref="fl-141"/>
      </object_component>
      <object_component id="oc-13d">
         <name>.debug_info</name>
         <load_address>0x6a33</load_address>
         <run_address>0x6a33</run_address>
         <size>0x125</size>
         <input_file_ref idref="fl-141"/>
      </object_component>
      <object_component id="oc-140">
         <name>.debug_info</name>
         <load_address>0x6b58</load_address>
         <run_address>0x6b58</run_address>
         <size>0x117</size>
         <input_file_ref idref="fl-141"/>
      </object_component>
      <object_component id="oc-143">
         <name>.debug_info</name>
         <load_address>0x6c6f</load_address>
         <run_address>0x6c6f</run_address>
         <size>0x121</size>
         <input_file_ref idref="fl-141"/>
      </object_component>
      <object_component id="oc-146">
         <name>.debug_info</name>
         <load_address>0x6d90</load_address>
         <run_address>0x6d90</run_address>
         <size>0x123</size>
         <input_file_ref idref="fl-141"/>
      </object_component>
      <object_component id="oc-149">
         <name>.debug_info</name>
         <load_address>0x6eb3</load_address>
         <run_address>0x6eb3</run_address>
         <size>0x115</size>
         <input_file_ref idref="fl-141"/>
      </object_component>
      <object_component id="oc-14c">
         <name>.debug_info</name>
         <load_address>0x6fc8</load_address>
         <run_address>0x6fc8</run_address>
         <size>0x121</size>
         <input_file_ref idref="fl-141"/>
      </object_component>
      <object_component id="oc-14f">
         <name>.debug_info</name>
         <load_address>0x70e9</load_address>
         <run_address>0x70e9</run_address>
         <size>0x123</size>
         <input_file_ref idref="fl-141"/>
      </object_component>
      <object_component id="oc-152">
         <name>.debug_info</name>
         <load_address>0x720c</load_address>
         <run_address>0x720c</run_address>
         <size>0x114</size>
         <input_file_ref idref="fl-141"/>
      </object_component>
      <object_component id="oc-155">
         <name>.debug_info</name>
         <load_address>0x7320</load_address>
         <run_address>0x7320</run_address>
         <size>0x11f</size>
         <input_file_ref idref="fl-141"/>
      </object_component>
      <object_component id="oc-158">
         <name>.debug_info</name>
         <load_address>0x743f</load_address>
         <run_address>0x743f</run_address>
         <size>0x123</size>
         <input_file_ref idref="fl-141"/>
      </object_component>
      <object_component id="oc-15b">
         <name>.debug_info</name>
         <load_address>0x7562</load_address>
         <run_address>0x7562</run_address>
         <size>0x114</size>
         <input_file_ref idref="fl-141"/>
      </object_component>
      <object_component id="oc-15e">
         <name>.debug_info</name>
         <load_address>0x7676</load_address>
         <run_address>0x7676</run_address>
         <size>0x11f</size>
         <input_file_ref idref="fl-141"/>
      </object_component>
      <object_component id="oc-161">
         <name>.debug_info</name>
         <load_address>0x7795</load_address>
         <run_address>0x7795</run_address>
         <size>0x77f</size>
         <input_file_ref idref="fl-13e"/>
      </object_component>
      <object_component id="oc-163">
         <name>.debug_info</name>
         <load_address>0x7f14</load_address>
         <run_address>0x7f14</run_address>
         <size>0x315</size>
         <input_file_ref idref="fl-142"/>
      </object_component>
      <object_component id="oc-169">
         <name>.debug_info</name>
         <load_address>0x8229</load_address>
         <run_address>0x8229</run_address>
         <size>0x2c8</size>
         <input_file_ref idref="fl-13d"/>
      </object_component>
      <object_component id="oc-16f">
         <name>.debug_info</name>
         <load_address>0x84f1</load_address>
         <run_address>0x84f1</run_address>
         <size>0x2c8</size>
         <input_file_ref idref="fl-13d"/>
      </object_component>
      <object_component id="oc-175">
         <name>.debug_info</name>
         <load_address>0x87b9</load_address>
         <run_address>0x87b9</run_address>
         <size>0x227</size>
         <input_file_ref idref="fl-13d"/>
      </object_component>
      <object_component id="oc-177">
         <name>.debug_info</name>
         <load_address>0x89e0</load_address>
         <run_address>0x89e0</run_address>
         <size>0x10e</size>
         <input_file_ref idref="fl-145"/>
      </object_component>
      <object_component id="oc-17d">
         <name>.debug_info</name>
         <load_address>0x8aee</load_address>
         <run_address>0x8aee</run_address>
         <size>0x1ef</size>
         <input_file_ref idref="fl-140"/>
      </object_component>
      <object_component id="oc-17f">
         <name>.debug_info</name>
         <load_address>0x8cdd</load_address>
         <run_address>0x8cdd</run_address>
         <size>0x1d7</size>
         <input_file_ref idref="fl-13f"/>
      </object_component>
      <object_component id="oc-186">
         <name>.debug_info</name>
         <load_address>0x8eb4</load_address>
         <run_address>0x8eb4</run_address>
         <size>0x1d6</size>
         <input_file_ref idref="fl-2"/>
      </object_component>
      <object_component id="oc-189">
         <name>.debug_info</name>
         <load_address>0x908a</load_address>
         <run_address>0x908a</run_address>
         <size>0xcd</size>
         <input_file_ref idref="fl-13c"/>
      </object_component>
      <object_component id="oc-197">
         <name>.debug_info</name>
         <load_address>0x9157</load_address>
         <run_address>0x9157</run_address>
         <size>0x4ae</size>
         <input_file_ref idref="fl-141"/>
      </object_component>
      <object_component id="oc-1ca">
         <name>.debug_info</name>
         <load_address>0x9605</load_address>
         <run_address>0x9605</run_address>
         <size>0x674</size>
         <input_file_ref idref="fl-143"/>
      </object_component>
      <object_component id="oc-1cf">
         <name>.debug_info</name>
         <load_address>0x9c79</load_address>
         <run_address>0x9c79</run_address>
         <size>0x484</size>
         <input_file_ref idref="fl-142"/>
      </object_component>
      <object_component id="oc-1d5">
         <name>.debug_info</name>
         <load_address>0xa0fd</load_address>
         <run_address>0xa0fd</run_address>
         <size>0x2f0</size>
         <input_file_ref idref="fl-142"/>
      </object_component>
      <object_component id="oc-1dc">
         <name>.debug_info</name>
         <load_address>0xa3ed</load_address>
         <run_address>0xa3ed</run_address>
         <size>0x187</size>
         <input_file_ref idref="fl-144"/>
      </object_component>
      <object_component id="oc-1e0">
         <name>.debug_info</name>
         <load_address>0xa574</load_address>
         <run_address>0xa574</run_address>
         <size>0x27e</size>
         <input_file_ref idref="fl-142"/>
      </object_component>
      <object_component id="oc-1e6">
         <name>.debug_info</name>
         <load_address>0xa7f2</load_address>
         <run_address>0xa7f2</run_address>
         <size>0x128</size>
         <input_file_ref idref="fl-146"/>
      </object_component>
      <object_component id="oc-1ec">
         <name>.debug_info</name>
         <load_address>0xa91a</load_address>
         <run_address>0xa91a</run_address>
         <size>0x17a</size>
         <input_file_ref idref="fl-147"/>
      </object_component>
      <object_component id="oc-1ef">
         <name>.debug_info</name>
         <load_address>0xaa94</load_address>
         <run_address>0xaa94</run_address>
         <size>0xfb</size>
         <input_file_ref idref="fl-145"/>
      </object_component>
      <object_component id="oc-1f9">
         <name>.debug_info</name>
         <load_address>0xab8f</load_address>
         <run_address>0xab8f</run_address>
         <size>0x1d3</size>
         <input_file_ref idref="fl-143"/>
      </object_component>
      <object_component id="oc-200">
         <name>.debug_info</name>
         <load_address>0xad62</load_address>
         <run_address>0xad62</run_address>
         <size>0x144</size>
         <input_file_ref idref="fl-149"/>
      </object_component>
      <object_component id="oc-206">
         <name>.debug_info</name>
         <load_address>0xaea6</load_address>
         <run_address>0xaea6</run_address>
         <size>0xab</size>
         <input_file_ref idref="fl-148"/>
      </object_component>
      <object_component id="oc-20b">
         <name>.debug_info</name>
         <load_address>0xaf51</load_address>
         <run_address>0xaf51</run_address>
         <size>0x86</size>
         <input_file_ref idref="fl-2"/>
      </object_component>
      <object_component id="oc-215">
         <name>.debug_info</name>
         <load_address>0xafd7</load_address>
         <run_address>0xafd7</run_address>
         <size>0x11a</size>
         <input_file_ref idref="fl-14a"/>
      </object_component>
      <object_component id="oc-21b">
         <name>.debug_info</name>
         <load_address>0xb0f1</load_address>
         <run_address>0xb0f1</run_address>
         <size>0xe3</size>
         <input_file_ref idref="fl-149"/>
      </object_component>
      <object_component id="oc-221">
         <name>.debug_info</name>
         <load_address>0xb1d4</load_address>
         <run_address>0xb1d4</run_address>
         <size>0x13f</size>
         <input_file_ref idref="fl-14b"/>
      </object_component>
      <object_component id="oc-227">
         <name>.debug_info</name>
         <load_address>0xb313</load_address>
         <run_address>0xb313</run_address>
         <size>0xcd</size>
         <input_file_ref idref="fl-14a"/>
      </object_component>
      <object_component id="oc-22a">
         <name>.debug_info</name>
         <load_address>0xb3e0</load_address>
         <run_address>0xb3e0</run_address>
         <size>0x6f</size>
         <input_file_ref idref="fl-149"/>
      </object_component>
      <object_component id="oc-22f">
         <name>.debug_info</name>
         <load_address>0xb44f</load_address>
         <run_address>0xb44f</run_address>
         <size>0x113</size>
         <input_file_ref idref="fl-149"/>
      </object_component>
      <object_component id="oc-232">
         <name>.debug_info</name>
         <load_address>0xb562</load_address>
         <run_address>0xb562</run_address>
         <size>0xb0</size>
         <input_file_ref idref="fl-14b"/>
      </object_component>
      <object_component id="oc-235">
         <name>.debug_info</name>
         <load_address>0xb612</load_address>
         <run_address>0xb612</run_address>
         <size>0xf2</size>
         <input_file_ref idref="fl-14b"/>
      </object_component>
      <object_component id="oc-238">
         <name>.debug_info</name>
         <load_address>0xb704</load_address>
         <run_address>0xb704</run_address>
         <size>0x2c</size>
         <input_file_ref idref="fl-14a"/>
      </object_component>
      <object_component id="oc-264">
         <name>.debug_info</name>
         <load_address>0xb730</load_address>
         <run_address>0xb730</run_address>
         <size>0xb9</size>
      </object_component>
      <object_component id="oc-10">
         <name>.debug_pubnames</name>
         <load_address>0x0</load_address>
         <run_address>0x0</run_address>
         <size>0x23</size>
         <input_file_ref idref="fl-4"/>
      </object_component>
      <object_component id="oc-14">
         <name>.debug_pubnames</name>
         <load_address>0x23</load_address>
         <run_address>0x23</run_address>
         <size>0x1f</size>
         <input_file_ref idref="fl-132"/>
      </object_component>
      <object_component id="oc-19">
         <name>.debug_pubnames</name>
         <load_address>0x42</load_address>
         <run_address>0x42</run_address>
         <size>0x2b</size>
         <input_file_ref idref="fl-133"/>
      </object_component>
      <object_component id="oc-1f">
         <name>.debug_pubnames</name>
         <load_address>0x6d</load_address>
         <run_address>0x6d</run_address>
         <size>0x25</size>
         <input_file_ref idref="fl-135"/>
      </object_component>
      <object_component id="oc-25">
         <name>.debug_pubnames</name>
         <load_address>0x92</load_address>
         <run_address>0x92</run_address>
         <size>0x2c</size>
         <input_file_ref idref="fl-134"/>
      </object_component>
      <object_component id="oc-2c">
         <name>.debug_pubnames</name>
         <load_address>0xbe</load_address>
         <run_address>0xbe</run_address>
         <size>0x1f</size>
         <input_file_ref idref="fl-4"/>
      </object_component>
      <object_component id="oc-32">
         <name>.debug_pubnames</name>
         <load_address>0xdd</load_address>
         <run_address>0xdd</run_address>
         <size>0x1c</size>
         <input_file_ref idref="fl-4"/>
      </object_component>
      <object_component id="oc-38">
         <name>.debug_pubnames</name>
         <load_address>0xf9</load_address>
         <run_address>0xf9</run_address>
         <size>0x1f</size>
         <input_file_ref idref="fl-4"/>
      </object_component>
      <object_component id="oc-3e">
         <name>.debug_pubnames</name>
         <load_address>0x118</load_address>
         <run_address>0x118</run_address>
         <size>0x28</size>
         <input_file_ref idref="fl-4"/>
      </object_component>
      <object_component id="oc-44">
         <name>.debug_pubnames</name>
         <load_address>0x140</load_address>
         <run_address>0x140</run_address>
         <size>0x29</size>
         <input_file_ref idref="fl-3"/>
      </object_component>
      <object_component id="oc-4d">
         <name>.debug_pubnames</name>
         <load_address>0x169</load_address>
         <run_address>0x169</run_address>
         <size>0x37</size>
         <input_file_ref idref="fl-13b"/>
      </object_component>
      <object_component id="oc-52">
         <name>.debug_pubnames</name>
         <load_address>0x1a0</load_address>
         <run_address>0x1a0</run_address>
         <size>0x21</size>
         <input_file_ref idref="fl-13a"/>
      </object_component>
      <object_component id="oc-58">
         <name>.debug_pubnames</name>
         <load_address>0x1c1</load_address>
         <run_address>0x1c1</run_address>
         <size>0x35</size>
         <input_file_ref idref="fl-136"/>
      </object_component>
      <object_component id="oc-5d">
         <name>.debug_pubnames</name>
         <load_address>0x1f6</load_address>
         <run_address>0x1f6</run_address>
         <size>0x23</size>
         <input_file_ref idref="fl-138"/>
      </object_component>
      <object_component id="oc-62">
         <name>.debug_pubnames</name>
         <load_address>0x219</load_address>
         <run_address>0x219</run_address>
         <size>0x1d</size>
         <input_file_ref idref="fl-137"/>
      </object_component>
      <object_component id="oc-75">
         <name>.debug_pubnames</name>
         <load_address>0x236</load_address>
         <run_address>0x236</run_address>
         <size>0x2f</size>
         <input_file_ref idref="fl-134"/>
      </object_component>
      <object_component id="oc-86">
         <name>.debug_pubnames</name>
         <load_address>0x265</load_address>
         <run_address>0x265</run_address>
         <size>0x1d</size>
         <input_file_ref idref="fl-3"/>
      </object_component>
      <object_component id="oc-8b">
         <name>.debug_pubnames</name>
         <load_address>0x282</load_address>
         <run_address>0x282</run_address>
         <size>0x42</size>
         <input_file_ref idref="fl-3"/>
      </object_component>
      <object_component id="oc-8e">
         <name>.debug_pubnames</name>
         <load_address>0x2c4</load_address>
         <run_address>0x2c4</run_address>
         <size>0x20</size>
         <input_file_ref idref="fl-3"/>
      </object_component>
      <object_component id="oc-a1">
         <name>.debug_pubnames</name>
         <load_address>0x2e4</load_address>
         <run_address>0x2e4</run_address>
         <size>0x1e</size>
         <input_file_ref idref="fl-13c"/>
      </object_component>
      <object_component id="oc-a8">
         <name>.debug_pubnames</name>
         <load_address>0x302</load_address>
         <run_address>0x302</run_address>
         <size>0x1b</size>
         <input_file_ref idref="fl-3"/>
      </object_component>
      <object_component id="oc-af">
         <name>.debug_pubnames</name>
         <load_address>0x31d</load_address>
         <run_address>0x31d</run_address>
         <size>0x28</size>
         <input_file_ref idref="fl-139"/>
      </object_component>
      <object_component id="oc-b2">
         <name>.debug_pubnames</name>
         <load_address>0x345</load_address>
         <run_address>0x345</run_address>
         <size>0x3a</size>
         <input_file_ref idref="fl-136"/>
      </object_component>
      <object_component id="oc-cc">
         <name>.debug_pubnames</name>
         <load_address>0x37f</load_address>
         <run_address>0x37f</run_address>
         <size>0x2d</size>
         <input_file_ref idref="fl-13e"/>
      </object_component>
      <object_component id="oc-d1">
         <name>.debug_pubnames</name>
         <load_address>0x3ac</load_address>
         <run_address>0x3ac</run_address>
         <size>0x28</size>
         <input_file_ref idref="fl-13d"/>
      </object_component>
      <object_component id="oc-d8">
         <name>.debug_pubnames</name>
         <load_address>0x3d4</load_address>
         <run_address>0x3d4</run_address>
         <size>0x28</size>
         <input_file_ref idref="fl-140"/>
      </object_component>
      <object_component id="oc-de">
         <name>.debug_pubnames</name>
         <load_address>0x3fc</load_address>
         <run_address>0x3fc</run_address>
         <size>0x22</size>
         <input_file_ref idref="fl-13f"/>
      </object_component>
      <object_component id="oc-e2">
         <name>.debug_pubnames</name>
         <load_address>0x41e</load_address>
         <run_address>0x41e</run_address>
         <size>0x3f</size>
         <input_file_ref idref="fl-3"/>
      </object_component>
      <object_component id="oc-e5">
         <name>.debug_pubnames</name>
         <load_address>0x45d</load_address>
         <run_address>0x45d</run_address>
         <size>0x21</size>
         <input_file_ref idref="fl-3"/>
      </object_component>
      <object_component id="oc-e8">
         <name>.debug_pubnames</name>
         <load_address>0x47e</load_address>
         <run_address>0x47e</run_address>
         <size>0x20</size>
         <input_file_ref idref="fl-3"/>
      </object_component>
      <object_component id="oc-fd">
         <name>.debug_pubnames</name>
         <load_address>0x49e</load_address>
         <run_address>0x49e</run_address>
         <size>0x23</size>
         <input_file_ref idref="fl-3"/>
      </object_component>
      <object_component id="oc-10d">
         <name>.debug_pubnames</name>
         <load_address>0x4c1</load_address>
         <run_address>0x4c1</run_address>
         <size>0x43</size>
         <input_file_ref idref="fl-139"/>
      </object_component>
      <object_component id="oc-11a">
         <name>.debug_pubnames</name>
         <load_address>0x504</load_address>
         <run_address>0x504</run_address>
         <size>0x2e</size>
         <input_file_ref idref="fl-141"/>
      </object_component>
      <object_component id="oc-11d">
         <name>.debug_pubnames</name>
         <load_address>0x532</load_address>
         <run_address>0x532</run_address>
         <size>0x27</size>
         <input_file_ref idref="fl-141"/>
      </object_component>
      <object_component id="oc-120">
         <name>.debug_pubnames</name>
         <load_address>0x559</load_address>
         <run_address>0x559</run_address>
         <size>0x2c</size>
         <input_file_ref idref="fl-141"/>
      </object_component>
      <object_component id="oc-123">
         <name>.debug_pubnames</name>
         <load_address>0x585</load_address>
         <run_address>0x585</run_address>
         <size>0x2e</size>
         <input_file_ref idref="fl-141"/>
      </object_component>
      <object_component id="oc-126">
         <name>.debug_pubnames</name>
         <load_address>0x5b3</load_address>
         <run_address>0x5b3</run_address>
         <size>0x27</size>
         <input_file_ref idref="fl-141"/>
      </object_component>
      <object_component id="oc-129">
         <name>.debug_pubnames</name>
         <load_address>0x5da</load_address>
         <run_address>0x5da</run_address>
         <size>0x2c</size>
         <input_file_ref idref="fl-141"/>
      </object_component>
      <object_component id="oc-12c">
         <name>.debug_pubnames</name>
         <load_address>0x606</load_address>
         <run_address>0x606</run_address>
         <size>0x2d</size>
         <input_file_ref idref="fl-141"/>
      </object_component>
      <object_component id="oc-12f">
         <name>.debug_pubnames</name>
         <load_address>0x633</load_address>
         <run_address>0x633</run_address>
         <size>0x26</size>
         <input_file_ref idref="fl-141"/>
      </object_component>
      <object_component id="oc-132">
         <name>.debug_pubnames</name>
         <load_address>0x659</load_address>
         <run_address>0x659</run_address>
         <size>0x2c</size>
         <input_file_ref idref="fl-141"/>
      </object_component>
      <object_component id="oc-135">
         <name>.debug_pubnames</name>
         <load_address>0x685</load_address>
         <run_address>0x685</run_address>
         <size>0x2d</size>
         <input_file_ref idref="fl-141"/>
      </object_component>
      <object_component id="oc-138">
         <name>.debug_pubnames</name>
         <load_address>0x6b2</load_address>
         <run_address>0x6b2</run_address>
         <size>0x26</size>
         <input_file_ref idref="fl-141"/>
      </object_component>
      <object_component id="oc-13b">
         <name>.debug_pubnames</name>
         <load_address>0x6d8</load_address>
         <run_address>0x6d8</run_address>
         <size>0x2b</size>
         <input_file_ref idref="fl-141"/>
      </object_component>
      <object_component id="oc-13e">
         <name>.debug_pubnames</name>
         <load_address>0x703</load_address>
         <run_address>0x703</run_address>
         <size>0x2d</size>
         <input_file_ref idref="fl-141"/>
      </object_component>
      <object_component id="oc-141">
         <name>.debug_pubnames</name>
         <load_address>0x730</load_address>
         <run_address>0x730</run_address>
         <size>0x26</size>
         <input_file_ref idref="fl-141"/>
      </object_component>
      <object_component id="oc-144">
         <name>.debug_pubnames</name>
         <load_address>0x756</load_address>
         <run_address>0x756</run_address>
         <size>0x2b</size>
         <input_file_ref idref="fl-141"/>
      </object_component>
      <object_component id="oc-147">
         <name>.debug_pubnames</name>
         <load_address>0x781</load_address>
         <run_address>0x781</run_address>
         <size>0x2c</size>
         <input_file_ref idref="fl-141"/>
      </object_component>
      <object_component id="oc-14a">
         <name>.debug_pubnames</name>
         <load_address>0x7ad</load_address>
         <run_address>0x7ad</run_address>
         <size>0x25</size>
         <input_file_ref idref="fl-141"/>
      </object_component>
      <object_component id="oc-14d">
         <name>.debug_pubnames</name>
         <load_address>0x7d2</load_address>
         <run_address>0x7d2</run_address>
         <size>0x2b</size>
         <input_file_ref idref="fl-141"/>
      </object_component>
      <object_component id="oc-150">
         <name>.debug_pubnames</name>
         <load_address>0x7fd</load_address>
         <run_address>0x7fd</run_address>
         <size>0x2c</size>
         <input_file_ref idref="fl-141"/>
      </object_component>
      <object_component id="oc-153">
         <name>.debug_pubnames</name>
         <load_address>0x829</load_address>
         <run_address>0x829</run_address>
         <size>0x25</size>
         <input_file_ref idref="fl-141"/>
      </object_component>
      <object_component id="oc-156">
         <name>.debug_pubnames</name>
         <load_address>0x84e</load_address>
         <run_address>0x84e</run_address>
         <size>0x2a</size>
         <input_file_ref idref="fl-141"/>
      </object_component>
      <object_component id="oc-159">
         <name>.debug_pubnames</name>
         <load_address>0x878</load_address>
         <run_address>0x878</run_address>
         <size>0x2c</size>
         <input_file_ref idref="fl-141"/>
      </object_component>
      <object_component id="oc-15c">
         <name>.debug_pubnames</name>
         <load_address>0x8a4</load_address>
         <run_address>0x8a4</run_address>
         <size>0x25</size>
         <input_file_ref idref="fl-141"/>
      </object_component>
      <object_component id="oc-15f">
         <name>.debug_pubnames</name>
         <load_address>0x8c9</load_address>
         <run_address>0x8c9</run_address>
         <size>0x2a</size>
         <input_file_ref idref="fl-141"/>
      </object_component>
      <object_component id="oc-165">
         <name>.debug_pubnames</name>
         <load_address>0x8f3</load_address>
         <run_address>0x8f3</run_address>
         <size>0x23</size>
         <input_file_ref idref="fl-142"/>
      </object_component>
      <object_component id="oc-16b">
         <name>.debug_pubnames</name>
         <load_address>0x916</load_address>
         <run_address>0x916</run_address>
         <size>0x25</size>
         <input_file_ref idref="fl-13d"/>
      </object_component>
      <object_component id="oc-171">
         <name>.debug_pubnames</name>
         <load_address>0x93b</load_address>
         <run_address>0x93b</run_address>
         <size>0x25</size>
         <input_file_ref idref="fl-13d"/>
      </object_component>
      <object_component id="oc-179">
         <name>.debug_pubnames</name>
         <load_address>0x960</load_address>
         <run_address>0x960</run_address>
         <size>0x1c</size>
         <input_file_ref idref="fl-145"/>
      </object_component>
      <object_component id="oc-1cc">
         <name>.debug_pubnames</name>
         <load_address>0x97c</load_address>
         <run_address>0x97c</run_address>
         <size>0x2f</size>
         <input_file_ref idref="fl-143"/>
      </object_component>
      <object_component id="oc-1d1">
         <name>.debug_pubnames</name>
         <load_address>0x9ab</load_address>
         <run_address>0x9ab</run_address>
         <size>0x2d</size>
         <input_file_ref idref="fl-142"/>
      </object_component>
      <object_component id="oc-1d7">
         <name>.debug_pubnames</name>
         <load_address>0x9d8</load_address>
         <run_address>0x9d8</run_address>
         <size>0x2d</size>
         <input_file_ref idref="fl-142"/>
      </object_component>
      <object_component id="oc-1dd">
         <name>.debug_pubnames</name>
         <load_address>0xa05</load_address>
         <run_address>0xa05</run_address>
         <size>0x40</size>
         <input_file_ref idref="fl-144"/>
      </object_component>
      <object_component id="oc-1e8">
         <name>.debug_pubnames</name>
         <load_address>0xa45</load_address>
         <run_address>0xa45</run_address>
         <size>0x1f</size>
         <input_file_ref idref="fl-146"/>
      </object_component>
      <object_component id="oc-1ed">
         <name>.debug_pubnames</name>
         <load_address>0xa64</load_address>
         <run_address>0xa64</run_address>
         <size>0x6a</size>
         <input_file_ref idref="fl-147"/>
      </object_component>
      <object_component id="oc-202">
         <name>.debug_pubnames</name>
         <load_address>0xace</load_address>
         <run_address>0xace</run_address>
         <size>0x24</size>
         <input_file_ref idref="fl-149"/>
      </object_component>
      <object_component id="oc-207">
         <name>.debug_pubnames</name>
         <load_address>0xaf2</load_address>
         <run_address>0xaf2</run_address>
         <size>0x1d</size>
         <input_file_ref idref="fl-148"/>
      </object_component>
      <object_component id="oc-217">
         <name>.debug_pubnames</name>
         <load_address>0xb0f</load_address>
         <run_address>0xb0f</run_address>
         <size>0x1c</size>
         <input_file_ref idref="fl-14a"/>
      </object_component>
      <object_component id="oc-21c">
         <name>.debug_pubnames</name>
         <load_address>0xb2b</load_address>
         <run_address>0xb2b</run_address>
         <size>0x31</size>
         <input_file_ref idref="fl-149"/>
      </object_component>
      <object_component id="oc-223">
         <name>.debug_pubnames</name>
         <load_address>0xb5c</load_address>
         <run_address>0xb5c</run_address>
         <size>0x1d</size>
         <input_file_ref idref="fl-14b"/>
      </object_component>
      <object_component id="oc-233">
         <name>.debug_pubnames</name>
         <load_address>0xb79</load_address>
         <run_address>0xb79</run_address>
         <size>0x1f</size>
         <input_file_ref idref="fl-14b"/>
      </object_component>
      <object_component id="oc-12">
         <name>.debug_line</name>
         <load_address>0x0</load_address>
         <run_address>0x0</run_address>
         <size>0x4f</size>
         <input_file_ref idref="fl-132"/>
      </object_component>
      <object_component id="oc-1a">
         <name>.debug_line</name>
         <load_address>0x4f</load_address>
         <run_address>0x4f</run_address>
         <size>0x55</size>
         <input_file_ref idref="fl-133"/>
      </object_component>
      <object_component id="oc-20">
         <name>.debug_line</name>
         <load_address>0xa4</load_address>
         <run_address>0xa4</run_address>
         <size>0x4c</size>
         <input_file_ref idref="fl-135"/>
      </object_component>
      <object_component id="oc-27">
         <name>.debug_line</name>
         <load_address>0xf0</load_address>
         <run_address>0xf0</run_address>
         <size>0x4b</size>
         <input_file_ref idref="fl-134"/>
      </object_component>
      <object_component id="oc-2d">
         <name>.debug_line</name>
         <load_address>0x13b</load_address>
         <run_address>0x13b</run_address>
         <size>0x5a</size>
         <input_file_ref idref="fl-4"/>
      </object_component>
      <object_component id="oc-33">
         <name>.debug_line</name>
         <load_address>0x195</load_address>
         <run_address>0x195</run_address>
         <size>0x57</size>
         <input_file_ref idref="fl-4"/>
      </object_component>
      <object_component id="oc-39">
         <name>.debug_line</name>
         <load_address>0x1ec</load_address>
         <run_address>0x1ec</run_address>
         <size>0x57</size>
         <input_file_ref idref="fl-4"/>
      </object_component>
      <object_component id="oc-3f">
         <name>.debug_line</name>
         <load_address>0x243</load_address>
         <run_address>0x243</run_address>
         <size>0x57</size>
         <input_file_ref idref="fl-4"/>
      </object_component>
      <object_component id="oc-45">
         <name>.debug_line</name>
         <load_address>0x29a</load_address>
         <run_address>0x29a</run_address>
         <size>0x64</size>
         <input_file_ref idref="fl-3"/>
      </object_component>
      <object_component id="oc-48">
         <name>.debug_line</name>
         <load_address>0x2fe</load_address>
         <run_address>0x2fe</run_address>
         <size>0x42</size>
         <input_file_ref idref="fl-4"/>
      </object_component>
      <object_component id="oc-4e">
         <name>.debug_line</name>
         <load_address>0x340</load_address>
         <run_address>0x340</run_address>
         <size>0x87</size>
         <input_file_ref idref="fl-13b"/>
      </object_component>
      <object_component id="oc-53">
         <name>.debug_line</name>
         <load_address>0x3c7</load_address>
         <run_address>0x3c7</run_address>
         <size>0x50</size>
         <input_file_ref idref="fl-13a"/>
      </object_component>
      <object_component id="oc-59">
         <name>.debug_line</name>
         <load_address>0x417</load_address>
         <run_address>0x417</run_address>
         <size>0x7a</size>
         <input_file_ref idref="fl-136"/>
      </object_component>
      <object_component id="oc-63">
         <name>.debug_line</name>
         <load_address>0x491</load_address>
         <run_address>0x491</run_address>
         <size>0x88</size>
         <input_file_ref idref="fl-137"/>
      </object_component>
      <object_component id="oc-68">
         <name>.debug_line</name>
         <load_address>0x519</load_address>
         <run_address>0x519</run_address>
         <size>0x3a</size>
         <input_file_ref idref="fl-133"/>
      </object_component>
      <object_component id="oc-6f">
         <name>.debug_line</name>
         <load_address>0x553</load_address>
         <run_address>0x553</run_address>
         <size>0x34</size>
         <input_file_ref idref="fl-135"/>
      </object_component>
      <object_component id="oc-77">
         <name>.debug_line</name>
         <load_address>0x587</load_address>
         <run_address>0x587</run_address>
         <size>0x8c</size>
         <input_file_ref idref="fl-134"/>
      </object_component>
      <object_component id="oc-7d">
         <name>.debug_line</name>
         <load_address>0x613</load_address>
         <run_address>0x613</run_address>
         <size>0x39</size>
         <input_file_ref idref="fl-134"/>
      </object_component>
      <object_component id="oc-87">
         <name>.debug_line</name>
         <load_address>0x64c</load_address>
         <run_address>0x64c</run_address>
         <size>0x62</size>
         <input_file_ref idref="fl-3"/>
      </object_component>
      <object_component id="oc-93">
         <name>.debug_line</name>
         <load_address>0x6ae</load_address>
         <run_address>0x6ae</run_address>
         <size>0x42</size>
         <input_file_ref idref="fl-4"/>
      </object_component>
      <object_component id="oc-97">
         <name>.debug_line</name>
         <load_address>0x6f0</load_address>
         <run_address>0x6f0</run_address>
         <size>0x20</size>
         <input_file_ref idref="fl-2"/>
      </object_component>
      <object_component id="oc-9c">
         <name>.debug_line</name>
         <load_address>0x710</load_address>
         <run_address>0x710</run_address>
         <size>0x63</size>
         <input_file_ref idref="fl-2"/>
      </object_component>
      <object_component id="oc-a2">
         <name>.debug_line</name>
         <load_address>0x773</load_address>
         <run_address>0x773</run_address>
         <size>0x6d</size>
         <input_file_ref idref="fl-13c"/>
      </object_component>
      <object_component id="oc-a9">
         <name>.debug_line</name>
         <load_address>0x7e0</load_address>
         <run_address>0x7e0</run_address>
         <size>0x5c</size>
         <input_file_ref idref="fl-3"/>
      </object_component>
      <object_component id="oc-b5">
         <name>.debug_line</name>
         <load_address>0x83c</load_address>
         <run_address>0x83c</run_address>
         <size>0x33</size>
         <input_file_ref idref="fl-138"/>
      </object_component>
      <object_component id="oc-ba">
         <name>.debug_line</name>
         <load_address>0x86f</load_address>
         <run_address>0x86f</run_address>
         <size>0x44</size>
         <input_file_ref idref="fl-133"/>
      </object_component>
      <object_component id="oc-bd">
         <name>.debug_line</name>
         <load_address>0x8b3</load_address>
         <run_address>0x8b3</run_address>
         <size>0x20</size>
         <input_file_ref idref="fl-133"/>
      </object_component>
[...]
         <size>0x15008</size>
         <flags>0x5</flags>
         <contents>
            <logical_group_ref idref="lg-3"/>
            <logical_group_ref idref="lg-5"/>
            <logical_group_ref idref="lg-4"/>
            <logical_group_ref idref="lg-6"/>
         </contents>
      </load_segment>
      <load_segment id="lg-26a" display="no" color="cyan">
         <name>SEGMENT_1</name>
         <run_address>0x20000000</run_address>
         <size>0xa54</size>
         <flags>0x6</flags>
         <contents>
            <logical_group_ref idref="lg-b"/>
            <logical_group_ref idref="lg-d"/>
            <logical_group_ref idref="lg-a"/>
         </contents>
      </load_segment>
   </logical_group_list>
   <placement_map>
      <memory_area display="yes" color="green">
         <name>FLASH</name>
         <page_id>0x0</page_id>
         <origin>0x0</origin>
         <length>0x100000</length>
         <used_space>0x15008</used_space>
         <unused_space>0xeaff8</unused_space>
         <attributes>RX</attributes>
         <usage_details>
            <allocated_space>
               <start_address>0x0</start_address>
               <size>0x208</size>
               <logical_group_ref idref="lg-3"/>
            </allocated_space>
            <allocated_space>
               <start_address>0x208</start_address>
               <size>0x13458</size>
               <logical_group_ref idref="lg-5"/>
            </allocated_space>
            <allocated_space>
               <start_address>0x13660</start_address>
               <size>0x1940</size>
               <logical_group_ref idref="lg-4"/>
            </allocated_space>
            <allocated_space>
               <start_address>0x14fa0</start_address>
               <size>0x68</size>
               <logical_group_ref idref="lg-6"/>
            </allocated_space>
            <available_space>
               <start_address>0x15008</start_address>
               <size>0xeaff8</size>
            </available_space>
         </usage_details>
      </memory_area>
      <memory_area display="yes" color="green">
         <name>SRAM</name>
         <page_id>0x0</page_id>
         <origin>0x20000000</origin>
         <length>0x40000</length>
         <used_space>0xa50</used_space>
         <unused_space>0x3f5b0</unused_space>
         <attributes>RWX</attributes>
         <usage_details>
            <allocated_space>
               <start_address>0x20000000</start_address>
               <size>0x50c</size>
               <logical_group_ref idref="lg-b"/>
            </allocated_space>
            <allocated_space>
               <start_address>0x2000050c</start_address>
               <size>0x400</size>
               <logical_group_ref idref="lg-d"/>
            </allocated_space>
            <available_space>
               <start_address>0x2000090c</start_address>
               <size>0x4</size>
            </available_space>
            <allocated_space>
               <start_address>0x20000910</start_address>
               <size>0x144</size>
               <logical_group_ref idref="lg-a"/>
            </allocated_space>
            <available_space>
               <start_address>0x20000a54</start_address>
               <size>0x3f5ac</size>
            </available_space>
         </usage_details>
      </memory_area>
   </placement_map>
   <cptbl_list>
      <cptbl>
         <name>__TI_cinit_table</name>
         <cprec>
            <name>.data</name>
            <load_address>0x14fa0</load_address>
            <load_size>0x3d</load_size>
            <run_address>0x20000910</run_address>
            <run_size>0x144</run_size>
            <compression>rle</compression>
         </cprec>
         <cprec>
            <name>.bss</name>
            <load_address>0x14ff0</load_address>
            <load_size>0x8</load_size>
            <run_address>0x20000000</run_address>
            <run_size>0x50c</run_size>
            <compression>zero_init</compression>
         </cprec>
      </cptbl>
   </cptbl_list>
   <handler_table>
      <handler_table_name>__TI_handler_table</handler_table_name>
      <handler>
         <index>0x0</index>
         <name>__TI_decompress_rle24</name>
      </handler>
      <handler>
         <index>0x1</index>
         <name>__TI_decompress_none</name>
      </handler>
      <handler>
         <index>0x2</index>
         <name>__TI_zero_init</name>
      </handler>
   </handler_table>
   <symbol_table>
      <symbol id="sm-1">
         <name>__STACK_TOP</name>
         <value>0x2000070c</value>
      </symbol>
      <symbol id="sm-2">
         <name>__TI_CINIT_Base</name>
         <value>0x14ff8</value>
      </symbol>
      <symbol id="sm-3">
         <name>__TI_CINIT_Limit</name>
         <value>0x15008</value>
      </symbol>
      <symbol id="sm-4">
         <name>__TI_Handler_Table_Base</name>
         <value>0x14fe0</value>
      </symbol>
      <symbol id="sm-5">
         <name>__TI_Handler_Table_Limit</name>
         <value>0x14fec</value>
      </symbol>
      <symbol id="sm-6">
         <name>binit</name>
         <value>0xffffffff</value>
      </symbol>
      <symbol id="sm-7">
         <name>__binit__</name>
         <value>0xffffffff</value>
      </symbol>
      <symbol id="sm-8">
         <name>__STACK_SIZE</name>
         <value>0x400</value>
      </symbol>
      <symbol id="sm-9">
         <name>__STACK_END</name>
         <value>0x2000090c</value>
      </symbol>
      <symbol id="sm-a">
         <name>__c_args__</name>
         <value>0xffffffff</value>
      </symbol>
      <symbol id="sm-a7">
         <name>inputIndex</name>
         <value>0x20000508</value>
      </symbol>
      <symbol id="sm-a8">
         <name>adc_value</name>
         <value>0x20000500</value>
      </symbol>
      <symbol id="sm-a9">
         <name>g_ui32SysClock</name>
         <value>0x20000504</value>
      </symbol>
      <symbol id="sm-aa">
         <name>runFFT</name>
         <value>0x14c29</value>
         <object_component_ref idref="oc-83"/>
      </symbol>
      <symbol id="sm-ab">
         <name>main</name>
         <value>0x14cfd</value>
         <object_component_ref idref="oc-a5"/>
      </symbol>
      <symbol id="sm-ac">
         <name>configureADC</name>
         <value>0x14481</value>
         <object_component_ref idref="oc-fa"/>
      </symbol>
      <symbol id="sm-ad">
         <name>peakBucket</name>
         <value>0x20000a30</value>
         <object_component_ref idref="oc-e0"/>
      </symbol>
      <symbol id="sm-ae">
         <name>ifftFlag</name>
         <value>0x20000a28</value>
         <object_component_ref idref="oc-e0"/>
      </symbol>
      <symbol id="sm-af">
         <name>ADC0_SampleHandler</name>
         <value>0x1478d</value>
         <object_component_ref idref="oc-41"/>
      </symbol>
      <symbol id="sm-b0">
         <name>inputData</name>
         <value>0x20000000</value>
         <object_component_ref idref="oc-8c"/>
      </symbol>
      <symbol id="sm-b1">
         <name>doBitReverse</name>
         <value>0x20000a2c</value>
         <object_component_ref idref="oc-e0"/>
      </symbol>
      <symbol id="sm-e2">
         <name>ResetISR</name>
         <value>0x14f95</value>
         <object_component_ref idref="oc-29"/>
      </symbol>
      <symbol id="sm-e3">
         <name>g_pfnVectors</name>
         <value>0x0</value>
         <object_component_ref idref="oc-e"/>
      </symbol>
      <symbol id="sm-f3">
         <name>_c_int00</name>
         <value>0x14d45</value>
         <object_component_ref idref="oc-11"/>
      </symbol>
      <symbol id="sm-f4">
         <name>__stack</name>
         <value>0x2000050c</value>
         <object_component_ref idref="oc-28"/>
      </symbol>
      <symbol id="sm-10b">
         <name>__TI_decompress_none</name>
         <value>0x14f87</value>
         <object_component_ref idref="oc-16"/>
      </symbol>
      <symbol id="sm-12f">
         <name>__TI_decompress_rle24</name>
         <value>0x14f9b</value>
         <object_component_ref idref="oc-22"/>
      </symbol>
      <symbol id="sm-143">
         <name>__TI_zero_init</name>
         <value>0x14f75</value>
         <object_component_ref idref="oc-1c"/>
      </symbol>
      <symbol id="sm-162">
         <name>C$$EXIT</name>
         <value>0x14dd1</value>
         <object_component_ref idref="oc-55"/>
      </symbol>
      <symbol id="sm-163">
         <name>abort</name>
         <value>0x14dd5</value>
         <object_component_ref idref="oc-55"/>
      </symbol>
      <symbol id="sm-164">
         <name>exit</name>
         <value>0x14ddd</value>
         <object_component_ref idref="oc-55"/>
      </symbol>
      <symbol id="sm-165">
         <name>__TI_dtors_ptr</name>
         <value>0x20000a40</value>
         <object_component_ref idref="oc-b0"/>
      </symbol>
      <symbol id="sm-166">
         <name>__TI_cleanup_ptr</name>
         <value>0x20000a3c</value>
         <object_component_ref idref="oc-b0"/>
      </symbol>
      <symbol id="sm-181">
         <name>memcpy</name>
         <value>0x14a5f</value>
         <object_component_ref idref="oc-5f"/>
      </symbol>
      <symbol id="sm-182">
         <name>__aeabi_memcpy</name>
         <value>0x14a5f</value>
         <object_component_ref idref="oc-5f"/>
      </symbol>
      <symbol id="sm-183">
         <name>__aeabi_memcpy8</name>
         <value>0x14a5f</value>
         <object_component_ref idref="oc-5f"/>
      </symbol>
      <symbol id="sm-184">
         <name>__aeabi_memcpy4</name>
         <value>0x14a5f</value>
         <object_component_ref idref="oc-5f"/>
      </symbol>
      <symbol id="sm-18c">
         <name>main_func_sp</name>
         <value>0x20000a50</value>
         <object_component_ref idref="oc-5b"/>
      </symbol>
      <symbol id="sm-1a5">
         <name>_nop</name>
         <value>0x14f6f</value>
         <object_component_ref idref="oc-10a"/>
      </symbol>
      <symbol id="sm-1a6">
         <name>_lock</name>
         <value>0x20000a34</value>
         <object_component_ref idref="oc-ad"/>
      </symbol>
      <symbol id="sm-1a7">
         <name>_unlock</name>
         <value>0x20000a38</value>
         <object_component_ref idref="oc-ad"/>
      </symbol>
      <symbol id="sm-1a8">
         <name>_register_lock</name>
         <value>0x14f67</value>
         <object_component_ref idref="oc-10a"/>
      </symbol>
      <symbol id="sm-1a9">
         <name>_register_unlock</name>
         <value>0x14f61</value>
         <object_component_ref idref="oc-10a"/>
      </symbol>
      <symbol id="sm-1bd">
         <name>_args_main</name>
         <value>0x14f49</value>
         <object_component_ref idref="oc-4f"/>
      </symbol>
      <symbol id="sm-1da">
         <name>__TI_auto_init</name>
         <value>0x14b95</value>
         <object_component_ref idref="oc-4a"/>
      </symbol>
      <symbol id="sm-1f3">
         <name>copy_in</name>
         <value>0x14d8d</value>
         <object_component_ref idref="oc-9e"/>
      </symbol>
      <symbol id="sm-214">
         <name>arm_rfft_fast_f32</name>
         <value>0x14e55</value>
         <object_component_ref idref="oc-ce"/>
      </symbol>
      <symbol id="sm-215">
         <name>merge_rfft_f32</name>
         <value>0x14afb</value>
         <object_component_ref idref="oc-16e"/>
      </symbol>
      <symbol id="sm-216">
         <name>stage_rfft_f32</name>
         <value>0x149bb</value>
         <object_component_ref idref="oc-168"/>
      </symbol>
      <symbol id="sm-245">
         <name>arm_rfft_fast_init_f32</name>
         <value>0x145b9</value>
         <object_component_ref idref="oc-c8"/>
      </symbol>
      <symbol id="sm-256">
         <name>arm_max_f32</name>
         <value>0x1490d</value>
         <object_component_ref idref="oc-da"/>
      </symbol>
      <symbol id="sm-26e">
         <name>arm_cmplx_mag_f32</name>
         <value>0x14349</value>
         <object_component_ref idref="oc-d4"/>
      </symbol>
      <symbol id="sm-303">
         <name>twiddleCoef_rfft_64</name>
         <value>0x13368</value>
         <object_component_ref idref="oc-154"/>
      </symbol>
      <symbol id="sm-304">
         <name>armBitRevIndexTable1024</name>
         <value>0xffc8</value>
         <object_component_ref idref="oc-121"/>
      </symbol>
      <symbol id="sm-305">
         <name>armBitRevIndexTable2048</name>
         <value>0xc208</value>
         <object_component_ref idref="oc-118"/>
      </symbol>
      <symbol id="sm-306">
         <name>twiddleCoef_2048</name>
         <value>0x208</value>
         <object_component_ref idref="oc-11b"/>
      </symbol>
      <symbol id="sm-307">
         <name>twiddleCoef_rfft_32</name>
         <value>0x134e8</value>
         <object_component_ref idref="oc-15d"/>
      </symbol>
      <symbol id="sm-308">
         <name>twiddleCoef_rfft_1024</name>
         <value>0xefc8</value>
         <object_component_ref idref="oc-130"/>
      </symbol>
      <symbol id="sm-309">
         <name>twiddleCoef_256</name>
         <value>0x10dd8</value>
         <object_component_ref idref="oc-136"/>
      </symbol>
      <symbol id="sm-30a">
         <name>twiddleCoef_32</name>
         <value>0x13268</value>
         <object_component_ref idref="oc-151"/>
      </symbol>
      <symbol id="sm-30b">
         <name>twiddleCoef_16</name>
         <value>0x13468</value>
         <object_component_ref idref="oc-15a"/>
      </symbol>
      <symbol id="sm-30c">
         <name>twiddleCoef_1024</name>
         <value>0x8208</value>
         <object_component_ref idref="oc-124"/>
      </symbol>
      <symbol id="sm-30d">
         <name>twiddleCoef_128</name>
         <value>0x11dd8</value>
         <object_component_ref idref="oc-13f"/>
      </symbol>
      <symbol id="sm-30e">
         <name>twiddleCoef_64</name>
         <value>0x12cc8</value>
         <object_component_ref idref="oc-148"/>
      </symbol>
      <symbol id="sm-30f">
         <name>twiddleCoef_rfft_256</name>
         <value>0x121d8</value>
         <object_component_ref idref="oc-142"/>
      </symbol>
      <symbol id="sm-310">
         <name>armBitRevIndexTable128</name>
         <value>0x130c8</value>
         <object_component_ref idref="oc-13c"/>
      </symbol>
      <symbol id="sm-311">
         <name>twiddleCoef_512</name>
         <value>0xdfc8</value>
         <object_component_ref idref="oc-12d"/>
      </symbol>
      <symbol id="sm-312">
         <name>twiddleCoef_rfft_2048</name>
         <value>0xa208</value>
         <object_component_ref idref="oc-127"/>
      </symbol>
      <symbol id="sm-313">
         <name>armBitRevIndexTable512</name>
         <value>0x125d8</value>
         <object_component_ref idref="oc-12a"/>
      </symbol>
      <symbol id="sm-314">
         <name>twiddleCoef_rfft_512</name>
         <value>0x115d8</value>
         <object_component_ref idref="oc-139"/>
      </symbol>
      <symbol id="sm-315">
         <name>armBitRevIndexTable16</name>
         <value>0x13638</value>
         <object_component_ref idref="oc-157"/>
      </symbol>
      <symbol id="sm-316">
         <name>armBitRevIndexTable32</name>
         <value>0x135d8</value>
         <object_component_ref idref="oc-14e"/>
      </symbol>
      <symbol id="sm-317">
         <name>twiddleCoef_rfft_4096</name>
         <value>0x4208</value>
         <object_component_ref idref="oc-11e"/>
      </symbol>
      <symbol id="sm-318">
         <name>armBitRevIndexTable64</name>
         <value>0x13568</value>
         <object_component_ref idref="oc-145"/>
      </symbol>
      <symbol id="sm-319">
         <name>twiddleCoef_rfft_128</name>
         <value>0x12ec8</value>
         <object_component_ref idref="oc-14b"/>
      </symbol>
      <symbol id="sm-31a">
         <name>armBitRevIndexTable256</name>
         <value>0x12958</value>
         <object_component_ref idref="oc-133"/>
      </symbol>
      <symbol id="sm-345">
         <name>arm_cfft_radix8by4_f32</name>
         <value>0x13d65</value>
         <object_component_ref idref="oc-1ce"/>
      </symbol>
      <symbol id="sm-346">
         <name>arm_cfft_f32</name>
         <value>0x146b5</value>
         <object_component_ref idref="oc-162"/>
      </symbol>
      <symbol id="sm-347">
         <name>arm_cfft_radix8by2_f32</name>
         <value>0x141c1</value>
         <object_component_ref idref="oc-1d4"/>
      </symbol>
      <symbol id="sm-35c">
         <name>arm_radix8_butterfly_f32</name>
         <value>0x13661</value>
         <object_component_ref idref="oc-1c8"/>
      </symbol>
      <symbol id="sm-367">
         <name>arm_bitreversal_32</name>
         <value>0x1484d</value>
         <object_component_ref idref="oc-1da"/>
      </symbol>
      <symbol id="sm-368">
         <name>arm_bitreversal_16</name>
         <value>0x148b7</value>
         <object_component_ref idref="oc-1da"/>
      </symbol>
      <symbol id="sm-378">
         <name>sqrtf</name>
         <value>0x14f25</value>
         <object_component_ref idref="oc-176"/>
      </symbol>
      <symbol id="sm-387">
         <name>_Feraise</name>
         <value>0x14ec5</value>
         <object_component_ref idref="oc-1e5"/>
      </symbol>
      <symbol id="sm-396">
         <name>_FZero</name>
         <value>0x20000a24</value>
         <object_component_ref idref="oc-1eb"/>
      </symbol>
      <symbol id="sm-397">
         <name>_FRteps</name>
         <value>0x20000a10</value>
         <object_component_ref idref="oc-1eb"/>
      </symbol>
      <symbol id="sm-398">
         <name>_FSnan</name>
         <value>0x20000a00</value>
         <object_component_ref idref="oc-1eb"/>
      </symbol>
      <symbol id="sm-399">
         <name>_FNan</name>
         <value>0x200009f0</value>
         <object_component_ref idref="oc-1eb"/>
      </symbol>
      <symbol id="sm-39a">
         <name>_FInf</name>
         <value>0x200009e0</value>
         <object_component_ref idref="oc-1eb"/>
      </symbol>
      <symbol id="sm-39b">
         <name>_FEps</name>
         <value>0x200009d0</value>
         <object_component_ref idref="oc-1eb"/>
      </symbol>
      <symbol id="sm-39c">
         <name>_FXbig</name>
         <value>0x20000a20</value>
         <object_component_ref idref="oc-1eb"/>
      </symbol>
      <symbol id="sm-39d">
         <name>_FDenorm</name>
         <value>0x200009c0</value>
         <object_component_ref idref="oc-1eb"/>
      </symbol>
      <symbol id="sm-3a5">
         <name>_Errno</name>
         <value>0x20000a4c</value>
         <object_component_ref idref="oc-205"/>
      </symbol>
      <symbol id="sm-3c3">
         <name>feraiseexcept</name>
         <value>0x14e91</value>
         <object_component_ref idref="oc-1ff"/>
      </symbol>
      <symbol id="sm-3c4">
         <name>_Tls_setup__Fenv</name>
         <value>0x20000a48</value>
         <object_component_ref idref="oc-21a"/>
      </symbol>
      <symbol id="sm-3c5">
         <name>_Fenv</name>
         <value>0x20000a44</value>
         <object_component_ref idref="oc-21a"/>
      </symbol>
      <symbol id="sm-3d9">
         <name>raise</name>
         <value>0x14ef5</value>
         <object_component_ref idref="oc-214"/>
      </symbol>
      <symbol id="sm-3f3">
         <name>signal</name>
         <value>0x14e15</value>
         <object_component_ref idref="oc-220"/>
      </symbol>
      <symbol id="sm-3f4">
         <name>__TI_static_base__</name>
         <value>0x0</value>
      </symbol>
      <symbol id="sm-3f5">
         <name>__TI_args_main</name>
         <value>0x1</value>
      </symbol>
      <symbol id="sm-3f6">
         <name>SHT$$INIT_ARRAY$$Limit</name>
         <value>0x0</value>
      </symbol>
      <symbol id="sm-3f7">
         <name>SHT$$INIT_ARRAY$$Base</name>
         <value>0x0</value>
      </symbol>
   </symbol_table>
   <title>Link successful</title>
</link_info>
