<?xml version="1.0"?>
<link_info>
   <banner>TI ARM Linker Unix v5.1.10</banner>
   <copyright>Copyright (c) 1996-2015 Texas Instruments Incorporated</copyright>
   <link_time>0x552b149a</link_time>
   <link_errors>0x0</link_errors>
   <output_file>ti_cortex_m4_arm_fft_bin_example.out</output_file>
   <entry_point>
      <name>_c_int00</name>
      <address>0x14d59</address>
   </entry_point>
   <input_file_list>
      <input_file id="fl-2">
         <path>./</path>
         <kind>object</kind>
         <file>arm_fft_bin_data.obj</file>
         <name>arm_fft_bin_data.obj</name>
      </input_file>
      <input_file id="fl-3">
         <path>./</path>
         <kind>object</kind>
         <file>arm_fft_bin_example_f32.obj</file>
         <name>arm_fft_bin_example_f32.obj</name>
      </input_file>
      <input_file id="fl-4">
         <path>./</path>
         <kind>object</kind>
         <file>tm4c1294ncpdt_startup_ccs.obj</file>
         <name>tm4c1294ncpdt_startup_ccs.obj</name>
      </input_file>
      <input_file id="fl-132">
         <path>/home/keith/ti/ccsv6/tools/compiler/arm_5.1.10/lib/</path>
         <kind>archive</kind>
         <file>rtsv7M4_T_le_v4SPD16_eabi.lib</file>
         <name>boot.obj</name>
      </input_file>
      <input_file id="fl-133">
         <path>/home/keith/ti/ccsv6/tools/compiler/arm_5.1.10/lib/</path>
         <kind>archive</kind>
         <file>rtsv7M4_T_le_v4SPD16_eabi.lib</file>
         <name>copy_decompress_none.obj</name>
      </input_file>
      <input_file id="fl-134">
         <path>/home/keith/ti/ccsv6/tools/compiler/arm_5.1.10/lib/</path>
         <kind>archive</kind>
         <file>rtsv7M4_T_le_v4SPD16_eabi.lib</file>
         <name>copy_decompress_rle.obj</name>
      </input_file>
      <input_file id="fl-135">
         <path>/home/keith/ti/ccsv6/tools/compiler/arm_5.1.10/lib/</path>
         <kind>archive</kind>
         <file>rtsv7M4_T_le_v4SPD16_eabi.lib</file>
         <name>copy_zero_init.obj</name>
      </input_file>
      <input_file id="fl-136">
         <path>/home/keith/ti/ccsv6/tools/compiler/arm_5.1.10/lib/</path>
         <kind>archive</kind>
         <file>rtsv7M4_T_le_v4SPD16_eabi.lib</file>
         <name>exit.obj</name>
      </input_file>
      <input_file id="fl-137">
         <path>/home/keith/ti/ccsv6/tools/compiler/arm_5.1.10/lib/</path>
         <kind>archive</kind>
         <file>rtsv7M4_T_le_v4SPD16_eabi.lib</file>
         <name>memcpy_t2.obj</name>
      </input_file>
      <input_file id="fl-138">
         <path>/home/keith/ti/ccsv6/tools/compiler/arm_5.1.10/lib/</path>
         <kind>archive</kind>
         <file>rtsv7M4_T_le_v4SPD16_eabi.lib</file>
         <name>stkdepth_vars.obj</name>
      </input_file>
      <input_file id="fl-139">
         <path>/home/keith/ti/ccsv6/tools/compiler/arm_5.1.10/lib/</path>
         <kind>archive</kind>
         <file>rtsv7M4_T_le_v4SPD16_eabi.lib</file>
         <name>_lock.obj</name>
      </input_file>
      <input_file id="fl-13a">
         <path>/home/keith/ti/ccsv6/tools/compiler/arm_5.1.10/lib/</path>
         <kind>archive</kind>
         <file>rtsv7M4_T_le_v4SPD16_eabi.lib</file>
         <name>args_main.obj</name>
      </input_file>
      <input_file id="fl-13b">
         <path>/home/keith/ti/ccsv6/tools/compiler/arm_5.1.10/lib/</path>
         <kind>archive</kind>
         <file>rtsv7M4_T_le_v4SPD16_eabi.lib</file>
         <name>auto_init.obj</name>
      </input_file>
      <input_file id="fl-13c">
         <path>/home/keith/ti/ccsv6/tools/compiler/arm_5.1.10/lib/</path>
         <kind>archive</kind>
         <file>rtsv7M4_T_le_v4SPD16_eabi.lib</file>
         <name>cpy_tbl.obj</name>
      </input_file>
      <input_file id="fl-13d">
         <path>/home/keith/arm/CMSIS/Lib/CCS/M4/</path>
         <kind>archive</kind>
         <file>dsplib-cm4f.lib</file>
         <name>arm_rfft_fast_f32.obj</name>
      </input_file>
      <input_file id="fl-13e">
         <path>/home/keith/arm/CMSIS/Lib/CCS/M4/</path>
         <kind>archive</kind>
         <file>dsplib-cm4f.lib</file>
         <name>arm_rfft_fast_init_f32.obj</name>
      </input_file>
      <input_file id="fl-13f">
         <path>/home/keith/arm/CMSIS/Lib/CCS/M4/</path>
         <kind>archive</kind>
         <file>dsplib-cm4f.lib</file>
         <name>arm_max_f32.obj</name>
      </input_file>
      <input_file id="fl-140">
         <path>/home/keith/arm/CMSIS/Lib/CCS/M4/</path>
         <kind>archive</kind>
         <file>dsplib-cm4f.lib</file>
         <name>arm_cmplx_mag_f32.obj</name>
      </input_file>
      <input_file id="fl-141">
         <path>/home/keith/arm/CMSIS/Lib/CCS/M4/</path>
         <kind>archive</kind>
         <file>dsplib-cm4f.lib</file>
         <name>arm_common_tables.obj</name>
      </input_file>
      <input_file id="fl-142">
         <path>/home/keith/arm/CMSIS/Lib/CCS/M4/</path>
         <kind>archive</kind>
         <file>dsplib-cm4f.lib</file>
         <name>arm_cfft_f32.obj</name>
      </input_file>
      <input_file id="fl-143">
         <path>/home/keith/arm/CMSIS/Lib/CCS/M4/</path>
         <kind>archive</kind>
         <file>dsplib-cm4f.lib</file>
         <name>arm_cfft_radix8_f32.obj</name>
      </input_file>
      <input_file id="fl-144">
         <path>/home/keith/arm/CMSIS/Lib/CCS/M4/</path>
         <kind>archive</kind>
         <file>dsplib-cm4f.lib</file>
         <name>arm_bitreversal2.obj</name>
      </input_file>
      <input_file id="fl-145">
         <path>/home/keith/ti/ccsv6/tools/compiler/arm_5.1.10/lib/</path>
         <kind>archive</kind>
         <file>rtsv7M4_T_le_v4SPD16_eabi.lib</file>
         <name>sqrtf.obj</name>
      </input_file>
      <input_file id="fl-146">
         <path>/home/keith/ti/ccsv6/tools/compiler/arm_5.1.10/lib/</path>
         <kind>archive</kind>
         <file>rtsv7M4_T_le_v4SPD16_eabi.lib</file>
         <name>xferaise.obj</name>
      </input_file>
      <input_file id="fl-147">
         <path>/home/keith/ti/ccsv6/tools/compiler/arm_5.1.10/lib/</path>
         <kind>archive</kind>
         <file>rtsv7M4_T_le_v4SPD16_eabi.lib</file>
         <name>xfvalues.obj</name>
      </input_file>
      <input_file id="fl-148">
         <path>/home/keith/ti/ccsv6/tools/compiler/arm_5.1.10/lib/</path>
         <kind>archive</kind>
         <file>rtsv7M4_T_le_v4SPD16_eabi.lib</file>
         <name>errno.obj</name>
      </input_file>
      <input_file id="fl-149">
         <path>/home/keith/ti/ccsv6/tools/compiler/arm_5.1.10/lib/</path>
         <kind>archive</kind>
         <file>rtsv7M4_T_le_v4SPD16_eabi.lib</file>
         <name>feraiseexcept.obj</name>
      </input_file>
      <input_file id="fl-14a">
         <path>/home/keith/ti/ccsv6/tools/compiler/arm_5.1.10/lib/</path>
         <kind>archive</kind>
         <file>rtsv7M4_T_le_v4SPD16_eabi.lib</file>
         <name>raise.obj</name>
      </input_file>
      <input_file id="fl-14b">
         <path>/home/keith/ti/ccsv6/tools/compiler/arm_5.1.10/lib/</path>
         <kind>archive</kind>
         <file>rtsv7M4_T_le_v4SPD16_eabi.lib</file>
         <name>signal.obj</name>
      </input_file>
   </input_file_list>
   <object_component_list>
      <object_component id="oc-e">
         <name>.intvecs</name>
         <load_address>0x0</load_address>
         <run_address>0x0</run_address>
         <size>0x208</size>
         <input_file_ref idref="fl-4"/>
      </object_component>
      <object_component id="oc-1c8">
         <name>.text:arm_radix8_butterfly_f32</name>
         <load_address>0x13660</load_address>
         <run_address>0x13660</run_address>
         <size>0x704</size>
         <input_file_ref idref="fl-143"/>
      </object_component>
      <object_component id="oc-1ce">
         <name>.text:arm_cfft_radix8by4_f32</name>
         <load_address>0x13d64</load_address>
         <run_address>0x13d64</run_address>
         <size>0x45c</size>
         <input_file_ref idref="fl-142"/>
      </object_component>
      <object_component id="oc-1d4">
         <name>.text:arm_cfft_radix8by2_f32</name>
         <load_address>0x141c0</load_address>
         <run_address>0x141c0</run_address>
         <size>0x186</size>
         <input_file_ref idref="fl-142"/>
      </object_component>
      <object_component id="oc-35">
         <name>.text:FaultISR</name>
         <load_address>0x14346</load_address>
         <run_address>0x14346</run_address>
         <size>0x2</size>
         <input_file_ref idref="fl-4"/>
      </object_component>
      <object_component id="oc-d4">
         <name>.text:arm_cmplx_mag_f32</name>
         <load_address>0x14348</load_address>
         <run_address>0x14348</run_address>
         <size>0x138</size>
         <input_file_ref idref="fl-140"/>
      </object_component>
      <object_component id="oc-fa">
         <name>.text:configureADC</name>
         <load_address>0x14480</load_address>
         <run_address>0x14480</run_address>
         <size>0x138</size>
         <input_file_ref idref="fl-3"/>
      </object_component>
      <object_component id="oc-c8">
         <name>.text:arm_rfft_fast_init_f32</name>
         <load_address>0x145b8</load_address>
         <run_address>0x145b8</run_address>
         <size>0xfc</size>
         <input_file_ref idref="fl-13e"/>
      </object_component>
      <object_component id="oc-162">
         <name>.text:arm_cfft_f32</name>
         <load_address>0x146b4</load_address>
         <run_address>0x146b4</run_address>
         <size>0xd6</size>
         <input_file_ref idref="fl-142"/>
      </object_component>
      <object_component id="oc-3b">
         <name>.text:IntDefaultHandler</name>
         <load_address>0x1478a</load_address>
         <run_address>0x1478a</run_address>
         <size>0x2</size>
         <input_file_ref idref="fl-4"/>
      </object_component>
      <object_component id="oc-41">
         <name>.text:ADC0_SampleHandler</name>
         <load_address>0x1478c</load_address>
         <run_address>0x1478c</run_address>
         <size>0xc0</size>
         <input_file_ref idref="fl-3"/>
      </object_component>
      <object_component id="oc-1da">
         <name>.text</name>
         <load_address>0x1484c</load_address>
         <run_address>0x1484c</run_address>
         <size>0xc0</size>
         <input_file_ref idref="fl-144"/>
      </object_component>
      <object_component id="oc-da">
         <name>.text:arm_max_f32</name>
         <load_address>0x1490c</load_address>
         <run_address>0x1490c</run_address>
         <size>0xae</size>
         <input_file_ref idref="fl-13f"/>
      </object_component>
      <object_component id="oc-168">
         <name>.text:stage_rfft_f32</name>
         <load_address>0x149ba</load_address>
         <run_address>0x149ba</run_address>
         <size>0xa4</size>
         <input_file_ref idref="fl-13d"/>
      </object_component>
      <object_component id="oc-5f">
         <name>.text</name>
         <load_address>0x14a5e</load_address>
         <run_address>0x14a5e</run_address>
         <size>0x9c</size>
         <input_file_ref idref="fl-137"/>
      </object_component>
      <object_component id="oc-16e">
         <name>.text:merge_rfft_f32</name>
         <load_address>0x14afa</load_address>
         <run_address>0x14afa</run_address>
         <size>0x9a</size>
         <input_file_ref idref="fl-13d"/>
      </object_component>
      <object_component id="oc-4a">
         <name>.text</name>
         <load_address>0x14b94</load_address>
         <run_address>0x14b94</run_address>
         <size>0x94</size>
         <input_file_ref idref="fl-13b"/>
      </object_component>
      <object_component id="oc-83">
         <name>.text:runFFT</name>
         <load_address>0x14c28</load_address>
         <run_address>0x14c28</run_address>
         <size>0x88</size>
         <input_file_ref idref="fl-3"/>
      </object_component>
      <object_component id="oc-72">
         <name>.text</name>
         <load_address>0x14cb0</load_address>
         <run_address>0x14cb0</run_address>
         <size>0x5e</size>
         <input_file_ref idref="fl-134"/>
      </object_component>
      <object_component id="oc-2f">
         <name>.text:NmiSR</name>
         <load_address>0x14d0e</load_address>
         <run_address>0x14d0e</run_address>
         <size>0x2</size>
         <input_file_ref idref="fl-4"/>
      </object_component>
      <object_component id="oc-a5">
         <name>.text:main</name>
         <load_address>0x14d10</load_address>
         <run_address>0x14d10</run_address>
         <size>0x48</size>
         <input_file_ref idref="fl-3"/>
      </object_component>
      <object_component id="oc-11">
         <name>.text</name>
         <load_address>0x14d58</load_address>
         <run_address>0x14d58</run_address>
         <size>0x48</size>
         <input_file_ref idref="fl-132"/>
      </object_component>
      <object_component id="oc-9e">
         <name>.text</name>
         <load_address>0x14da0</load_address>
         <run_address>0x14da0</run_address>
         <size>0x44</size>
         <input_file_ref idref="fl-13c"/>
      </object_component>
      <object_component id="oc-55">
         <name>.text</name>
         <load_address>0x14de4</load_address>
         <run_address>0x14de4</run_address>
         <size>0x44</size>
         <input_file_ref idref="fl-136"/>
      </object_component>
      <object_component id="oc-220">
         <name>.text</name>
         <load_address>0x14e28</load_address>
         <run_address>0x14e28</run_address>
         <size>0x40</size>
         <input_file_ref idref="fl-14b"/>
      </object_component>
      <object_component id="oc-ce">
         <name>.text:arm_rfft_fast_f32</name>
         <load_address>0x14e68</load_address>
         <run_address>0x14e68</run_address>
         <size>0x3c</size>
         <input_file_ref idref="fl-13d"/>
      </object_component>
      <object_component id="oc-1ff">
         <name>.text</name>
         <load_address>0x14ea4</load_address>
         <run_address>0x14ea4</run_address>
         <size>0x34</size>
         <input_file_ref idref="fl-149"/>
      </object_component>
      <object_component id="oc-1e5">
         <name>.text</name>
         <load_address>0x14ed8</load_address>
         <run_address>0x14ed8</run_address>
         <size>0x30</size>
         <input_file_ref idref="fl-146"/>
      </object_component>
      <object_component id="oc-214">
         <name>.text</name>
         <load_address>0x14f08</load_address>
         <run_address>0x14f08</run_address>
         <size>0x2e</size>
         <input_file_ref idref="fl-14a"/>
      </object_component>
      <object_component id="oc-176">
         <name>.text</name>
         <load_address>0x14f38</load_address>
         <run_address>0x14f38</run_address>
         <size>0x24</size>
         <input_file_ref idref="fl-145"/>
      </object_component>
      <object_component id="oc-4f">
         <name>.text</name>
         <load_address>0x14f5c</load_address>
         <run_address>0x14f5c</run_address>
         <size>0x18</size>
         <input_file_ref idref="fl-13a"/>
      </object_component>
      <object_component id="oc-10a">
         <name>.text</name>
         <load_address>0x14f74</load_address>
         <run_address>0x14f74</run_address>
         <size>0x14</size>
         <input_file_ref idref="fl-139"/>
      </object_component>
      <object_component id="oc-1c">
         <name>.text:decompress:ZI</name>
         <load_address>0x14f88</load_address>
         <run_address>0x14f88</run_address>
         <size>0x12</size>
         <input_file_ref idref="fl-135"/>
      </object_component>
      <object_component id="oc-16">
         <name>.text:decompress:none</name>
         <load_address>0x14f9a</load_address>
         <run_address>0x14f9a</run_address>
         <size>0xe</size>
         <input_file_ref idref="fl-133"/>
      </object_component>
      <object_component id="oc-29">
         <name>.text:ResetISR</name>
         <load_address>0x14fa8</load_address>
         <run_address>0x14fa8</run_address>
         <size>0x6</size>
         <input_file_ref idref="fl-4"/>
      </object_component>
      <object_component id="oc-22">
         <name>.text:decompress:rle24</name>
         <load_address>0x14fae</load_address>
         <run_address>0x14fae</run_address>
         <size>0x6</size>
         <input_file_ref idref="fl-134"/>
      </object_component>
      <object_component id="oc-11b">
         <name>.const:twiddleCoef_2048</name>
         <load_address>0x208</load_address>
         <run_address>0x208</run_address>
         <size>0x4000</size>
         <input_file_ref idref="fl-141"/>
      </object_component>
      <object_component id="oc-11e">
         <name>.const:twiddleCoef_rfft_4096</name>
         <load_address>0x4208</load_address>
         <run_address>0x4208</run_address>
         <size>0x4000</size>
         <input_file_ref idref="fl-141"/>
      </object_component>
      <object_component id="oc-124">
         <name>.const:twiddleCoef_1024</name>
         <load_address>0x8208</load_address>
         <run_address>0x8208</run_address>
         <size>0x2000</size>
         <input_file_ref idref="fl-141"/>
      </object_component>
      <object_component id="oc-127">
         <name>.const:twiddleCoef_rfft_2048</name>
         <load_address>0xa208</load_address>
         <run_address>0xa208</run_address>
         <size>0x2000</size>
         <input_file_ref idref="fl-141"/>
      </object_component>
      <object_component id="oc-118">
         <name>.const:armBitRevIndexTable2048</name>
         <load_address>0xc208</load_address>
         <run_address>0xc208</run_address>
         <size>0x1dc0</size>
         <input_file_ref idref="fl-141"/>
      </object_component>
      <object_component id="oc-12d">
         <name>.const:twiddleCoef_512</name>
         <load_address>0xdfc8</load_address>
         <run_address>0xdfc8</run_address>
         <size>0x1000</size>
         <input_file_ref idref="fl-141"/>
      </object_component>
      <object_component id="oc-130">
         <name>.const:twiddleCoef_rfft_1024</name>
         <load_address>0xefc8</load_address>
         <run_address>0xefc8</run_address>
         <size>0x1000</size>
         <input_file_ref idref="fl-141"/>
      </object_component>
      <object_component id="oc-121">
         <name>.const:armBitRevIndexTable1024</name>
         <load_address>0xffc8</load_address>
         <run_address>0xffc8</run_address>
         <size>0xe10</size>
         <input_file_ref idref="fl-141"/>
      </object_component>
      <object_component id="oc-136">
         <name>.const:twiddleCoef_256</name>
         <load_address>0x10dd8</load_address>
         <run_address>0x10dd8</run_address>
         <size>0x800</size>
         <input_file_ref idref="fl-141"/>
      </object_component>
      <object_component id="oc-139">
         <name>.const:twiddleCoef_rfft_512</name>
         <load_address>0x115d8</load_address>
         <run_address>0x115d8</run_address>
         <size>0x800</size>
         <input_file_ref idref="fl-141"/>
      </object_component>
      <object_component id="oc-13f">
         <name>.const:twiddleCoef_128</name>
         <load_address>0x11dd8</load_address>
         <run_address>0x11dd8</run_address>
         <size>0x400</size>
         <input_file_ref idref="fl-141"/>
      </object_component>
      <object_component id="oc-142">
         <name>.const:twiddleCoef_rfft_256</name>
         <load_address>0x121d8</load_address>
         <run_address>0x121d8</run_address>
         <size>0x400</size>
         <input_file_ref idref="fl-141"/>
      </object_component>
      <object_component id="oc-12a">
         <name>.const:armBitRevIndexTable512</name>
         <load_address>0x125d8</load_address>
         <run_address>0x125d8</run_address>
         <size>0x380</size>
         <input_file_ref idref="fl-141"/>
      </object_component>
      <object_component id="oc-133">
         <name>.const:armBitRevIndexTable256</name>
         <load_address>0x12958</load_address>
         <run_address>0x12958</run_address>
         <size>0x370</size>
         <input_file_ref idref="fl-141"/>
      </object_component>
      <object_component id="oc-148">
         <name>.const:twiddleCoef_64</name>
         <load_address>0x12cc8</load_address>
         <run_address>0x12cc8</run_address>
         <size>0x200</size>
         <input_file_ref idref="fl-141"/>
      </object_component>
      <object_component id="oc-14b">
         <name>.const:twiddleCoef_rfft_128</name>
         <load_address>0x12ec8</load_address>
         <run_address>0x12ec8</run_address>
         <size>0x200</size>
         <input_file_ref idref="fl-141"/>
      </object_component>
      <object_component id="oc-13c">
         <name>.const:armBitRevIndexTable128</name>
         <load_address>0x130c8</load_address>
         <run_address>0x130c8</run_address>
         <size>0x1a0</size>
         <input_file_ref idref="fl-141"/>
      </object_component>
      <object_component id="oc-151">
         <name>.const:twiddleCoef_32</name>
         <load_address>0x13268</load_address>
         <run_address>0x13268</run_address>
         <size>0x100</size>
         <input_file_ref idref="fl-141"/>
      </object_component>
      <object_component id="oc-154">
         <name>.const:twiddleCoef_rfft_64</name>
         <load_address>0x13368</load_address>
         <run_address>0x13368</run_address>
         <size>0x100</size>
         <input_file_ref idref="fl-141"/>
      </object_component>
      <object_component id="oc-15a">
         <name>.const:twiddleCoef_16</name>
         <load_address>0x13468</load_address>
         <run_address>0x13468</run_address>
         <size>0x80</size>
         <input_file_ref idref="fl-141"/>
      </object_component>
      <object_component id="oc-15d">
         <name>.const:twiddleCoef_rfft_32</name>
         <load_address>0x134e8</load_address>
         <run_address>0x134e8</run_address>
         <size>0x80</size>
         <input_file_ref idref="fl-141"/>
      </object_component>
      <object_component id="oc-145">
         <name>.const:armBitRevIndexTable64</name>
         <load_address>0x13568</load_address>
         <run_address>0x13568</run_address>
         <size>0x70</size>
         <input_file_ref idref="fl-141"/>
      </object_component>
      <object_component id="oc-14e">
         <name>.const:armBitRevIndexTable32</name>
         <load_address>0x135d8</load_address>
         <run_address>0x135d8</run_address>
         <size>0x60</size>
         <input_file_ref idref="fl-141"/>
      </object_component>
      <object_component id="oc-157">
         <name>.const:armBitRevIndexTable16</name>
         <load_address>0x13638</load_address>
         <run_address>0x13638</run_address>
         <size>0x28</size>
         <input_file_ref idref="fl-141"/>
      </object_component>
      <object_component id="oc-261">
         <name>.cinit..data.load</name>
         <load_address>0x14fb8</load_address>
         <run_address>0x14fb8</run_address>
         <size>0x45</size>
      </object_component>
      <object_component id="oc-25f">
         <name>__TI_handler_table</name>
         <load_address>0x15000</load_address>
         <run_address>0x15000</run_address>
         <size>0xc</size>
      </object_component>
      <object_component id="oc-262">
         <name>.cinit..bss.load</name>
         <load_address>0x15010</load_address>
         <run_address>0x15010</run_address>
         <size>0x8</size>
      </object_component>
      <object_component id="oc-260">
         <name>__TI_cinit_table</name>
         <load_address>0x15018</load_address>
         <run_address>0x15018</run_address>
         <size>0x10</size>
      </object_component>
      <object_component id="oc-5b">
         <name>.data</name>
         <load_address>0x200007d8</load_address>
         <run_address>0x200007d8</run_address>
         <size>0x4</size>
         <input_file_ref idref="fl-138"/>
      </object_component>
      <object_component id="oc-ad">
         <name>.data</name>
         <load_address>0x200007bc</load_address>
         <run_address>0x200007bc</run_address>
         <size>0x8</size>
         <input_file_ref idref="fl-139"/>
      </object_component>
      <object_component id="oc-b0">
         <name>.data</name>
         <load_address>0x200007c4</load_address>
         <run_address>0x200007c4</run_address>
         <size>0x8</size>
         <input_file_ref idref="fl-136"/>
      </object_component>
      <object_component id="oc-e0">
         <name>.data</name>
         <load_address>0x200007a8</load_address>
         <run_address>0x200007a8</run_address>
         <size>0x14</size>
         <input_file_ref idref="fl-3"/>
      </object_component>
      <object_component id="oc-1eb">
         <name>.data</name>
         <load_address>0x20000740</load_address>
         <run_address>0x20000740</run_address>
         <size>0x68</size>
         <input_file_ref idref="fl-147"/>
      </object_component>
      <object_component id="oc-205">
         <name>.data</name>
         <load_address>0x200007d4</load_address>
         <run_address>0x200007d4</run_address>
         <size>0x4</size>
         <input_file_ref idref="fl-148"/>
      </object_component>
      <object_component id="oc-21a">
         <name>.data</name>
         <load_address>0x200007cc</load_address>
         <run_address>0x200007cc</run_address>
         <size>0x8</size>
         <input_file_ref idref="fl-149"/>
      </object_component>
      <object_component id="oc-231">
         <name>.data:sigtable</name>
         <load_address>0x20000690</load_address>
         <run_address>0x20000690</run_address>
         <size>0xb0</size>
         <input_file_ref idref="fl-14b"/>
      </object_component>
      <object_component id="oc-8c">
         <name>.bss:inputData</name>
         <uninitialized>true</uninitialized>
         <run_address>0x20000400</run_address>
         <size>0x100</size>
         <input_file_ref idref="fl-3"/>
      </object_component>
      <object_component id="oc-e3">
         <name>.bss:rfftOutput</name>
         <uninitialized>true</uninitialized>
         <run_address>0x20000500</run_address>
         <size>0x100</size>
         <input_file_ref idref="fl-3"/>
      </object_component>
      <object_component id="oc-e6">
         <name>.bss:testOutput_44khz</name>
         <uninitialized>true</uninitialized>
         <run_address>0x20000600</run_address>
         <size>0x80</size>
         <input_file_ref idref="fl-3"/>
      </object_component>
      <object_component id="oc-101">
         <name>.common:inputIndex</name>
         <uninitialized>true</uninitialized>
         <run_address>0x20000688</run_address>
         <size>0x4</size>
      </object_component>
      <object_component id="oc-89">
         <name>.common:adc_value</name>
         <uninitialized>true</uninitialized>
         <run_address>0x20000680</run_address>
         <size>0x4</size>
      </object_component>
      <object_component id="oc-18e">
         <name>.common:g_ui32SysClock</name>
         <uninitialized>true</uninitialized>
         <run_address>0x20000684</run_address>
         <size>0x4</size>
      </object_component>
      <object_component id="oc-28">
         <name>.stack</name>
         <uninitialized>true</uninitialized>
         <run_address>0x20000000</run_address>
         <size>0x0</size>
         <input_file_ref idref="fl-132"/>
      </object_component>
      <object_component id="oc-263">
         <name>.stack</name>
         <uninitialized>true</uninitialized>
         <run_address>0x20000000</run_address>
         <size>0x0</size>
      </object_component>
      <object_component id="oc-f">
         <name>.debug_info</name>
         <load_address>0x0</load_address>
         <run_address>0x0</run_address>
         <size>0x100</size>
         <input_file_ref idref="fl-4"/>
      </object_component>
      <object_component id="oc-14">
         <name>.debug_info</name>
         <load_address>0x100</load_address>
         <run_address>0x100</run_address>
         <size>0xf2</size>
         <input_file_ref idref="fl-132"/>
      </object_component>
      <object_component id="oc-17">
         <name>.debug_info</name>
         <load_address>0x1f2</load_address>
         <run_address>0x1f2</run_address>
         <size>0x180</size>
         <input_file_ref idref="fl-133"/>
      </object_component>
      <object_component id="oc-1d">
         <name>.debug_info</name>
         <load_address>0x372</load_address>
         <run_address>0x372</run_address>
         <size>0x16b</size>
         <input_file_ref idref="fl-135"/>
      </object_component>
      <object_component id="oc-23">
         <name>.debug_info</name>
         <load_address>0x4dd</load_address>
         <run_address>0x4dd</run_address>
         <size>0x167</size>
         <input_file_ref idref="fl-134"/>
      </object_component>
      <object_component id="oc-2a">
         <name>.debug_info</name>
         <load_address>0x644</load_address>
         <run_address>0x644</run_address>
         <size>0x14c</size>
         <input_file_ref idref="fl-4"/>
      </object_component>
      <object_component id="oc-30">
         <name>.debug_info</name>
         <load_address>0x790</load_address>
         <run_address>0x790</run_address>
         <size>0x13a</size>
         <input_file_ref idref="fl-4"/>
      </object_component>
      <object_component id="oc-36">
         <name>.debug_info</name>
         <load_address>0x8ca</load_address>
         <run_address>0x8ca</run_address>
         <size>0x143</size>
         <input_file_ref idref="fl-4"/>
      </object_component>
      <object_component id="oc-3c">
         <name>.debug_info</name>
         <load_address>0xa0d</load_address>
         <run_address>0xa0d</run_address>
         <size>0x155</size>
         <input_file_ref idref="fl-4"/>
      </object_component>
      <object_component id="oc-42">
         <name>.debug_info</name>
         <load_address>0xb62</load_address>
         <run_address>0xb62</run_address>
         <size>0x24d</size>
         <input_file_ref idref="fl-3"/>
      </object_component>
      <object_component id="oc-49">
         <name>.debug_info</name>
         <load_address>0xdaf</load_address>
         <run_address>0xdaf</run_address>
         <size>0x147</size>
         <input_file_ref idref="fl-4"/>
      </object_component>
      <object_component id="oc-4b">
         <name>.debug_info</name>
         <load_address>0xef6</load_address>
         <run_address>0xef6</run_address>
         <size>0x13a</size>
         <input_file_ref idref="fl-13b"/>
      </object_component>
      <object_component id="oc-50">
         <name>.debug_info</name>
         <load_address>0x1030</load_address>
         <run_address>0x1030</run_address>
         <size>0x11d</size>
         <input_file_ref idref="fl-13a"/>
      </object_component>
      <object_component id="oc-56">
         <name>.debug_info</name>
         <load_address>0x114d</load_address>
         <run_address>0x114d</run_address>
         <size>0x1ae</size>
         <input_file_ref idref="fl-136"/>
      </object_component>
      <object_component id="oc-5c">
         <name>.debug_info</name>
         <load_address>0x12fb</load_address>
         <run_address>0x12fb</run_address>
         <size>0xbf</size>
         <input_file_ref idref="fl-138"/>
      </object_component>
      <object_component id="oc-60">
         <name>.debug_info</name>
         <load_address>0x13ba</load_address>
         <run_address>0x13ba</run_address>
         <size>0xcb</size>
         <input_file_ref idref="fl-137"/>
      </object_component>
      <object_component id="oc-65">
         <name>.debug_info</name>
         <load_address>0x1485</load_address>
         <run_address>0x1485</run_address>
         <size>0x46</size>
         <input_file_ref idref="fl-133"/>
      </object_component>
      <object_component id="oc-6a">
         <name>.debug_info</name>
         <load_address>0x14cb</load_address>
         <run_address>0x14cb</run_address>
         <size>0xee</size>
         <input_file_ref idref="fl-133"/>
      </object_component>
      <object_component id="oc-6c">
         <name>.debug_info</name>
         <load_address>0x15b9</load_address>
         <run_address>0x15b9</run_address>
         <size>0x46</size>
         <input_file_ref idref="fl-135"/>
      </object_component>
      <object_component id="oc-71">
         <name>.debug_info</name>
         <load_address>0x15ff</load_address>
         <run_address>0x15ff</run_address>
         <size>0xae</size>
         <input_file_ref idref="fl-135"/>
      </object_component>
      <object_component id="oc-73">
         <name>.debug_info</name>
         <load_address>0x16ad</load_address>
         <run_address>0x16ad</run_address>
         <size>0x1f0</size>
         <input_file_ref idref="fl-134"/>
      </object_component>
      <object_component id="oc-79">
         <name>.debug_info</name>
         <load_address>0x189d</load_address>
         <run_address>0x189d</run_address>
         <size>0xb8</size>
         <input_file_ref idref="fl-134"/>
      </object_component>
      <object_component id="oc-7a">
         <name>.debug_info</name>
         <load_address>0x1955</load_address>
         <run_address>0x1955</run_address>
         <size>0x39</size>
         <input_file_ref idref="fl-134"/>
      </object_component>
      <object_component id="oc-84">
         <name>.debug_info</name>
         <load_address>0x198e</load_address>
         <run_address>0x198e</run_address>
         <size>0x2ad</size>
         <input_file_ref idref="fl-3"/>
      </object_component>
      <object_component id="oc-8a">
         <name>.debug_info</name>
         <load_address>0x1c3b</load_address>
         <run_address>0x1c3b</run_address>
         <size>0x39a</size>
         <input_file_ref idref="fl-3"/>
      </object_component>
      <object_component id="oc-8d">
         <name>.debug_info</name>
         <load_address>0x1fd5</load_address>
         <run_address>0x1fd5</run_address>
         <size>0x134</size>
         <input_file_ref idref="fl-3"/>
      </object_component>
      <object_component id="oc-94">
         <name>.debug_info</name>
         <load_address>0x2109</load_address>
         <run_address>0x2109</run_address>
         <size>0x84</size>
         <input_file_ref idref="fl-2"/>
      </object_component>
      <object_component id="oc-99">
         <name>.debug_info</name>
         <load_address>0x218d</load_address>
         <run_address>0x218d</run_address>
         <size>0x18b</size>
         <input_file_ref idref="fl-2"/>
      </object_component>
      <object_component id="oc-9f">
         <name>.debug_info</name>
         <load_address>0x2318</load_address>
         <run_address>0x2318</run_address>
         <size>0x14c</size>
         <input_file_ref idref="fl-13c"/>
      </object_component>
      <object_component id="oc-a6">
         <name>.debug_info</name>
         <load_address>0x2464</load_address>
         <run_address>0x2464</run_address>
         <size>0x218</size>
         <input_file_ref idref="fl-3"/>
      </object_component>
      <object_component id="oc-ac">
         <name>.debug_info</name>
         <load_address>0x267c</load_address>
         <run_address>0x267c</run_address>
         <size>0x11c</size>
         <input_file_ref idref="fl-13a"/>
      </object_component>
      <object_component id="oc-ae">
         <name>.debug_info</name>
         <load_address>0x2798</load_address>
         <run_address>0x2798</run_address>
         <size>0xc9</size>
         <input_file_ref idref="fl-139"/>
      </object_component>
      <object_component id="oc-b1">
         <name>.debug_info</name>
         <load_address>0x2861</load_address>
         <run_address>0x2861</run_address>
         <size>0xec</size>
         <input_file_ref idref="fl-136"/>
      </object_component>
      <object_component id="oc-b7">
         <name>.debug_info</name>
         <load_address>0x294d</load_address>
         <run_address>0x294d</run_address>
         <size>0x2c</size>
         <input_file_ref idref="fl-133"/>
      </object_component>
      <object_component id="oc-be">
         <name>.debug_info</name>
         <load_address>0x2979</load_address>
         <run_address>0x2979</run_address>
         <size>0x2c</size>
         <input_file_ref idref="fl-2"/>
      </object_component>
      <object_component id="oc-ca">
         <name>.debug_info</name>
         <load_address>0x29a5</load_address>
         <run_address>0x29a5</run_address>
         <size>0x251</size>
         <input_file_ref idref="fl-13e"/>
      </object_component>
      <object_component id="oc-cf">
         <name>.debug_info</name>
         <load_address>0x2bf6</load_address>
         <run_address>0x2bf6</run_address>
         <size>0x2b8</size>
         <input_file_ref idref="fl-13d"/>
      </object_component>
      <object_component id="oc-d6">
         <name>.debug_info</name>
         <load_address>0x2eae</load_address>
         <run_address>0x2eae</run_address>
         <size>0x3a7</size>
         <input_file_ref idref="fl-140"/>
      </object_component>
      <object_component id="oc-dc">
         <name>.debug_info</name>
         <load_address>0x3255</load_address>
         <run_address>0x3255</run_address>
         <size>0x329</size>
         <input_file_ref idref="fl-13f"/>
      </object_component>
      <object_component id="oc-e1">
         <name>.debug_info</name>
         <load_address>0x357e</load_address>
         <run_address>0x357e</run_address>
         <size>0x1be</size>
         <input_file_ref idref="fl-3"/>
      </object_component>
      <object_component id="oc-e4">
         <name>.debug_info</name>
         <load_address>0x373c</load_address>
         <run_address>0x373c</run_address>
         <size>0x135</size>
         <input_file_ref idref="fl-3"/>
      </object_component>
      <object_component id="oc-e7">
         <name>.debug_info</name>
         <load_address>0x3871</load_address>
         <run_address>0x3871</run_address>
         <size>0x141</size>
         <input_file_ref idref="fl-3"/>
      </object_component>
      <object_component id="oc-ea">
         <name>.debug_info</name>
         <load_address>0x39b2</load_address>
         <run_address>0x39b2</run_address>
         <size>0x1ea6</size>
         <input_file_ref idref="fl-2"/>
      </object_component>
      <object_component id="oc-ef">
         <name>.debug_info</name>
         <load_address>0x5858</load_address>
         <run_address>0x5858</run_address>
         <size>0x8b</size>
         <input_file_ref idref="fl-3"/>
      </object_component>
      <object_component id="oc-f9">
         <name>.debug_info</name>
         <load_address>0x58e3</load_address>
         <run_address>0x58e3</run_address>
         <size>0x149</size>
         <input_file_ref idref="fl-13c"/>
      </object_component>
      <object_component id="oc-fb">
         <name>.debug_info</name>
         <load_address>0x5a2c</load_address>
         <run_address>0x5a2c</run_address>
         <size>0x280</size>
         <input_file_ref idref="fl-3"/>
      </object_component>
      <object_component id="oc-105">
         <name>.debug_info</name>
         <load_address>0x5cac</load_address>
         <run_address>0x5cac</run_address>
         <size>0x5e</size>
         <input_file_ref idref="fl-13a"/>
      </object_component>
      <object_component id="oc-10b">
         <name>.debug_info</name>
         <load_address>0x5d0a</load_address>
         <run_address>0x5d0a</run_address>
         <size>0x1d5</size>
         <input_file_ref idref="fl-139"/>
      </object_component>
      <object_component id="oc-112">
         <name>.debug_info</name>
         <load_address>0x5edf</load_address>
         <run_address>0x5edf</run_address>
         <size>0xda</size>
         <input_file_ref idref="fl-139"/>
      </object_component>
      <object_component id="oc-116">
         <name>.debug_info</name>
         <load_address>0x5fb9</load_address>
         <run_address>0x5fb9</run_address>
         <size>0x142</size>
         <input_file_ref idref="fl-136"/>
      </object_component>
      <object_component id="oc-119">
         <name>.debug_info</name>
         <load_address>0x60fb</load_address>
         <run_address>0x60fb</run_address>
         <size>0x127</size>
         <input_file_ref idref="fl-141"/>
      </object_component>
      <object_component id="oc-11c">
         <name>.debug_info</name>
         <load_address>0x6222</load_address>
         <run_address>0x6222</run_address>
         <size>0x119</size>
         <input_file_ref idref="fl-141"/>
      </object_component>
      <object_component id="oc-11f">
         <name>.debug_info</name>
         <load_address>0x633b</load_address>
         <run_address>0x633b</run_address>
         <size>0x123</size>
         <input_file_ref idref="fl-141"/>
      </object_component>
      <object_component id="oc-122">
         <name>.debug_info</name>
         <load_address>0x645e</load_address>
         <run_address>0x645e</run_address>
         <size>0x127</size>
         <input_file_ref idref="fl-141"/>
      </object_component>
      <object_component id="oc-125">
         <name>.debug_info</name>
         <load_address>0x6585</load_address>
         <run_address>0x6585</run_address>
         <size>0x119</size>
         <input_file_ref idref="fl-141"/>
      </object_component>
      <object_component id="oc-128">
         <name>.debug_info</name>
         <load_address>0x669e</load_address>
         <run_address>0x669e</run_address>
         <size>0x123</size>
         <input_file_ref idref="fl-141"/>
      </object_component>
      <object_component id="oc-12b">
         <name>.debug_info</name>
         <load_address>0x67c1</load_address>
         <run_address>0x67c1</run_address>
         <size>0x125</size>
         <input_file_ref idref="fl-141"/>
      </object_component>
      <object_component id="oc-12e">
         <name>.debug_info</name>
         <load_address>0x68e6</load_address>
         <run_address>0x68e6</run_address>
         <size>0x117</size>
         <input_file_ref idref="fl-141"/>
      </object_component>
      <object_component id="oc-131">
         <name>.debug_info</name>
         <load_address>0x69fd</load_address>
         <run_address>0x69fd</run_address>
         <size>0x123</size>
         <input_file_ref idref="fl-141"/>
      </object_component>
      <object_component id="oc-134">
         <name>.debug_info</name>
         <load_address>0x6b20</load_address>
         <run_address>0x6b20</run_address>
         <size>0x125</size>
         <input_file_ref idref="fl-141"/>
      </object_component>
      <object_component id="oc-137">
         <name>.debug_info</name>
         <load_address>0x6c45</load_address>
         <run_address>0x6c45</run_address>
         <size>0x117</size>
         <input_file_ref idref="fl-141"/>
      </object_component>
      <object_component id="oc-13a">
         <name>.debug_info</name>
         <load_address>0x6d5c</load_address>
         <run_address>0x6d5c</run_address>
         <size>0x121</size>
         <input_file_ref idref="fl-141"/>
      </object_component>
      <object_component id="oc-13d">
         <name>.debug_info</name>
         <load_address>0x6e7d</load_address>
         <run_address>0x6e7d</run_address>
         <size>0x125</size>
         <input_file_ref idref="fl-141"/>
      </object_component>
      <object_component id="oc-140">
         <name>.debug_info</name>
         <load_address>0x6fa2</load_address>
         <run_address>0x6fa2</run_address>
         <size>0x117</size>
         <input_file_ref idref="fl-141"/>
      </object_component>
      <object_component id="oc-143">
         <name>.debug_info</name>
         <load_address>0x70b9</load_address>
         <run_address>0x70b9</run_address>
         <size>0x121</size>
         <input_file_ref idref="fl-141"/>
      </object_component>
      <object_component id="oc-146">
         <name>.debug_info</name>
         <load_address>0x71da</load_address>
         <run_address>0x71da</run_address>
         <size>0x123</size>
         <input_file_ref idref="fl-141"/>
      </object_component>
      <object_component id="oc-149">
         <name>.debug_info</name>
         <load_address>0x72fd</load_address>
         <run_address>0x72fd</run_address>
         <size>0x115</size>
         <input_file_ref idref="fl-141"/>
      </object_component>
      <object_component id="oc-14c">
         <name>.debug_info</name>
         <load_address>0x7412</load_address>
         <run_address>0x7412</run_address>
         <size>0x121</size>
         <input_file_ref idref="fl-141"/>
      </object_component>
      <object_component id="oc-14f">
         <name>.debug_info</name>
         <load_address>0x7533</load_address>
         <run_address>0x7533</run_address>
         <size>0x123</size>
         <input_file_ref idref="fl-141"/>
      </object_component>
      <object_component id="oc-152">
         <name>.debug_info</name>
         <load_address>0x7656</load_address>
         <run_address>0x7656</run_address>
         <size>0x114</size>
         <input_file_ref idref="fl-141"/>
      </object_component>
      <object_component id="oc-155">
         <name>.debug_info</name>
         <load_address>0x776a</load_address>
         <run_address>0x776a</run_address>
         <size>0x11f</size>
         <input_file_ref idref="fl-141"/>
      </object_component>
      <object_component id="oc-158">
         <name>.debug_info</name>
         <load_address>0x7889</load_address>
         <run_address>0x7889</run_address>
         <size>0x123</size>
         <input_file_ref idref="fl-141"/>
      </object_component>
      <object_component id="oc-15b">
         <name>.debug_info</name>
         <load_address>0x79ac</load_address>
         <run_address>0x79ac</run_address>
         <size>0x114</size>
         <input_file_ref idref="fl-141"/>
      </object_component>
      <object_component id="oc-15e">
         <name>.debug_info</name>
         <load_address>0x7ac0</load_address>
         <run_address>0x7ac0</run_address>
         <size>0x11f</size>
         <input_file_ref idref="fl-141"/>
      </object_component>
      <object_component id="oc-161">
         <name>.debug_info</name>
         <load_address>0x7bdf</load_address>
         <run_address>0x7bdf</run_address>
         <size>0x77f</size>
         <input_file_ref idref="fl-13e"/>
      </object_component>
      <object_component id="oc-163">
         <name>.debug_info</name>
         <load_address>0x835e</load_address>
         <run_address>0x835e</run_address>
         <size>0x315</size>
         <input_file_ref idref="fl-142"/>
      </object_component>
      <object_component id="oc-169">
         <name>.debug_info</name>
         <load_address>0x8673</load_address>
         <run_address>0x8673</run_address>
         <size>0x2c8</size>
         <input_file_ref idref="fl-13d"/>
      </object_component>
      <object_component id="oc-16f">
         <name>.debug_info</name>
         <load_address>0x893b</load_address>
         <run_address>0x893b</run_address>
         <size>0x2c8</size>
         <input_file_ref idref="fl-13d"/>
      </object_component>
      <object_component id="oc-175">
         <name>.debug_info</name>
         <load_address>0x8c03</load_address>
         <run_address>0x8c03</run_address>
         <size>0x227</size>
         <input_file_ref idref="fl-13d"/>
      </object_component>
      <object_component id="oc-177">
         <name>.debug_info</name>
         <load_address>0x8e2a</load_address>
         <run_address>0x8e2a</run_address>
         <size>0x10e</size>
         <input_file_ref idref="fl-145"/>
      </object_component>
      <object_component id="oc-17d">
         <name>.debug_info</name>
         <load_address>0x8f38</load_address>
         <run_address>0x8f38</run_address>
         <size>0x1ef</size>
         <input_file_ref idref="fl-140"/>
      </object_component>
      <object_component id="oc-17f">
         <name>.debug_info</name>
         <load_address>0x9127</load_address>
         <run_address>0x9127</run_address>
         <size>0x1d7</size>
         <input_file_ref idref="fl-13f"/>
      </object_component>
      <object_component id="oc-186">
         <name>.debug_info</name>
         <load_address>0x92fe</load_address>
         <run_address>0x92fe</run_address>
         <size>0x212</size>
         <input_file_ref idref="fl-2"/>
      </object_component>
      <object_component id="oc-189">
         <name>.debug_info</name>
         <load_address>0x9510</load_address>
         <run_address>0x9510</run_address>
         <size>0xcd</size>
         <input_file_ref idref="fl-13c"/>
      </object_component>
      <object_component id="oc-197">
         <name>.debug_info</name>
         <load_address>0x95dd</load_address>
         <run_address>0x95dd</run_address>
         <size>0x4ae</size>
         <input_file_ref idref="fl-141"/>
      </object_component>
      <object_component id="oc-1ca">
         <name>.debug_info</name>
         <load_address>0x9a8b</load_address>
         <run_address>0x9a8b</run_address>
         <size>0x674</size>
         <input_file_ref idref="fl-143"/>
      </object_component>
      <object_component id="oc-1cf">
         <name>.debug_info</name>
         <load_address>0xa0ff</load_address>
         <run_address>0xa0ff</run_address>
         <size>0x484</size>
         <input_file_ref idref="fl-142"/>
      </object_component>
      <object_component id="oc-1d5">
         <name>.debug_info</name>
         <load_address>0xa583</load_address>
         <run_address>0xa583</run_address>
         <size>0x2f0</size>
         <input_file_ref idref="fl-142"/>
      </object_component>
      <object_component id="oc-1dc">
         <name>.debug_info</name>
         <load_address>0xa873</load_address>
         <run_address>0xa873</run_address>
         <size>0x187</size>
         <input_file_ref idref="fl-144"/>
      </object_component>
      <object_component id="oc-1e0">
         <name>.debug_info</name>
         <load_address>0xa9fa</load_address>
         <run_address>0xa9fa</run_address>
         <size>0x27e</size>
         <input_file_ref idref="fl-142"/>
      </object_component>
      <object_component id="oc-1e6">
         <name>.debug_info</name>
         <load_address>0xac78</load_address>
         <run_address>0xac78</run_address>
         <size>0x128</size>
         <input_file_ref idref="fl-146"/>
      </object_component>
      <object_component id="oc-1ec">
         <name>.debug_info</name>
         <load_address>0xada0</load_address>
         <run_address>0xada0</run_address>
         <size>0x17a</size>
         <input_file_ref idref="fl-147"/>
      </object_component>
      <object_component id="oc-1ef">
         <name>.debug_info</name>
         <load_address>0xaf1a</load_address>
         <run_address>0xaf1a</run_address>
         <size>0xfb</size>
         <input_file_ref idref="fl-145"/>
      </object_component>
      <object_component id="oc-1f9">
         <name>.debug_info</name>
         <load_address>0xb015</load_address>
         <run_address>0xb015</run_address>
         <size>0x1d3</size>
         <input_file_ref idref="fl-143"/>
      </object_component>
      <object_component id="oc-200">
         <name>.debug_info</name>
         <load_address>0xb1e8</load_address>
         <run_address>0xb1e8</run_address>
         <size>0x144</size>
         <input_file_ref idref="fl-149"/>
      </object_component>
      <object_component id="oc-206">
         <name>.debug_info</name>
         <load_address>0xb32c</load_address>
         <run_address>0xb32c</run_address>
         <size>0xab</size>
         <input_file_ref idref="fl-148"/>
      </object_component>
      <object_component id="oc-20b">
         <name>.debug_info</name>
         <load_address>0xb3d7</load_address>
         <run_address>0xb3d7</run_address>
         <size>0x86</size>
         <input_file_ref idref="fl-2"/>
      </object_component>
      <object_component id="oc-215">
         <name>.debug_info</name>
         <load_address>0xb45d</load_address>
         <run_address>0xb45d</run_address>
         <size>0x11a</size>
         <input_file_ref idref="fl-14a"/>
      </object_component>
      <object_component id="oc-21b">
         <name>.debug_info</name>
         <load_address>0xb577</load_address>
         <run_address>0xb577</run_address>
         <size>0xe3</size>
         <input_file_ref idref="fl-149"/>
      </object_component>
      <object_component id="oc-221">
         <name>.debug_info</name>
         <load_address>0xb65a</load_address>
         <run_address>0xb65a</run_address>
         <size>0x13f</size>
         <input_file_ref idref="fl-14b"/>
      </object_component>
      <object_component id="oc-227">
         <name>.debug_info</name>
         <load_address>0xb799</load_address>
         <run_address>0xb799</run_address>
         <size>0xcd</size>
         <input_file_ref idref="fl-14a"/>
      </object_component>
      <object_component id="oc-22a">
         <name>.debug_info</name>
         <load_address>0xb866</load_address>
         <run_address>0xb866</run_address>
         <size>0x6f</size>
         <input_file_ref idref="fl-149"/>
      </object_component>
      <object_component id="oc-22f">
         <name>.debug_info</name>
         <load_address>0xb8d5</load_address>
         <run_address>0xb8d5</run_address>
         <size>0x113</size>
         <input_file_ref idref="fl-149"/>
      </object_component>
      <object_component id="oc-232">
         <name>.debug_info</name>
         <load_address>0xb9e8</load_address>
         <run_address>0xb9e8</run_address>
         <size>0xb0</size>
         <input_file_ref idref="fl-14b"/>
      </object_component>
      <object_component id="oc-235">
         <name>.debug_info</name>
         <load_address>0xba98</load_address>
         <run_address>0xba98</run_address>
         <size>0xf2</size>
         <input_file_ref idref="fl-14b"/>
      </object_component>
      <object_component id="oc-238">
         <name>.debug_info</name>
         <load_address>0xbb8a</load_address>
         <run_address>0xbb8a</run_address>
         <size>0x2c</size>
         <input_file_ref idref="fl-14a"/>
      </object_component>
      <object_component id="oc-264">
         <name>.debug_info</name>
         <load_address>0xbbb6</load_address>
         <run_address>0xbbb6</run_address>
         <size>0xb9</size>
      </object_component>
      <object_component id="oc-10">
         <name>.debug_pubnames</name>
         <load_address>0x0</load_address>
         <run_address>0x0</run_address>
         <size>0x23</size>
         <input_file_ref idref="fl-4"/>
      </object_component>
      <object_component id="oc-15">
         <name>.debug_pubnames</name>
         <load_address>0x23</load_address>
         <run_address>0x23</run_address>
         <size>0x1f</size>
         <input_file_ref idref="fl-132"/>
      </object_component>
      <object_component id="oc-19">
         <name>.debug_pubnames</name>
         <load_address>0x42</load_address>
         <run_address>0x42</run_address>
         <size>0x2b</size>
         <input_file_ref idref="fl-133"/>
      </object_component>
      <object_component id="oc-1f">
         <name>.debug_pubnames</name>
         <load_address>0x6d</load_address>
         <run_address>0x6d</run_address>
         <size>0x25</size>
         <input_file_ref idref="fl-135"/>
      </object_component>
      <object_component id="oc-25">
         <name>.debug_pubnames</name>
         <load_address>0x92</load_address>
         <run_address>0x92</run_address>
         <size>0x2c</size>
         <input_file_ref idref="fl-134"/>
      </object_component>
      <object_component id="oc-2c">
         <name>.debug_pubnames</name>
         <load_address>0xbe</load_address>
         <run_address>0xbe</run_address>
         <size>0x1f</size>
         <input_file_ref idref="fl-4"/>
      </object_component>
      <object_component id="oc-32">
         <name>.debug_pubnames</name>
         <load_address>0xdd</load_address>
         <run_address>0xdd</run_address>
         <size>0x1c</size>
         <input_file_ref idref="fl-4"/>
      </object_component>
      <object_component id="oc-38">
         <name>.debug_pubnames</name>
         <load_address>0xf9</load_address>
         <run_address>0xf9</run_address>
         <size>0x1f</size>
         <input_file_ref idref="fl-4"/>
      </object_component>
      <object_component id="oc-3e">
         <name>.debug_pubnames</name>
         <load_address>0x118</load_address>
         <run_address>0x118</run_address>
         <size>0x28</size>
         <input_file_ref idref="fl-4"/>
      </object_component>
      <object_component id="oc-44">
         <name>.debug_pubnames</name>
         <load_address>0x140</load_address>
         <run_address>0x140</run_address>
         <size>0x29</size>
         <input_file_ref idref="fl-3"/>
      </object_component>
      <object_component id="oc-4d">
         <name>.debug_pubnames</name>
         <load_address>0x169</load_address>
         <run_address>0x169</run_address>
         <size>0x37</size>
         <input_file_ref idref="fl-13b"/>
      </object_component>
      <object_component id="oc-52">
         <name>.debug_pubnames</name>
         <load_address>0x1a0</load_address>
         <run_address>0x1a0</run_address>
         <size>0x21</size>
         <input_file_ref idref="fl-13a"/>
      </object_component>
      <object_component id="oc-58">
         <name>.debug_pubnames</name>
         <load_address>0x1c1</load_address>
         <run_address>0x1c1</run_address>
         <size>0x35</size>
         <input_file_ref idref="fl-136"/>
      </object_component>
      <object_component id="oc-5d">
         <name>.debug_pubnames</name>
         <load_address>0x1f6</load_address>
         <run_address>0x1f6</run_address>
         <size>0x23</size>
         <input_file_ref idref="fl-138"/>
      </object_component>
      <object_component id="oc-62">
         <name>.debug_pubnames</name>
         <load_address>0x219</load_address>
         <run_address>0x219</run_address>
         <size>0x1d</size>
         <input_file_ref idref="fl-137"/>
      </object_component>
      <object_component id="oc-75">
         <name>.debug_pubnames</name>
         <load_address>0x236</load_address>
         <run_address>0x236</run_address>
         <size>0x2f</size>
         <input_file_ref idref="fl-134"/>
      </object_component>
      <object_component id="oc-86">
         <name>.debug_pubnames</name>
         <load_address>0x265</load_address>
         <run_address>0x265</run_address>
         <size>0x1d</size>
         <input_file_ref idref="fl-3"/>
      </object_component>
      <object_component id="oc-8b">
         <name>.debug_pubnames</name>
         <load_address>0x282</load_address>
         <run_address>0x282</run_address>
         <size>0x42</size>
         <input_file_ref idref="fl-3"/>
      </object_component>
      <object_component id="oc-8e">
         <name>.debug_pubnames</name>
         <load_address>0x2c4</load_address>
         <run_address>0x2c4</run_address>
         <size>0x20</size>
         <input_file_ref idref="fl-3"/>
      </object_component>
      <object_component id="oc-a1">
         <name>.debug_pubnames</name>
         <load_address>0x2e4</load_address>
         <run_address>0x2e4</run_address>
         <size>0x1e</size>
         <input_file_ref idref="fl-13c"/>
      </object_component>
      <object_component id="oc-a8">
         <name>.debug_pubnames</name>
         <load_address>0x302</load_address>
         <run_address>0x302</run_address>
         <size>0x1b</size>
         <input_file_ref idref="fl-3"/>
      </object_component>
      <object_component id="oc-af">
         <name>.debug_pubnames</name>
         <load_address>0x31d</load_address>
         <run_address>0x31d</run_address>
         <size>0x28</size>
         <input_file_ref idref="fl-139"/>
      </object_component>
      <object_component id="oc-b2">
         <name>.debug_pubnames</name>
         <load_address>0x345</load_address>
         <run_address>0x345</run_address>
         <size>0x3a</size>
         <input_file_ref idref="fl-136"/>
      </object_component>
      <object_component id="oc-cc">
         <name>.debug_pubnames</name>
         <load_address>0x37f</load_address>
         <run_address>0x37f</run_address>
         <size>0x2d</size>
         <input_file_ref idref="fl-13e"/>
      </object_component>
      <object_component id="oc-d1">
         <name>.debug_pubnames</name>
         <load_address>0x3ac</load_address>
         <run_address>0x3ac</run_address>
         <size>0x28</size>
         <input_file_ref idref="fl-13d"/>
      </object_component>
      <object_component id="oc-d8">
         <name>.debug_pubnames</name>
         <load_address>0x3d4</load_address>
         <run_address>0x3d4</run_address>
         <size>0x28</size>
         <input_file_ref idref="fl-140"/>
      </object_component>
      <object_component id="oc-de">
         <name>.debug_pubnames</name>
         <load_address>0x3fc</load_address>
         <run_address>0x3fc</run_address>
         <size>0x22</size>
         <input_file_ref idref="fl-13f"/>
      </object_component>
      <object_component id="oc-e2">
         <name>.debug_pubnames</name>
         <load_address>0x41e</load_address>
         <run_address>0x41e</run_address>
         <size>0x57</size>
         <input_file_ref idref="fl-3"/>
      </object_component>
      <object_component id="oc-e5">
         <name>.debug_pubnames</name>
         <load_address>0x475</load_address>
         <run_address>0x475</run_address>
         <size>0x21</size>
         <input_file_ref idref="fl-3"/>
      </object_component>
      <object_component id="oc-e8">
         <name>.debug_pubnames</name>
         <load_address>0x496</load_address>
         <run_address>0x496</run_address>
         <size>0x27</size>
         <input_file_ref idref="fl-3"/>
      </object_component>
      <object_component id="oc-fd">
         <name>.debug_pubnames</name>
         <load_address>0x4bd</load_address>
         <run_address>0x4bd</run_address>
         <size>0x23</size>
         <input_file_ref idref="fl-3"/>
      </object_component>
      <object_component id="oc-10d">
         <name>.debug_pubnames</name>
         <load_address>0x4e0</load_address>
         <run_address>0x4e0</run_address>
         <size>0x43</size>
         <input_file_ref idref="fl-139"/>
      </object_component>
      <object_component id="oc-11a">
         <name>.debug_pubnames</name>
         <load_address>0x523</load_address>
         <run_address>0x523</run_address>
         <size>0x2e</size>
         <input_file_ref idref="fl-141"/>
      </object_component>
      <object_component id="oc-11d">
         <name>.debug_pubnames</name>
         <load_address>0x551</load_address>
         <run_address>0x551</run_address>
         <size>0x27</size>
         <input_file_ref idref="fl-141"/>
      </object_component>
      <object_component id="oc-120">
         <name>.debug_pubnames</name>
         <load_address>0x578</load_address>
         <run_address>0x578</run_address>
         <size>0x2c</size>
         <input_file_ref idref="fl-141"/>
      </object_component>
      <object_component id="oc-123">
         <name>.debug_pubnames</name>
         <load_address>0x5a4</load_address>
         <run_address>0x5a4</run_address>
         <size>0x2e</size>
         <input_file_ref idref="fl-141"/>
      </object_component>
      <object_component id="oc-126">
         <name>.debug_pubnames</name>
         <load_address>0x5d2</load_address>
         <run_address>0x5d2</run_address>
         <size>0x27</size>
         <input_file_ref idref="fl-141"/>
      </object_component>
      <object_component id="oc-129">
         <name>.debug_pubnames</name>
         <load_address>0x5f9</load_address>
         <run_address>0x5f9</run_address>
         <size>0x2c</size>
         <input_file_ref idref="fl-141"/>
      </object_component>
      <object_component id="oc-12c">
         <name>.debug_pubnames</name>
         <load_address>0x625</load_address>
         <run_address>0x625</run_address>
         <size>0x2d</size>
         <input_file_ref idref="fl-141"/>
      </object_component>
      <object_component id="oc-12f">
         <name>.debug_pubnames</name>
         <load_address>0x652</load_address>
         <run_address>0x652</run_address>
         <size>0x26</size>
         <input_file_ref idref="fl-141"/>
      </object_component>
      <object_component id="oc-132">
         <name>.debug_pubnames</name>
         <load_address>0x678</load_address>
         <run_address>0x678</run_address>
         <size>0x2c</size>
         <input_file_ref idref="fl-141"/>
      </object_component>
      <object_component id="oc-135">
         <name>.debug_pubnames</name>
         <load_address>0x6a4</load_address>
         <run_address>0x6a4</run_address>
         <size>0x2d</size>
         <input_file_ref idref="fl-141"/>
      </object_component>
      <object_component id="oc-138">
         <name>.debug_pubnames</name>
         <load_address>0x6d1</load_address>
         <run_address>0x6d1</run_address>
         <size>0x26</size>
         <input_file_ref idref="fl-141"/>
      </object_component>
      <object_component id="oc-13b">
         <name>.debug_pubnames</name>
         <load_address>0x6f7</load_address>
         <run_address>0x6f7</run_address>
         <size>0x2b</size>
         <input_file_ref idref="fl-141"/>
      </object_component>
      <object_component id="oc-13e">
         <name>.debug_pubnames</name>
         <load_address>0x722</load_address>
         <run_address>0x722</run_address>
         <size>0x2d</size>
         <input_file_ref idref="fl-141"/>
      </object_component>
      <object_component id="oc-141">
         <name>.debug_pubnames</name>
         <load_address>0x74f</load_address>
         <run_address>0x74f</run_address>
         <size>0x26</size>
         <input_file_ref idref="fl-141"/>
      </object_component>
      <object_component id="oc-144">
         <name>.debug_pubnames</name>
         <load_address>0x775</load_address>
         <run_address>0x775</run_address>
         <size>0x2b</size>
         <input_file_ref idref="fl-141"/>
      </object_component>
      <object_component id="oc-147">
         <name>.debug_pubnames</name>
         <load_address>0x7a0</load_address>
         <run_address>0x7a0</run_address>
         <size>0x2c</size>
         <input_file_ref idref="fl-141"/>
      </object_component>
      <object_component id="oc-14a">
         <name>.debug_pubnames</name>
         <load_address>0x7cc</load_address>
         <run_address>0x7cc</run_address>
         <size>0x25</size>
         <input_file_ref idref="fl-141"/>
      </object_component>
      <object_component id="oc-14d">
         <name>.debug_pubnames</name>
         <load_address>0x7f1</load_address>
         <run_address>0x7f1</run_address>
         <size>0x2b</size>
         <input_file_ref idref="fl-141"/>
      </object_component>
      <object_component id="oc-150">
         <name>.debug_pubnames</name>
         <load_address>0x81c</load_address>
         <run_address>0x81c</run_address>
         <size>0x2c</size>
         <input_file_ref idref="fl-141"/>
      </object_component>
      <object_component id="oc-153">
         <name>.debug_pubnames</name>
         <load_address>0x848</load_address>
         <run_address>0x848</run_address>
         <size>0x25</size>
         <input_file_ref idref="fl-141"/>
      </object_component>
      <object_component id="oc-156">
         <name>.debug_pubnames</name>
         <load_address>0x86d</load_address>
         <run_address>0x86d</run_address>
         <size>0x2a</size>
         <input_file_ref idref="fl-141"/>
      </object_component>
      <object_component id="oc-159">
         <name>.debug_pubnames</name>
         <load_address>0x897</load_address>
         <run_address>0x897</run_address>
         <size>0x2c</size>
         <input_file_ref idref="fl-141"/>
      </object_component>
      <object_component id="oc-15c">
         <name>.debug_pubnames</name>
         <load_address>0x8c3</load_address>
         <run_address>0x8c3</run_address>
         <size>0x25</size>
         <input_file_ref idref="fl-141"/>
      </object_component>
      <object_component id="oc-15f">
         <name>.debug_pubnames</name>
         <load_address>0x8e8</load_address>
         <run_address>0x8e8</run_address>
         <size>0x2a</size>
         <input_file_ref idref="fl-141"/>
      </object_component>
      <object_component id="oc-165">
         <name>.debug_pubnames</name>
         <load_address>0x912</load_address>
         <run_address>0x912</run_address>
         <size>0x23</size>
         <input_file_ref idref="fl-142"/>
      </object_component>
      <object_component id="oc-16b">
         <name>.debug_pubnames</name>
         <load_address>0x935</load_address>
         <run_address>0x935</run_address>
         <size>0x25</size>
         <input_file_ref idref="fl-13d"/>
      </object_component>
      <object_component id="oc-171">
         <name>.debug_pubnames</name>
         <load_address>0x95a</load_address>
         <run_address>0x95a</run_address>
         <size>0x25</size>
         <input_file_ref idref="fl-13d"/>
      </object_component>
      <object_component id="oc-179">
         <name>.debug_pubnames</name>
         <load_address>0x97f</load_address>
         <run_address>0x97f</run_address>
         <size>0x1c</size>
         <input_file_ref idref="fl-145"/>
      </object_component>
      <object_component id="oc-1cc">
         <name>.debug_pubnames</name>
         <load_address>0x99b</load_address>
         <run_address>0x99b</run_address>
         <size>0x2f</size>
         <input_file_ref idref="fl-143"/>
      </object_component>
      <object_component id="oc-1d1">
         <name>.debug_pubnames</name>
         <load_address>0x9ca</load_address>
         <run_address>0x9ca</run_address>
         <size>0x2d</size>
         <input_file_ref idref="fl-142"/>
      </object_component>
      <object_component id="oc-1d7">
         <name>.debug_pubnames</name>
         <load_address>0x9f7</load_address>
         <run_address>0x9f7</run_address>
         <size>0x2d</size>
         <input_file_ref idref="fl-142"/>
      </object_component>
      <object_component id="oc-1dd">
         <name>.debug_pubnames</name>
         <load_address>0xa24</load_address>
         <run_address>0xa24</run_address>
         <size>0x40</size>
         <input_file_ref idref="fl-144"/>
      </object_component>
      <object_component id="oc-1e8">
         <name>.debug_pubnames</name>
         <load_address>0xa64</load_address>
         <run_address>0xa64</run_address>
         <size>0x1f</size>
         <input_file_ref idref="fl-146"/>
      </object_component>
      <object_component id="oc-1ed">
         <name>.debug_pubnames</name>
         <load_address>0xa83</load_address>
         <run_address>0xa83</run_address>
         <size>0x6a</size>
         <input_file_ref idref="fl-147"/>
      </object_component>
      <object_component id="oc-202">
         <name>.debug_pubnames</name>
         <load_address>0xaed</load_address>
         <run_address>0xaed</run_address>
         <size>0x24</size>
         <input_file_ref idref="fl-149"/>
      </object_component>
      <object_component id="oc-207">
         <name>.debug_pubnames</name>
         <load_address>0xb11</load_address>
         <run_address>0xb11</run_address>
         <size>0x1d</size>
         <input_file_ref idref="fl-148"/>
      </object_component>
      <object_component id="oc-217">
         <name>.debug_pubnames</name>
         <load_address>0xb2e</load_address>
         <run_address>0xb2e</run_address>
         <size>0x1c</size>
         <input_file_ref idref="fl-14a"/>
      </object_component>
      <object_component id="oc-21c">
         <name>.debug_pubnames</name>
         <load_address>0xb4a</load_address>
         <run_address>0xb4a</run_address>
         <size>0x31</size>
         <input_file_ref idref="fl-149"/>
      </object_component>
      <object_component id="oc-223">
         <name>.debug_pubnames</name>
         <load_address>0xb7b</load_address>
         <run_address>0xb7b</run_address>
         <size>0x1d</size>
         <input_file_ref idref="fl-14b"/>
      </object_component>
      <object_component id="oc-233">
         <name>.debug_pubnames</name>
         <load_address>0xb98</load_address>
         <run_address>0xb98</run_address>
         <size>0x1f</size>
         <input_file_ref idref="fl-14b"/>
      </object_component>
      <object_component id="oc-12">
         <name>.debug_aranges</name>
         <load_address>0x0</load_address>
         <run_address>0x0</run_address>
         <size>0x20</size>
         <input_file_ref idref="fl-132"/>
      </object_component>
      <object_component id="oc-18">
         <name>.debug_aranges</name>
         <load_address>0x20</load_address>
         <run_address>0x20</run_address>
         <size>0x20</size>
         <input_file_ref idref="fl-133"/>
      </object_component>
      <object_component id="oc-1e">
         <name>.debug_aranges</name>
         <load_address>0x40</load_address>
         <run_address>0x40</run_address>
         <size>0x20</size>
         <input_file_ref idref="fl-135"/>
      </object_component>
      <object_component id="oc-24">
         <name>.debug_aranges</name>
         <load_address>0x60</load_address>
         <run_address>0x60</run_address>
         <size>0x20</size>
         <input_file_ref idref="fl-134"/>
      </object_component>
      <object_component id="oc-2b">
         <name>.debug_aranges</name>
         <load_address>0x80</load_address>
         <run_address>0x80</run_address>
         <size>0x20</size>
         <input_file_ref idref="fl-4"/>
      </object_component>
      <object_component id="oc-31">
         <name>.debug_aranges</name>
         <load_address>0xa0</load_address>
         <run_address>0xa0</run_address>
         <size>0x20</size>
         <input_file_ref idref="fl-4"/>
      </object_component>
      <object_component id="oc-37">
         <name>.debug_aranges</name>
         <load_address>0xc0</load_address>
         <run_address>0xc0</run_address>
         <size>0x20</size>
         <input_file_ref idref="fl-4"/>
      </object_component>
      <object_component id="oc-3d">
         <name>.debug_aranges</name>
         <load_address>0xe0</load_address>
         <run_address>0xe0</run_address>
         <size>0x20</size>
         <input_file_ref idref="fl-4"/>
      </object_component>
      <object_component id="oc-43">
         <name>.debug_aranges</name>
         <load_address>0x100</load_address>
         <run_address>0x100</run_address>
         <size>0x20</size>
         <input_file_ref idref="fl-3"/>
      </object_component>
      <object_component id="oc-4c">
         <name>.debug_aranges</name>
         <load_address>0x120</load_address>
         <run_address>0x120</run_address>
         <size>0x28</size>
         <input_file_ref idref="fl-13b"/>
      </object_component>
      <object_component id="oc-51">
         <name>.debug_aranges</name>
         <load_address>0x148</load_address>
         <run_address>0x148</run_address>
         <size>0x20</size>
         <input_file_ref idref="fl-13a"/>
      </object_component>
      <object_component id="oc-57">
         <name>.debug_aranges</name>
         <load_address>0x168</load_address>
         <run_address>0x168</run_address>
         <size>0x30</size>
         <input_file_ref idref="fl-136"/>
      </object_component>
      <object_component id="oc-61">
         <name>.debug_aranges</name>
         <load_address>0x198</load_address>
         <run_address>0x198</run_address>
         <size>0x20</size>
         <input_file_ref idref="fl-137"/>
      </object_component>
      <object_component id="oc-74">
         <name>.debug_aranges</name>
         <load_address>0x1b8</load_address>
         <run_address>0x1b8</run_address>
         <size>0x20</size>
         <input_file_ref idref="fl-134"/>
      </object_component>
      <object_component id="oc-85">
         <name>.debug_aranges</name>
         <load_address>0x1d8</load_address>
         <run_address>0x1d8</run_address>
         <size>0x20</size>
         <input_file_ref idref="fl-3"/>
      </object_component>
      <object_component id="oc-a0">
         <name>.debug_aranges</name>
         <load_address>0x1f8</load_address>
         <run_address>0x1f8</run_address>
         <size>0x20</size>
         <input_file_ref idref="fl-13c"/>
      </object_component>
      <object_component id="oc-a7">
         <name>.debug_aranges</name>
         <load_address>0x218</load_address>
         <run_address>0x218</run_address>
         <size>0x20</size>
         <input_file_ref idref="fl-3"/>
      </object_component>
      <object_component id="oc-cb">
         <name>.debug_aranges</name>
         <load_address>0x238</load_address>
         <run_address>0x238</run_address>
         <size>0x20</size>
         <input_file_ref idref="fl-13e"/>
      </object_component>
      <object_component id="oc-d0">
         <name>.debug_aranges</name>
         <load_address>0x258</load_address>
         <run_address>0x258</run_address>
         <size>0x20</size>
         <input_file_ref idref="fl-13d"/>
      </object_component>
      <object_component id="oc-d7">
         <name>.debug_aranges</name>
         <load_address>0x278</load_address>
         <run_address>0x278</run_address>
         <size>0x20</size>
         <input_file_ref idref="fl-140"/>
      </object_component>
      <object_component id="oc-dd">
         <name>.debug_aranges</name>
         <load_address>0x298</load_address>
         <run_address>0x298</run_address>
         <size>0x20</size>
         <input_file_ref idref="fl-13f"/>
      </object_component>
      <object_component id="oc-fc">
         <name>.debug_aranges</name>
         <load_address>0x2b8</load_address>
         <run_address>0x2b8</run_address>
         <size>0x20</size>
         <input_file_ref idref="fl-3"/>
      </object_component>
      <object_component id="oc-10c">
         <name>.debug_aranges</name>
         <load_address>0x2d8</load_address>
         <run_address>0x2d8</run_address>
         <size>0x30</size>
         <input_file_ref idref="fl-139"/>
      </object_component>
      <object_component id="oc-164">
         <name>.debug_aranges</name>
         <load_address>0x308</load_address>
         <run_address>0x308</run_address>
         <size>0x20</size>
         <input_file_ref idref="fl-142"/>
      </object_component>
      <object_component id="oc-16a">
         <name>.debug_aranges</name>
         <load_address>0x328</load_address>
         <run_address>0x328</run_address>
         <size>0x20</size>
         <input_file_ref idref="fl-13d"/>
      </object_component>
      <object_component id="oc-170">
         <name>.debug_aranges</name>
         <load_address>0x348</load_address>
         <run_address>0x348</run_address>
         <size>0x20</size>
         <input_file_ref idref="fl-13d"/>
      </object_component>
      <object_component id="oc-178">
         <name>.debug_aranges</name>
         <load_address>0x368</load_address>
         <run_address>0x368</run_address>
[...]
         <size>0x7dc</size>
         <flags>0x6</flags>
         <contents>
            <logical_group_ref idref="lg-d"/>
            <logical_group_ref idref="lg-b"/>
            <logical_group_ref idref="lg-a"/>
         </contents>
      </load_segment>
   </logical_group_list>
   <placement_map>
      <memory_area display="yes" color="green">
         <name>FLASH</name>
         <page_id>0x0</page_id>
         <origin>0x0</origin>
         <length>0x100000</length>
         <used_space>0x15024</used_space>
         <unused_space>0xeafdc</unused_space>
         <attributes>RX</attributes>
         <usage_details>
            <allocated_space>
               <start_address>0x0</start_address>
               <size>0x208</size>
               <logical_group_ref idref="lg-3"/>
            </allocated_space>
            <allocated_space>
               <start_address>0x208</start_address>
               <size>0x13458</size>
               <logical_group_ref idref="lg-5"/>
            </allocated_space>
            <allocated_space>
               <start_address>0x13660</start_address>
               <size>0x1954</size>
               <logical_group_ref idref="lg-4"/>
            </allocated_space>
            <available_space>
               <start_address>0x14fb4</start_address>
               <size>0x4</size>
            </available_space>
            <allocated_space>
               <start_address>0x14fb8</start_address>
               <size>0x70</size>
               <logical_group_ref idref="lg-6"/>
            </allocated_space>
            <available_space>
               <start_address>0x15028</start_address>
               <size>0xeafd8</size>
            </available_space>
         </usage_details>
      </memory_area>
      <memory_area display="yes" color="green">
         <name>SRAM</name>
         <page_id>0x0</page_id>
         <origin>0x20000000</origin>
         <length>0x40000</length>
         <used_space>0x7d8</used_space>
         <unused_space>0x3f828</unused_space>
         <attributes>RWX</attributes>
         <usage_details>
            <allocated_space>
               <start_address>0x20000000</start_address>
               <size>0x400</size>
               <logical_group_ref idref="lg-d"/>
            </allocated_space>
            <allocated_space>
               <start_address>0x20000400</start_address>
               <size>0x28c</size>
               <logical_group_ref idref="lg-b"/>
            </allocated_space>
            <available_space>
               <start_address>0x2000068c</start_address>
               <size>0x4</size>
            </available_space>
            <allocated_space>
               <start_address>0x20000690</start_address>
               <size>0x14c</size>
               <logical_group_ref idref="lg-a"/>
            </allocated_space>
            <available_space>
               <start_address>0x200007dc</start_address>
               <size>0x3f824</size>
            </available_space>
         </usage_details>
      </memory_area>
   </placement_map>
   <cptbl_list>
      <cptbl>
         <name>__TI_cinit_table</name>
         <cprec>
            <name>.data</name>
            <load_address>0x14fb8</load_address>
            <load_size>0x45</load_size>
            <run_address>0x20000690</run_address>
            <run_size>0x14c</run_size>
            <compression>rle</compression>
         </cprec>
         <cprec>
            <name>.bss</name>
            <load_address>0x15010</load_address>
            <load_size>0x8</load_size>
            <run_address>0x20000400</run_address>
            <run_size>0x28c</run_size>
            <compression>zero_init</compression>
         </cprec>
      </cptbl>
   </cptbl_list>
   <handler_table>
      <handler_table_name>__TI_handler_table</handler_table_name>
      <handler>
         <index>0x0</index>
         <name>__TI_decompress_rle24</name>
      </handler>
      <handler>
         <index>0x1</index>
         <name>__TI_decompress_none</name>
      </handler>
      <handler>
         <index>0x2</index>
         <name>__TI_zero_init</name>
      </handler>
   </handler_table>
   <symbol_table>
      <symbol id="sm-1">
         <name>__STACK_TOP</name>
         <value>0x20000200</value>
      </symbol>
      <symbol id="sm-2">
         <name>__TI_CINIT_Base</name>
         <value>0x15018</value>
      </symbol>
      <symbol id="sm-3">
         <name>__TI_CINIT_Limit</name>
         <value>0x15028</value>
      </symbol>
      <symbol id="sm-4">
         <name>__TI_Handler_Table_Base</name>
         <value>0x15000</value>
      </symbol>
      <symbol id="sm-5">
         <name>__TI_Handler_Table_Limit</name>
         <value>0x1500c</value>
      </symbol>
      <symbol id="sm-6">
         <name>binit</name>
         <value>0xffffffff</value>
      </symbol>
      <symbol id="sm-7">
         <name>__binit__</name>
         <value>0xffffffff</value>
      </symbol>
      <symbol id="sm-8">
         <name>__STACK_SIZE</name>
         <value>0x400</value>
      </symbol>
      <symbol id="sm-9">
         <name>__STACK_END</name>
         <value>0x20000400</value>
      </symbol>
      <symbol id="sm-a">
         <name>__c_args__</name>
         <value>0xffffffff</value>
      </symbol>
      <symbol id="sm-ab">
         <name>inputIndex</name>
         <value>0x20000688</value>
      </symbol>
      <symbol id="sm-ac">
         <name>adc_value</name>
         <value>0x20000680</value>
      </symbol>
      <symbol id="sm-ad">
         <name>g_ui32SysClock</name>
         <value>0x20000684</value>
      </symbol>
      <symbol id="sm-ae">
         <name>testIndex</name>
         <value>0x200007b8</value>
         <object_component_ref idref="oc-e0"/>
      </symbol>
      <symbol id="sm-af">
         <name>refIndex</name>
         <value>0x200007b4</value>
         <object_component_ref idref="oc-e0"/>
      </symbol>
      <symbol id="sm-b0">
         <name>runFFT</name>
         <value>0x14c29</value>
         <object_component_ref idref="oc-83"/>
      </symbol>
      <symbol id="sm-b1">
         <name>fftSize</name>
         <value>0x200007a8</value>
         <object_component_ref idref="oc-e0"/>
      </symbol>
      <symbol id="sm-b2">
         <name>main</name>
         <value>0x14d11</value>
         <object_component_ref idref="oc-a5"/>
      </symbol>
      <symbol id="sm-b3">
         <name>configureADC</name>
         <value>0x14481</value>
         <object_component_ref idref="oc-fa"/>
      </symbol>
      <symbol id="sm-b4">
         <name>ifftFlag</name>
         <value>0x200007ac</value>
         <object_component_ref idref="oc-e0"/>
      </symbol>
      <symbol id="sm-b5">
         <name>ADC0_SampleHandler</name>
         <value>0x1478d</value>
         <object_component_ref idref="oc-41"/>
      </symbol>
      <symbol id="sm-b6">
         <name>inputData</name>
         <value>0x20000400</value>
         <object_component_ref idref="oc-8c"/>
      </symbol>
      <symbol id="sm-b7">
         <name>doBitReverse</name>
         <value>0x200007b0</value>
         <object_component_ref idref="oc-e0"/>
      </symbol>
      <symbol id="sm-e8">
         <name>ResetISR</name>
         <value>0x14fa9</value>
         <object_component_ref idref="oc-29"/>
      </symbol>
      <symbol id="sm-e9">
         <name>g_pfnVectors</name>
         <value>0x0</value>
         <object_component_ref idref="oc-e"/>
      </symbol>
      <symbol id="sm-f9">
         <name>_c_int00</name>
         <value>0x14d59</value>
         <object_component_ref idref="oc-11"/>
      </symbol>
      <symbol id="sm-fa">
         <name>__stack</name>
         <value>0x20000000</value>
         <object_component_ref idref="oc-28"/>
      </symbol>
      <symbol id="sm-111">
         <name>__TI_decompress_none</name>
         <value>0x14f9b</value>
         <object_component_ref idref="oc-16"/>
      </symbol>
      <symbol id="sm-135">
         <name>__TI_decompress_rle24</name>
         <value>0x14faf</value>
         <object_component_ref idref="oc-22"/>
      </symbol>
      <symbol id="sm-149">
         <name>__TI_zero_init</name>
         <value>0x14f89</value>
         <object_component_ref idref="oc-1c"/>
      </symbol>
      <symbol id="sm-168">
         <name>C$$EXIT</name>
         <value>0x14de5</value>
         <object_component_ref idref="oc-55"/>
      </symbol>
      <symbol id="sm-169">
         <name>abort</name>
         <value>0x14de9</value>
         <object_component_ref idref="oc-55"/>
      </symbol>
      <symbol id="sm-16a">
         <name>exit</name>
         <value>0x14df1</value>
         <object_component_ref idref="oc-55"/>
      </symbol>
      <symbol id="sm-16b">
         <name>__TI_dtors_ptr</name>
         <value>0x200007c8</value>
         <object_component_ref idref="oc-b0"/>
      </symbol>
      <symbol id="sm-16c">
         <name>__TI_cleanup_ptr</name>
         <value>0x200007c4</value>
         <object_component_ref idref="oc-b0"/>
      </symbol>
      <symbol id="sm-187">
         <name>memcpy</name>
         <value>0x14a5f</value>
         <object_component_ref idref="oc-5f"/>
      </symbol>
      <symbol id="sm-188">
         <name>__aeabi_memcpy</name>
         <value>0x14a5f</value>
         <object_component_ref idref="oc-5f"/>
      </symbol>
      <symbol id="sm-189">
         <name>__aeabi_memcpy8</name>
         <value>0x14a5f</value>
         <object_component_ref idref="oc-5f"/>
      </symbol>
      <symbol id="sm-18a">
         <name>__aeabi_memcpy4</name>
         <value>0x14a5f</value>
         <object_component_ref idref="oc-5f"/>
      </symbol>
      <symbol id="sm-192">
         <name>main_func_sp</name>
         <value>0x200007d8</value>
         <object_component_ref idref="oc-5b"/>
      </symbol>
      <symbol id="sm-1ab">
         <name>_nop</name>
         <value>0x14f83</value>
         <object_component_ref idref="oc-10a"/>
      </symbol>
      <symbol id="sm-1ac">
         <name>_lock</name>
         <value>0x200007bc</value>
         <object_component_ref idref="oc-ad"/>
      </symbol>
      <symbol id="sm-1ad">
         <name>_unlock</name>
         <value>0x200007c0</value>
         <object_component_ref idref="oc-ad"/>
      </symbol>
      <symbol id="sm-1ae">
         <name>_register_lock</name>
         <value>0x14f7b</value>
         <object_component_ref idref="oc-10a"/>
      </symbol>
      <symbol id="sm-1af">
         <name>_register_unlock</name>
         <value>0x14f75</value>
         <object_component_ref idref="oc-10a"/>
      </symbol>
      <symbol id="sm-1c3">
         <name>_args_main</name>
         <value>0x14f5d</value>
         <object_component_ref idref="oc-4f"/>
      </symbol>
      <symbol id="sm-1e0">
         <name>__TI_auto_init</name>
         <value>0x14b95</value>
         <object_component_ref idref="oc-4a"/>
      </symbol>
      <symbol id="sm-1f9">
         <name>copy_in</name>
         <value>0x14da1</value>
         <object_component_ref idref="oc-9e"/>
      </symbol>
      <symbol id="sm-21a">
         <name>arm_rfft_fast_f32</name>
         <value>0x14e69</value>
         <object_component_ref idref="oc-ce"/>
      </symbol>
      <symbol id="sm-21b">
         <name>merge_rfft_f32</name>
         <value>0x14afb</value>
         <object_component_ref idref="oc-16e"/>
      </symbol>
      <symbol id="sm-21c">
         <name>stage_rfft_f32</name>
         <value>0x149bb</value>
         <object_component_ref idref="oc-168"/>
      </symbol>
      <symbol id="sm-24b">
         <name>arm_rfft_fast_init_f32</name>
         <value>0x145b9</value>
         <object_component_ref idref="oc-c8"/>
      </symbol>
      <symbol id="sm-25c">
         <name>arm_max_f32</name>
         <value>0x1490d</value>
         <object_component_ref idref="oc-da"/>
      </symbol>
      <symbol id="sm-274">
         <name>arm_cmplx_mag_f32</name>
         <value>0x14349</value>
         <object_component_ref idref="oc-d4"/>
      </symbol>
      <symbol id="sm-309">
         <name>twiddleCoef_rfft_64</name>
         <value>0x13368</value>
         <object_component_ref idref="oc-154"/>
      </symbol>
      <symbol id="sm-30a">
         <name>armBitRevIndexTable1024</name>
         <value>0xffc8</value>
         <object_component_ref idref="oc-121"/>
      </symbol>
      <symbol id="sm-30b">
         <name>armBitRevIndexTable2048</name>
         <value>0xc208</value>
         <object_component_ref idref="oc-118"/>
      </symbol>
      <symbol id="sm-30c">
         <name>twiddleCoef_2048</name>
         <value>0x208</value>
         <object_component_ref idref="oc-11b"/>
      </symbol>
      <symbol id="sm-30d">
         <name>twiddleCoef_rfft_32</name>
         <value>0x134e8</value>
         <object_component_ref idref="oc-15d"/>
      </symbol>
      <symbol id="sm-30e">
         <name>twiddleCoef_rfft_1024</name>
         <value>0xefc8</value>
         <object_component_ref idref="oc-130"/>
      </symbol>
      <symbol id="sm-30f">
         <name>twiddleCoef_256</name>
         <value>0x10dd8</value>
         <object_component_ref idref="oc-136"/>
      </symbol>
      <symbol id="sm-310">
         <name>twiddleCoef_32</name>
         <value>0x13268</value>
         <object_component_ref idref="oc-151"/>
      </symbol>
      <symbol id="sm-311">
         <name>twiddleCoef_16</name>
         <value>0x13468</value>
         <object_component_ref idref="oc-15a"/>
      </symbol>
      <symbol id="sm-312">
         <name>twiddleCoef_1024</name>
         <value>0x8208</value>
         <object_component_ref idref="oc-124"/>
      </symbol>
      <symbol id="sm-313">
         <name>twiddleCoef_128</name>
         <value>0x11dd8</value>
         <object_component_ref idref="oc-13f"/>
      </symbol>
      <symbol id="sm-314">
         <name>twiddleCoef_64</name>
         <value>0x12cc8</value>
         <object_component_ref idref="oc-148"/>
      </symbol>
      <symbol id="sm-315">
         <name>twiddleCoef_rfft_256</name>
         <value>0x121d8</value>
         <object_component_ref idref="oc-142"/>
      </symbol>
      <symbol id="sm-316">
         <name>armBitRevIndexTable128</name>
         <value>0x130c8</value>
         <object_component_ref idref="oc-13c"/>
      </symbol>
      <symbol id="sm-317">
         <name>twiddleCoef_512</name>
         <value>0xdfc8</value>
         <object_component_ref idref="oc-12d"/>
      </symbol>
      <symbol id="sm-318">
         <name>twiddleCoef_rfft_2048</name>
         <value>0xa208</value>
         <object_component_ref idref="oc-127"/>
      </symbol>
      <symbol id="sm-319">
         <name>armBitRevIndexTable512</name>
         <value>0x125d8</value>
         <object_component_ref idref="oc-12a"/>
      </symbol>
      <symbol id="sm-31a">
         <name>twiddleCoef_rfft_512</name>
         <value>0x115d8</value>
         <object_component_ref idref="oc-139"/>
      </symbol>
      <symbol id="sm-31b">
         <name>armBitRevIndexTable16</name>
         <value>0x13638</value>
         <object_component_ref idref="oc-157"/>
      </symbol>
      <symbol id="sm-31c">
         <name>armBitRevIndexTable32</name>
         <value>0x135d8</value>
         <object_component_ref idref="oc-14e"/>
      </symbol>
      <symbol id="sm-31d">
         <name>twiddleCoef_rfft_4096</name>
         <value>0x4208</value>
         <object_component_ref idref="oc-11e"/>
      </symbol>
      <symbol id="sm-31e">
         <name>armBitRevIndexTable64</name>
         <value>0x13568</value>
         <object_component_ref idref="oc-145"/>
      </symbol>
      <symbol id="sm-31f">
         <name>twiddleCoef_rfft_128</name>
         <value>0x12ec8</value>
         <object_component_ref idref="oc-14b"/>
      </symbol>
      <symbol id="sm-320">
         <name>armBitRevIndexTable256</name>
         <value>0x12958</value>
         <object_component_ref idref="oc-133"/>
      </symbol>
      <symbol id="sm-34b">
         <name>arm_cfft_radix8by4_f32</name>
         <value>0x13d65</value>
         <object_component_ref idref="oc-1ce"/>
      </symbol>
      <symbol id="sm-34c">
         <name>arm_cfft_f32</name>
         <value>0x146b5</value>
         <object_component_ref idref="oc-162"/>
      </symbol>
      <symbol id="sm-34d">
         <name>arm_cfft_radix8by2_f32</name>
         <value>0x141c1</value>
         <object_component_ref idref="oc-1d4"/>
      </symbol>
      <symbol id="sm-362">
         <name>arm_radix8_butterfly_f32</name>
         <value>0x13661</value>
         <object_component_ref idref="oc-1c8"/>
      </symbol>
      <symbol id="sm-36d">
         <name>arm_bitreversal_32</name>
         <value>0x1484d</value>
         <object_component_ref idref="oc-1da"/>
      </symbol>
      <symbol id="sm-36e">
         <name>arm_bitreversal_16</name>
         <value>0x148b7</value>
         <object_component_ref idref="oc-1da"/>
      </symbol>
      <symbol id="sm-37e">
         <name>sqrtf</name>
         <value>0x14f39</value>
         <object_component_ref idref="oc-176"/>
      </symbol>
      <symbol id="sm-38d">
         <name>_Feraise</name>
         <value>0x14ed9</value>
         <object_component_ref idref="oc-1e5"/>
      </symbol>
      <symbol id="sm-39c">
         <name>_FZero</name>
         <value>0x200007a4</value>
         <object_component_ref idref="oc-1eb"/>
      </symbol>
      <symbol id="sm-39d">
         <name>_FRteps</name>
         <value>0x20000790</value>
         <object_component_ref idref="oc-1eb"/>
      </symbol>
      <symbol id="sm-39e">
         <name>_FSnan</name>
         <value>0x20000780</value>
         <object_component_ref idref="oc-1eb"/>
      </symbol>
      <symbol id="sm-39f">
         <name>_FNan</name>
         <value>0x20000770</value>
         <object_component_ref idref="oc-1eb"/>
      </symbol>
      <symbol id="sm-3a0">
         <name>_FInf</name>
         <value>0x20000760</value>
         <object_component_ref idref="oc-1eb"/>
      </symbol>
      <symbol id="sm-3a1">
         <name>_FEps</name>
         <value>0x20000750</value>
         <object_component_ref idref="oc-1eb"/>
      </symbol>
      <symbol id="sm-3a2">
         <name>_FXbig</name>
         <value>0x200007a0</value>
         <object_component_ref idref="oc-1eb"/>
      </symbol>
      <symbol id="sm-3a3">
         <name>_FDenorm</name>
         <value>0x20000740</value>
         <object_component_ref idref="oc-1eb"/>
      </symbol>
      <symbol id="sm-3ab">
         <name>_Errno</name>
         <value>0x200007d4</value>
         <object_component_ref idref="oc-205"/>
      </symbol>
      <symbol id="sm-3c9">
         <name>feraiseexcept</name>
         <value>0x14ea5</value>
         <object_component_ref idref="oc-1ff"/>
      </symbol>
      <symbol id="sm-3ca">
         <name>_Tls_setup__Fenv</name>
         <value>0x200007d0</value>
         <object_component_ref idref="oc-21a"/>
      </symbol>
      <symbol id="sm-3cb">
         <name>_Fenv</name>
         <value>0x200007cc</value>
         <object_component_ref idref="oc-21a"/>
      </symbol>
      <symbol id="sm-3df">
         <name>raise</name>
         <value>0x14f09</value>
         <object_component_ref idref="oc-214"/>
      </symbol>
      <symbol id="sm-3f9">
         <name>signal</name>
         <value>0x14e29</value>
         <object_component_ref idref="oc-220"/>
      </symbol>
      <symbol id="sm-3fa">
         <name>__TI_static_base__</name>
         <value>0x0</value>
      </symbol>
      <symbol id="sm-3fb">
         <name>__TI_args_main</name>
         <value>0x1</value>
      </symbol>
      <symbol id="sm-3fc">
         <name>SHT$$INIT_ARRAY$$Limit</name>
         <value>0x0</value>
      </symbol>
      <symbol id="sm-3fd">
         <name>SHT$$INIT_ARRAY$$Base</name>
         <value>0x0</value>
      </symbol>
   </symbol_table>
   <title>Link successful</title>
</link_info>
